Archive member included to satisfy reference by file (symbol)

c:/ac6/systemworkbench/plugins/fr.ac6.mcu.externaltools.arm-none.win32_1.17.0.201812190825/tools/compiler/bin/../lib/gcc/arm-none-eabi/7.3.1/../../../../arm-none-eabi/lib/thumb/v7e-m/fpv4-sp/hard\libstdc++.a(new_op.o)
                              src/CMeasureDistance.o (operator new(unsigned int))
c:/ac6/systemworkbench/plugins/fr.ac6.mcu.externaltools.arm-none.win32_1.17.0.201812190825/tools/compiler/bin/../lib/gcc/arm-none-eabi/7.3.1/../../../../arm-none-eabi/lib/thumb/v7e-m/fpv4-sp/hard\libstdc++.a(eh_alloc.o)
                              c:/ac6/systemworkbench/plugins/fr.ac6.mcu.externaltools.arm-none.win32_1.17.0.201812190825/tools/compiler/bin/../lib/gcc/arm-none-eabi/7.3.1/../../../../arm-none-eabi/lib/thumb/v7e-m/fpv4-sp/hard\libstdc++.a(new_op.o) (__cxa_allocate_exception)
c:/ac6/systemworkbench/plugins/fr.ac6.mcu.externaltools.arm-none.win32_1.17.0.201812190825/tools/compiler/bin/../lib/gcc/arm-none-eabi/7.3.1/../../../../arm-none-eabi/lib/thumb/v7e-m/fpv4-sp/hard\libstdc++.a(bad_alloc.o)
                              c:/ac6/systemworkbench/plugins/fr.ac6.mcu.externaltools.arm-none.win32_1.17.0.201812190825/tools/compiler/bin/../lib/gcc/arm-none-eabi/7.3.1/../../../../arm-none-eabi/lib/thumb/v7e-m/fpv4-sp/hard\libstdc++.a(new_op.o) (std::bad_alloc::~bad_alloc())
c:/ac6/systemworkbench/plugins/fr.ac6.mcu.externaltools.arm-none.win32_1.17.0.201812190825/tools/compiler/bin/../lib/gcc/arm-none-eabi/7.3.1/../../../../arm-none-eabi/lib/thumb/v7e-m/fpv4-sp/hard\libstdc++.a(new_handler.o)
                              c:/ac6/systemworkbench/plugins/fr.ac6.mcu.externaltools.arm-none.win32_1.17.0.201812190825/tools/compiler/bin/../lib/gcc/arm-none-eabi/7.3.1/../../../../arm-none-eabi/lib/thumb/v7e-m/fpv4-sp/hard\libstdc++.a(new_op.o) (std::get_new_handler())
c:/ac6/systemworkbench/plugins/fr.ac6.mcu.externaltools.arm-none.win32_1.17.0.201812190825/tools/compiler/bin/../lib/gcc/arm-none-eabi/7.3.1/../../../../arm-none-eabi/lib/thumb/v7e-m/fpv4-sp/hard\libstdc++.a(eh_terminate.o)
                              c:/ac6/systemworkbench/plugins/fr.ac6.mcu.externaltools.arm-none.win32_1.17.0.201812190825/tools/compiler/bin/../lib/gcc/arm-none-eabi/7.3.1/../../../../arm-none-eabi/lib/thumb/v7e-m/fpv4-sp/hard\libstdc++.a(eh_alloc.o) (std::terminate())
c:/ac6/systemworkbench/plugins/fr.ac6.mcu.externaltools.arm-none.win32_1.17.0.201812190825/tools/compiler/bin/../lib/gcc/arm-none-eabi/7.3.1/../../../../arm-none-eabi/lib/thumb/v7e-m/fpv4-sp/hard\libstdc++.a(eh_arm.o)
                              c:/ac6/systemworkbench/plugins/fr.ac6.mcu.externaltools.arm-none.win32_1.17.0.201812190825/tools/compiler/bin/../lib/gcc/arm-none-eabi/7.3.1/../../../../arm-none-eabi/lib/thumb/v7e-m/fpv4-sp/hard\libstdc++.a(eh_terminate.o) (__cxa_end_cleanup)
c:/ac6/systemworkbench/plugins/fr.ac6.mcu.externaltools.arm-none.win32_1.17.0.201812190825/tools/compiler/bin/../lib/gcc/arm-none-eabi/7.3.1/../../../../arm-none-eabi/lib/thumb/v7e-m/fpv4-sp/hard\libstdc++.a(del_ops.o)
                              src/CMeasureDistance.o (operator delete(void*, unsigned int))
c:/ac6/systemworkbench/plugins/fr.ac6.mcu.externaltools.arm-none.win32_1.17.0.201812190825/tools/compiler/bin/../lib/gcc/arm-none-eabi/7.3.1/../../../../arm-none-eabi/lib/thumb/v7e-m/fpv4-sp/hard\libstdc++.a(eh_throw.o)
                              c:/ac6/systemworkbench/plugins/fr.ac6.mcu.externaltools.arm-none.win32_1.17.0.201812190825/tools/compiler/bin/../lib/gcc/arm-none-eabi/7.3.1/../../../../arm-none-eabi/lib/thumb/v7e-m/fpv4-sp/hard\libstdc++.a(new_op.o) (__cxa_throw)
c:/ac6/systemworkbench/plugins/fr.ac6.mcu.externaltools.arm-none.win32_1.17.0.201812190825/tools/compiler/bin/../lib/gcc/arm-none-eabi/7.3.1/../../../../arm-none-eabi/lib/thumb/v7e-m/fpv4-sp/hard\libstdc++.a(si_class_type_info.o)
                              c:/ac6/systemworkbench/plugins/fr.ac6.mcu.externaltools.arm-none.win32_1.17.0.201812190825/tools/compiler/bin/../lib/gcc/arm-none-eabi/7.3.1/../../../../arm-none-eabi/lib/thumb/v7e-m/fpv4-sp/hard\libstdc++.a(bad_alloc.o) (vtable for __cxxabiv1::__si_class_type_info)
c:/ac6/systemworkbench/plugins/fr.ac6.mcu.externaltools.arm-none.win32_1.17.0.201812190825/tools/compiler/bin/../lib/gcc/arm-none-eabi/7.3.1/../../../../arm-none-eabi/lib/thumb/v7e-m/fpv4-sp/hard\libstdc++.a(tinfo.o)
                              c:/ac6/systemworkbench/plugins/fr.ac6.mcu.externaltools.arm-none.win32_1.17.0.201812190825/tools/compiler/bin/../lib/gcc/arm-none-eabi/7.3.1/../../../../arm-none-eabi/lib/thumb/v7e-m/fpv4-sp/hard\libstdc++.a(si_class_type_info.o) (std::type_info::__is_pointer_p() const)
c:/ac6/systemworkbench/plugins/fr.ac6.mcu.externaltools.arm-none.win32_1.17.0.201812190825/tools/compiler/bin/../lib/gcc/arm-none-eabi/7.3.1/../../../../arm-none-eabi/lib/thumb/v7e-m/fpv4-sp/hard\libstdc++.a(class_type_info.o)
[...]
Memory Configuration

Name             Origin             Length             Attributes
FLASH            0x08000000         0x00080000         xr
RAM              0x20000000         0x00020000         xrw
*default*        0x00000000         0xffffffff

Linker script and memory map

LOAD c:/ac6/systemworkbench/plugins/fr.ac6.mcu.externaltools.arm-none.win32_1.17.0.201812190825/tools/compiler/bin/../lib/gcc/arm-none-eabi/7.3.1/thumb/v7e-m/fpv4-sp/hard/crti.o
LOAD c:/ac6/systemworkbench/plugins/fr.ac6.mcu.externaltools.arm-none.win32_1.17.0.201812190825/tools/compiler/bin/../lib/gcc/arm-none-eabi/7.3.1/thumb/v7e-m/fpv4-sp/hard/crtbegin.o
LOAD c:/ac6/systemworkbench/plugins/fr.ac6.mcu.externaltools.arm-none.win32_1.17.0.201812190825/tools/compiler/bin/../lib/gcc/arm-none-eabi/7.3.1/../../../../arm-none-eabi/lib/thumb/v7e-m/fpv4-sp/hard/crt0.o
LOAD StdPeriph_Driver/src/misc.o
LOAD StdPeriph_Driver/src/stm32f4xx_adc.o
LOAD StdPeriph_Driver/src/stm32f4xx_can.o
LOAD StdPeriph_Driver/src/stm32f4xx_crc.o
LOAD StdPeriph_Driver/src/stm32f4xx_cryp.o
LOAD StdPeriph_Driver/src/stm32f4xx_cryp_aes.o
LOAD StdPeriph_Driver/src/stm32f4xx_cryp_des.o
LOAD StdPeriph_Driver/src/stm32f4xx_cryp_tdes.o
LOAD StdPeriph_Driver/src/stm32f4xx_dac.o
LOAD StdPeriph_Driver/src/stm32f4xx_dbgmcu.o
LOAD StdPeriph_Driver/src/stm32f4xx_dcmi.o
LOAD StdPeriph_Driver/src/stm32f4xx_dfsdm.o
LOAD StdPeriph_Driver/src/stm32f4xx_dma.o
LOAD StdPeriph_Driver/src/stm32f4xx_dma2d.o
LOAD StdPeriph_Driver/src/stm32f4xx_dsi.o
LOAD StdPeriph_Driver/src/stm32f4xx_exti.o
LOAD StdPeriph_Driver/src/stm32f4xx_flash.o
LOAD StdPeriph_Driver/src/stm32f4xx_flash_ramfunc.o
LOAD StdPeriph_Driver/src/stm32f4xx_gpio.o
LOAD StdPeriph_Driver/src/stm32f4xx_hash.o
LOAD StdPeriph_Driver/src/stm32f4xx_hash_md5.o
LOAD StdPeriph_Driver/src/stm32f4xx_hash_sha1.o
LOAD StdPeriph_Driver/src/stm32f4xx_i2c.o
LOAD StdPeriph_Driver/src/stm32f4xx_iwdg.o
LOAD StdPeriph_Driver/src/stm32f4xx_lptim.o
LOAD StdPeriph_Driver/src/stm32f4xx_ltdc.o
LOAD StdPeriph_Driver/src/stm32f4xx_pwr.o
LOAD StdPeriph_Driver/src/stm32f4xx_rcc.o
LOAD StdPeriph_Driver/src/stm32f4xx_rng.o
LOAD StdPeriph_Driver/src/stm32f4xx_rtc.o
LOAD StdPeriph_Driver/src/stm32f4xx_sai.o
LOAD StdPeriph_Driver/src/stm32f4xx_sdio.o
LOAD StdPeriph_Driver/src/stm32f4xx_spi.o
LOAD StdPeriph_Driver/src/stm32f4xx_syscfg.o
LOAD StdPeriph_Driver/src/stm32f4xx_tim.o
LOAD StdPeriph_Driver/src/stm32f4xx_usart.o
LOAD StdPeriph_Driver/src/stm32f4xx_wwdg.o
LOAD ThirdParty/FreeRTOS/org/Source/croutine.o
LOAD ThirdParty/FreeRTOS/org/Source/event_groups.o
LOAD ThirdParty/FreeRTOS/org/Source/list.o
LOAD ThirdParty/FreeRTOS/org/Source/queue.o
LOAD ThirdParty/FreeRTOS/org/Source/stream_buffer.o
LOAD ThirdParty/FreeRTOS/org/Source/tasks.o
LOAD ThirdParty/FreeRTOS/org/Source/timers.o
LOAD ThirdParty/FreeRTOS/org/Source/portable/GCC/ARM_CM4F/port.o
LOAD ThirdParty/FreeRTOS/org/Source/portable/MemMang/heap_4.o
LOAD ThirdParty/Segger/Config/SEGGER_SYSVIEW_Config_FreeRTOS.o
LOAD ThirdParty/Segger/OS/SEGGER_SYSVIEW_FreeRTOS.o
LOAD ThirdParty/Segger/Segger/SEGGER_RTT.o
LOAD ThirdParty/Segger/Segger/SEGGER_RTT_ASM_ARMv7M.o
LOAD ThirdParty/Segger/Segger/SEGGER_RTT_printf.o
LOAD ThirdParty/Segger/Segger/SEGGER_SYSVIEW.o
LOAD src/AppCommands.o
LOAD src/CMeasureDistance.o
LOAD src/CMotorControl.o
LOAD src/ErrorsDB.o
LOAD src/HostTask.o
LOAD src/Interrupt_Handlers.o
LOAD src/UartAPI.o
LOAD src/asic.o
LOAD src/haL_uart.o
LOAD src/hal_clock.o
LOAD src/hal_flash.o
LOAD src/hal_gpio.o
LOAD src/hal_interrupt.o
LOAD src/hal_timer.o
LOAD src/main.o
LOAD src/syscalls.o
LOAD src/system_stm32f4xx.o
LOAD startup/startup_stm32f411xe.o
LOAD c:/ac6/systemworkbench/plugins/fr.ac6.mcu.externaltools.arm-none.win32_1.17.0.201812190825/tools/compiler/bin/../lib/gcc/arm-none-eabi/7.3.1/../../../../arm-none-eabi/lib/thumb/v7e-m/fpv4-sp/hard\libstdc++.a
LOAD c:/ac6/systemworkbench/plugins/fr.ac6.mcu.externaltools.arm-none.win32_1.17.0.201812190825/tools/compiler/bin/../lib/gcc/arm-none-eabi/7.3.1/../../../../arm-none-eabi/lib/thumb/v7e-m/fpv4-sp/hard\libm.a
START GROUP
LOAD c:/ac6/systemworkbench/plugins/fr.ac6.mcu.externaltools.arm-none.win32_1.17.0.201812190825/tools/compiler/bin/../lib/gcc/arm-none-eabi/7.3.1/thumb/v7e-m/fpv4-sp/hard\libgcc.a
LOAD c:/ac6/systemworkbench/plugins/fr.ac6.mcu.externaltools.arm-none.win32_1.17.0.201812190825/tools/compiler/bin/../lib/gcc/arm-none-eabi/7.3.1/../../../../arm-none-eabi/lib/thumb/v7e-m/fpv4-sp/hard\libc.a
END GROUP
LOAD c:/ac6/systemworkbench/plugins/fr.ac6.mcu.externaltools.arm-none.win32_1.17.0.201812190825/tools/compiler/bin/../lib/gcc/arm-none-eabi/7.3.1/thumb/v7e-m/fpv4-sp/hard/crtend.o
LOAD c:/ac6/systemworkbench/plugins/fr.ac6.mcu.externaltools.arm-none.win32_1.17.0.201812190825/tools/compiler/bin/../lib/gcc/arm-none-eabi/7.3.1/thumb/v7e-m/fpv4-sp/hard/crtn.o
                0x20020000                _estack = 0x20020000
                0x00000200                _Min_Heap_Size = 0x200
                0x00000400                _Min_Stack_Size = 0x400

.isr_vector     0x08000000      0x198
                0x08000000                . = ALIGN (0x4)
 *(.isr_vector)
 .isr_vector    0x08000000      0x198 startup/startup_stm32f411xe.o
                0x08000000                g_pfnVectors
                0x08000198                . = ALIGN (0x4)

.text           0x080001c0    0x14d34
                0x080001c0                . = ALIGN (0x4)
 *(.text)
 .text          0x080001c0       0x40 c:/ac6/systemworkbench/plugins/fr.ac6.mcu.externaltools.arm-none.win32_1.17.0.201812190825/tools/compiler/bin/../lib/gcc/arm-none-eabi/7.3.1/thumb/v7e-m/fpv4-sp/hard/crtbegin.o
 .text          0x08000200       0x8c ThirdParty/Segger/Segger/SEGGER_RTT_ASM_ARMv7M.o
                0x08000200                SEGGER_RTT_ASM_WriteSkipNoLock
 .text          0x0800028c     0x6adc c:/ac6/systemworkbench/plugins/fr.ac6.mcu.externaltools.arm-none.win32_1.17.0.201812190825/tools/compiler/bin/../lib/gcc/arm-none-eabi/7.3.1/../../../../arm-none-eabi/lib/thumb/v7e-m/fpv4-sp/hard\libstdc++.a(cp-demangle.o)
                0x08006c7c                __cxa_demangle
                0x08006d44                __gcclibcxx_demangle_callback
 .text          0x08006d68      0x9ec c:/ac6/systemworkbench/plugins/fr.ac6.mcu.externaltools.arm-none.win32_1.17.0.201812190825/tools/compiler/bin/../lib/gcc/arm-none-eabi/7.3.1/thumb/v7e-m/fpv4-sp/hard\libgcc.a(unwind-arm.o)
                0x0800701c                _Unwind_GetCFA
                0x08007020                __gnu_Unwind_RaiseException
                0x08007080                __gnu_Unwind_ForcedUnwind
                0x08007094                __gnu_Unwind_Resume
                0x080070d8                __gnu_Unwind_Resume_or_Rethrow
                0x080070e8                _Unwind_Complete
                0x080070ec                _Unwind_DeleteException
                0x080070f8                _Unwind_VRS_Get
                0x0800713c                _Unwind_VRS_Set
                0x08007184                __gnu_Unwind_Backtrace
                0x080074c8                __aeabi_unwind_cpp_pr0
                0x080074cc                __aeabi_unwind_cpp_pr1
                0x080074d0                __aeabi_unwind_cpp_pr2
                0x080074d4                _Unwind_VRS_Pop
 .text          0x08007754      0x1ac c:/ac6/systemworkbench/plugins/fr.ac6.mcu.externaltools.arm-none.win32_1.17.0.201812190825/tools/compiler/bin/../lib/gcc/arm-none-eabi/7.3.1/thumb/v7e-m/fpv4-sp/hard\libgcc.a(libunwind.o)
                0x08007754                __restore_core_regs
                0x08007754                restore_core_regs
                0x0800776c                __gnu_Unwind_Restore_VFP
                0x08007774                __gnu_Unwind_Save_VFP
                0x0800777c                __gnu_Unwind_Restore_VFP_D
                0x08007784                __gnu_Unwind_Save_VFP_D
                0x0800778c                __gnu_Unwind_Restore_VFP_D_16_to_31
                0x08007794                __gnu_Unwind_Save_VFP_D_16_to_31
                0x0800779c                __gnu_Unwind_Restore_WMMXD
                0x080077e0                __gnu_Unwind_Save_WMMXD
                0x08007824                __gnu_Unwind_Restore_WMMXC
                0x08007838                __gnu_Unwind_Save_WMMXC
                0x0800784c                ___Unwind_RaiseException
                0x0800784c                _Unwind_RaiseException
                0x08007870                _Unwind_Resume
                0x08007870                ___Unwind_Resume
                0x08007894                _Unwind_Resume_or_Rethrow
                0x08007894                ___Unwind_Resume_or_Rethrow
                0x080078b8                _Unwind_ForcedUnwind
                0x080078b8                ___Unwind_ForcedUnwind
                0x080078dc                ___Unwind_Backtrace
                0x080078dc                _Unwind_Backtrace
 .text          0x08007900      0x374 c:/ac6/systemworkbench/plugins/fr.ac6.mcu.externaltools.arm-none.win32_1.17.0.201812190825/tools/compiler/bin/../lib/gcc/arm-none-eabi/7.3.1/thumb/v7e-m/fpv4-sp/hard\libgcc.a(pr-support.o)
                0x08007958                __gnu_unwind_execute
                0x08007c1c                __gnu_unwind_frame
                0x08007c44                _Unwind_GetRegionStart
                0x08007c50                _Unwind_GetLanguageSpecificData
                0x08007c64                _Unwind_GetDataRelBase
                0x08007c6c                _Unwind_GetTextRelBase
 *fill*         0x08007c74        0xc 
 .text          0x08007c80       0xa0 c:/ac6/systemworkbench/plugins/fr.ac6.mcu.externaltools.arm-none.win32_1.17.0.201812190825/tools/compiler/bin/../lib/gcc/arm-none-eabi/7.3.1/../../../../arm-none-eabi/lib/thumb/v7e-m/fpv4-sp/hard\libc.a(lib_a-memchr.o)
                0x08007c80                memchr
 .text          0x08007d20      0x134 c:/ac6/systemworkbench/plugins/fr.ac6.mcu.externaltools.arm-none.win32_1.17.0.201812190825/tools/compiler/bin/../lib/gcc/arm-none-eabi/7.3.1/../../../../arm-none-eabi/lib/thumb/v7e-m/fpv4-sp/hard\libc.a(lib_a-memcpy.o)
                0x08007d20                memcpy
 *fill*         0x08007e54        0xc 
 .text          0x08007e60      0x2dc c:/ac6/systemworkbench/plugins/fr.ac6.mcu.externaltools.arm-none.win32_1.17.0.201812190825/tools/compiler/bin/../lib/gcc/arm-none-eabi/7.3.1/../../../../arm-none-eabi/lib/thumb/v7e-m/fpv4-sp/hard\libc.a(lib_a-strcmp.o)
                0x08007e68                strcmp
 *fill*         0x0800813c        0x4 
 .text          0x08008140       0xdc c:/ac6/systemworkbench/plugins/fr.ac6.mcu.externaltools.arm-none.win32_1.17.0.201812190825/tools/compiler/bin/../lib/gcc/arm-none-eabi/7.3.1/../../../../arm-none-eabi/lib/thumb/v7e-m/fpv4-sp/hard\libc.a(lib_a-strlen.o)
                0x08008140                strlen
 .text          0x0800821c      0x378 c:/ac6/systemworkbench/plugins/fr.ac6.mcu.externaltools.arm-none.win32_1.17.0.201812190825/tools/compiler/bin/../lib/gcc/arm-none-eabi/7.3.1/thumb/v7e-m/fpv4-sp/hard\libgcc.a(_arm_addsubdf3.o)
                0x0800821c                __aeabi_drsub
                0x08008224                __aeabi_dsub
                0x08008224                __subdf3
                0x08008228                __aeabi_dadd
                0x08008228                __adddf3
                0x080084a0                __floatunsidf
                0x080084a0                __aeabi_ui2d
                0x080084c0                __floatsidf
                0x080084c0                __aeabi_i2d
                0x080084e4                __aeabi_f2d
                0x080084e4                __extendsfdf2
                0x08008528                __floatundidf
                0x08008528                __aeabi_ul2d
                0x08008538                __floatdidf
                0x08008538                __aeabi_l2d
 .text          0x08008594      0x424 c:/ac6/systemworkbench/plugins/fr.ac6.mcu.externaltools.arm-none.win32_1.17.0.201812190825/tools/compiler/bin/../lib/gcc/arm-none-eabi/7.3.1/thumb/v7e-m/fpv4-sp/hard\libgcc.a(_arm_muldivdf3.o)
                0x08008594                __aeabi_dmul
                0x08008594                __muldf3
                0x080087e8                __divdf3
                0x080087e8                __aeabi_ddiv
 .text          0x080089b8      0x110 c:/ac6/systemworkbench/plugins/fr.ac6.mcu.externaltools.arm-none.win32_1.17.0.201812190825/tools/compiler/bin/../lib/gcc/arm-none-eabi/7.3.1/thumb/v7e-m/fpv4-sp/hard\libgcc.a(_arm_cmpdf2.o)
                0x080089b8                __gtdf2
                0x080089b8                __gedf2
                0x080089c0                __ltdf2
                0x080089c0                __ledf2
                0x080089c8                __nedf2
                0x080089c8                __eqdf2
                0x080089c8                __cmpdf2
                0x08008a44                __aeabi_cdrcmple
                0x08008a54                __aeabi_cdcmpeq
                0x08008a54                __aeabi_cdcmple
                0x08008a64                __aeabi_dcmpeq
                0x08008a78                __aeabi_dcmplt
                0x08008a8c                __aeabi_dcmple
                0x08008aa0                __aeabi_dcmpge
                0x08008ab4                __aeabi_dcmpgt
 .text          0x08008ac8       0x2c c:/ac6/systemworkbench/plugins/fr.ac6.mcu.externaltools.arm-none.win32_1.17.0.201812190825/tools/compiler/bin/../lib/gcc/arm-none-eabi/7.3.1/thumb/v7e-m/fpv4-sp/hard\libgcc.a(_arm_unorddf2.o)
                0x08008ac8                __unorddf2
                0x08008ac8                __aeabi_dcmpun
 .text          0x08008af4       0x50 c:/ac6/systemworkbench/plugins/fr.ac6.mcu.externaltools.arm-none.win32_1.17.0.201812190825/tools/compiler/bin/../lib/gcc/arm-none-eabi/7.3.1/thumb/v7e-m/fpv4-sp/hard\libgcc.a(_arm_fixdfsi.o)
                0x08008af4                __aeabi_d2iz
                0x08008af4                __fixdfsi
 .text          0x08008b44       0x30 c:/ac6/systemworkbench/plugins/fr.ac6.mcu.externaltools.arm-none.win32_1.17.0.201812190825/tools/compiler/bin/../lib/gcc/arm-none-eabi/7.3.1/thumb/v7e-m/fpv4-sp/hard\libgcc.a(_aeabi_uldivmod.o)
                0x08008b44                __aeabi_uldivmod
 .text          0x08008b74      0x2cc c:/ac6/systemworkbench/plugins/fr.ac6.mcu.externaltools.arm-none.win32_1.17.0.201812190825/tools/compiler/bin/../lib/gcc/arm-none-eabi/7.3.1/thumb/v7e-m/fpv4-sp/hard\libgcc.a(_udivmoddi4.o)
                0x08008b74                __udivmoddi4
 .text          0x08008e40        0x4 c:/ac6/systemworkbench/plugins/fr.ac6.mcu.externaltools.arm-none.win32_1.17.0.201812190825/tools/compiler/bin/../lib/gcc/arm-none-eabi/7.3.1/thumb/v7e-m/fpv4-sp/hard\libgcc.a(_dvmd_tls.o)
                0x08008e40                __aeabi_idiv0
                0x08008e40                __aeabi_ldiv0
 *(.text*)
 .text.EXTI_Init
                0x08008e44       0xe4 StdPeriph_Driver/src/stm32f4xx_exti.o
                0x08008e44                EXTI_Init
 .text.EXTI_ClearITPendingBit
                0x08008f28       0x20 StdPeriph_Driver/src/stm32f4xx_exti.o
                0x08008f28                EXTI_ClearITPendingBit
 .text.GPIO_Init
                0x08008f48      0x11c StdPeriph_Driver/src/stm32f4xx_gpio.o
                0x08008f48                GPIO_Init
 .text.GPIO_ReadInputDataBit
                0x08009064       0x34 StdPeriph_Driver/src/stm32f4xx_gpio.o
                0x08009064                GPIO_ReadInputDataBit
 .text.GPIO_WriteBit
                0x08009098       0x30 StdPeriph_Driver/src/stm32f4xx_gpio.o
                0x08009098                GPIO_WriteBit
 .text.GPIO_PinAFConfig
                0x080090c8       0x92 StdPeriph_Driver/src/stm32f4xx_gpio.o
                0x080090c8                GPIO_PinAFConfig
 *fill*         0x0800915a        0x2 
 .text.RCC_GetClocksFreq
                0x0800915c      0x150 StdPeriph_Driver/src/stm32f4xx_rcc.o
                0x0800915c                RCC_GetClocksFreq
 .text.RCC_AHB1PeriphClockCmd
                0x080092ac       0x40 StdPeriph_Driver/src/stm32f4xx_rcc.o
                0x080092ac                RCC_AHB1PeriphClockCmd
 .text.RCC_APB1PeriphClockCmd
                0x080092ec       0x40 StdPeriph_Driver/src/stm32f4xx_rcc.o
                0x080092ec                RCC_APB1PeriphClockCmd
 .text.RCC_APB2PeriphClockCmd
                0x0800932c       0x40 StdPeriph_Driver/src/stm32f4xx_rcc.o
                0x0800932c                RCC_APB2PeriphClockCmd
 .text.SYSCFG_EXTILineConfig
                0x0800936c       0x84 StdPeriph_Driver/src/stm32f4xx_syscfg.o
                0x0800936c                SYSCFG_EXTILineConfig
 .text.USART_Init
                0x080093f0      0x174 StdPeriph_Driver/src/stm32f4xx_usart.o
                0x080093f0                USART_Init
 .text.USART_Cmd
                0x08009564       0x40 StdPeriph_Driver/src/stm32f4xx_usart.o
                0x08009564                USART_Cmd
 .text.USART_SendData
                0x080095a4       0x24 StdPeriph_Driver/src/stm32f4xx_usart.o
                0x080095a4                USART_SendData
 .text.USART_ReceiveData
                0x080095c8       0x20 StdPeriph_Driver/src/stm32f4xx_usart.o
                0x080095c8                USART_ReceiveData
 .text.USART_ITConfig
                0x080095e8       0x90 StdPeriph_Driver/src/stm32f4xx_usart.o
                0x080095e8                USART_ITConfig
 .text.USART_GetFlagStatus
                0x08009678       0x38 StdPeriph_Driver/src/stm32f4xx_usart.o
                0x08009678                USART_GetFlagStatus
 .text.USART_ClearFlag
                0x080096b0       0x22 StdPeriph_Driver/src/stm32f4xx_usart.o
                0x080096b0                USART_ClearFlag
 .text.USART_GetITStatus
                0x080096d2       0xb6 StdPeriph_Driver/src/stm32f4xx_usart.o
                0x080096d2                USART_GetITStatus
 .text.xEventGroupCreate
                0x08009788       0x2e ThirdParty/FreeRTOS/org/Source/event_groups.o
                0x08009788                xEventGroupCreate
 *fill*         0x080097b6        0x2 
 .text.xEventGroupWaitBits
                0x080097b8      0x194 ThirdParty/FreeRTOS/org/Source/event_groups.o
                0x080097b8                xEventGroupWaitBits
 .text.xEventGroupClearBits
                0x0800994c       0x6c ThirdParty/FreeRTOS/org/Source/event_groups.o
                0x0800994c                xEventGroupClearBits
 .text.xEventGroupSetBits
                0x080099b8      0x112 ThirdParty/FreeRTOS/org/Source/event_groups.o
                0x080099b8                xEventGroupSetBits
 .text.vEventGroupSetBitsCallback
                0x08009aca       0x1a ThirdParty/FreeRTOS/org/Source/event_groups.o
                0x08009aca                vEventGroupSetBitsCallback
 .text.prvTestWaitCondition
                0x08009ae4       0x44 ThirdParty/FreeRTOS/org/Source/event_groups.o
 .text.vListInitialise
                0x08009b28       0x40 ThirdParty/FreeRTOS/org/Source/list.o
                0x08009b28                vListInitialise
 .text.vListInitialiseItem
                0x08009b68       0x1a ThirdParty/FreeRTOS/org/Source/list.o
                0x08009b68                vListInitialiseItem
 .text.vListInsertEnd
                0x08009b82       0x48 ThirdParty/FreeRTOS/org/Source/list.o
                0x08009b82                vListInsertEnd
 .text.vListInsert
                0x08009bca       0x72 ThirdParty/FreeRTOS/org/Source/list.o
                0x08009bca                vListInsert
 .text.uxListRemove
                0x08009c3c       0x54 ThirdParty/FreeRTOS/org/Source/list.o
                0x08009c3c                uxListRemove
 .text.xQueueGenericReset
                0x08009c90       0xd0 ThirdParty/FreeRTOS/org/Source/queue.o
                0x08009c90                xQueueGenericReset
 .text.xQueueGenericCreate
                0x08009d60       0x6a ThirdParty/FreeRTOS/org/Source/queue.o
                0x08009d60                xQueueGenericCreate
 .text.prvInitialiseNewQueue
                0x08009dca       0x4a ThirdParty/FreeRTOS/org/Source/queue.o
 .text.xQueueGenericSend
                0x08009e14      0x244 ThirdParty/FreeRTOS/org/Source/queue.o
                0x08009e14                xQueueGenericSend
 .text.xQueueGenericSendFromISR
                0x0800a058      0x156 ThirdParty/FreeRTOS/org/Source/queue.o
                0x0800a058                xQueueGenericSendFromISR
 *fill*         0x0800a1ae        0x2 
 .text.xQueueReceive
                0x0800a1b0      0x228 ThirdParty/FreeRTOS/org/Source/queue.o
                0x0800a1b0                xQueueReceive
 .text.prvCopyDataToQueue
                0x0800a3d8       0xd4 ThirdParty/FreeRTOS/org/Source/queue.o
 .text.prvCopyDataFromQueue
                0x0800a4ac       0x4c ThirdParty/FreeRTOS/org/Source/queue.o
 .text.prvUnlockQueue
                0x0800a4f8       0xa4 ThirdParty/FreeRTOS/org/Source/queue.o
 .text.prvIsQueueEmpty
                0x0800a59c       0x2c ThirdParty/FreeRTOS/org/Source/queue.o
 .text.prvIsQueueFull
                0x0800a5c8       0x30 ThirdParty/FreeRTOS/org/Source/queue.o
 .text.vQueueAddToRegistry
                0x0800a5f8       0x60 ThirdParty/FreeRTOS/org/Source/queue.o
                0x0800a5f8                vQueueAddToRegistry
 .text.vQueueWaitForMessageRestricted
                0x0800a658       0x68 ThirdParty/FreeRTOS/org/Source/queue.o
                0x0800a658                vQueueWaitForMessageRestricted
 .text.xTaskCreate
                0x0800a6c0       0x82 ThirdParty/FreeRTOS/org/Source/tasks.o
                0x0800a6c0                xTaskCreate
 .text.prvInitialiseNewTask
                0x0800a742      0x10c ThirdParty/FreeRTOS/org/Source/tasks.o
 *fill*         0x0800a84e        0x2 
 .text.prvAddNewTaskToReadyList
                0x0800a850      0x110 ThirdParty/FreeRTOS/org/Source/tasks.o
 .text.vTaskStartScheduler
                0x0800a960       0xb8 ThirdParty/FreeRTOS/org/Source/tasks.o
                0x0800a960                vTaskStartScheduler
 .text.vTaskSuspendAll
                0x0800aa18       0x1c ThirdParty/FreeRTOS/org/Source/tasks.o
                0x0800aa18                vTaskSuspendAll
 .text.xTaskResumeAll
                0x0800aa34      0x140 ThirdParty/FreeRTOS/org/Source/tasks.o
                0x0800aa34                xTaskResumeAll
 .text.xTaskGetTickCount
                0x0800ab74       0x20 ThirdParty/FreeRTOS/org/Source/tasks.o
                0x0800ab74                xTaskGetTickCount
 .text.xTaskGetTickCountFromISR
                0x0800ab94       0x24 ThirdParty/FreeRTOS/org/Source/tasks.o
                0x0800ab94                xTaskGetTickCountFromISR
 .text.xTaskIncrementTick
                0x0800abb8      0x178 ThirdParty/FreeRTOS/org/Source/tasks.o
                0x0800abb8                xTaskIncrementTick
 .text.vTaskSwitchContext
                0x0800ad30       0xd0 ThirdParty/FreeRTOS/org/Source/tasks.o
                0x0800ad30                vTaskSwitchContext
 .text.vTaskPlaceOnEventList
                0x0800ae00       0x48 ThirdParty/FreeRTOS/org/Source/tasks.o
                0x0800ae00                vTaskPlaceOnEventList
 .text.vTaskPlaceOnUnorderedEventList
                0x0800ae48       0x74 ThirdParty/FreeRTOS/org/Source/tasks.o
                0x0800ae48                vTaskPlaceOnUnorderedEventList
 .text.vTaskPlaceOnEventListRestricted
                0x0800aebc       0x5c ThirdParty/FreeRTOS/org/Source/tasks.o
                0x0800aebc                vTaskPlaceOnEventListRestricted
 .text.xTaskRemoveFromEventList
                0x0800af18       0xcc ThirdParty/FreeRTOS/org/Source/tasks.o
                0x0800af18                xTaskRemoveFromEventList
 .text.vTaskRemoveFromUnorderedEventList
                0x0800afe4       0xc8 ThirdParty/FreeRTOS/org/Source/tasks.o
                0x0800afe4                vTaskRemoveFromUnorderedEventList
 .text.vTaskInternalSetTimeOutState
                0x0800b0ac       0x2c ThirdParty/FreeRTOS/org/Source/tasks.o
                0x0800b0ac                vTaskInternalSetTimeOutState
 .text.xTaskCheckForTimeOut
                0x0800b0d8       0xc0 ThirdParty/FreeRTOS/org/Source/tasks.o
                0x0800b0d8                xTaskCheckForTimeOut
 .text.vTaskMissedYield
                0x0800b198       0x18 ThirdParty/FreeRTOS/org/Source/tasks.o
                0x0800b198                vTaskMissedYield
 .text.prvIdleTask
                0x0800b1b0       0x30 ThirdParty/FreeRTOS/org/Source/tasks.o
 .text.prvInitialiseTaskLists
                0x0800b1e0       0x80 ThirdParty/FreeRTOS/org/Source/tasks.o
 .text.prvCheckTasksWaitingTermination
                0x0800b260       0x58 ThirdParty/FreeRTOS/org/Source/tasks.o
 .text.prvDeleteTCB
                0x0800b2b8       0x20 ThirdParty/FreeRTOS/org/Source/tasks.o
 .text.prvResetNextTaskUnblockTime
                0x0800b2d8       0x40 ThirdParty/FreeRTOS/org/Source/tasks.o
 .text.xTaskGetSchedulerState
                0x0800b318       0x3c ThirdParty/FreeRTOS/org/Source/tasks.o
                0x0800b318                xTaskGetSchedulerState
 .text.xTaskPriorityDisinherit
                0x0800b354      0x110 ThirdParty/FreeRTOS/org/Source/tasks.o
                0x0800b354                xTaskPriorityDisinherit
 .text.uxTaskResetEventItemValue
                0x0800b464       0x30 ThirdParty/FreeRTOS/org/Source/tasks.o
                0x0800b464                uxTaskResetEventItemValue
 .text.prvAddCurrentTaskToDelayedList
                0x0800b494       0xf0 ThirdParty/FreeRTOS/org/Source/tasks.o
 .text.xTimerCreateTimerTask
                0x0800b584       0x64 ThirdParty/FreeRTOS/org/Source/timers.o
                0x0800b584                xTimerCreateTimerTask
 .text.xTimerGenericCommand
                0x0800b5e8       0x98 ThirdParty/FreeRTOS/org/Source/timers.o
                0x0800b5e8                xTimerGenericCommand
 .text.prvProcessExpiredTimer
                0x0800b680       0x98 ThirdParty/FreeRTOS/org/Source/timers.o
 .text.prvTimerTask
                0x0800b718       0x24 ThirdParty/FreeRTOS/org/Source/timers.o
 .text.prvProcessTimerOrBlockTask
                0x0800b73c       0x9c ThirdParty/FreeRTOS/org/Source/timers.o
 .text.prvGetNextExpireTime
                0x0800b7d8       0x48 ThirdParty/FreeRTOS/org/Source/timers.o
 .text.prvSampleTimeNow
                0x0800b820       0x40 ThirdParty/FreeRTOS/org/Source/timers.o
 .text.prvInsertTimerInActiveList
                0x0800b860       0x84 ThirdParty/FreeRTOS/org/Source/timers.o
 .text.prvProcessReceivedCommands
                0x0800b8e4      0x1b8 ThirdParty/FreeRTOS/org/Source/timers.o
 .text.prvSwitchTimerLists
                0x0800ba9c       0xc8 ThirdParty/FreeRTOS/org/Source/timers.o
 .text.prvCheckForValidListAndQueue
                0x0800bb64       0x6c ThirdParty/FreeRTOS/org/Source/timers.o
 .text.xTimerPendFunctionCallFromISR
                0x0800bbd0       0x40 ThirdParty/FreeRTOS/org/Source/timers.o
                0x0800bbd0                xTimerPendFunctionCallFromISR
 .text.pxPortInitialiseStack
                0x0800bc10       0x68 ThirdParty/FreeRTOS/org/Source/portable/GCC/ARM_CM4F/port.o
                0x0800bc10                pxPortInitialiseStack
 .text.prvTaskExitError
                0x0800bc78       0x54 ThirdParty/FreeRTOS/org/Source/portable/GCC/ARM_CM4F/port.o
 *fill*         0x0800bccc        0x4 
 .text.SVC_Handler
                0x0800bcd0       0x28 ThirdParty/FreeRTOS/org/Source/portable/GCC/ARM_CM4F/port.o
                0x0800bcd0                SVC_Handler
 .text.prvPortStartFirstTask
                0x0800bcf8       0x28 ThirdParty/FreeRTOS/org/Source/portable/GCC/ARM_CM4F/port.o
 .text.xPortStartScheduler
                0x0800bd20      0x13c ThirdParty/FreeRTOS/org/Source/portable/GCC/ARM_CM4F/port.o
                0x0800bd20                xPortStartScheduler
 .text.vPortEnterCritical
                0x0800be5c       0x5c ThirdParty/FreeRTOS/org/Source/portable/GCC/ARM_CM4F/port.o
                0x0800be5c                vPortEnterCritical
 .text.vPortExitCritical
                0x0800beb8       0x50 ThirdParty/FreeRTOS/org/Source/portable/GCC/ARM_CM4F/port.o
                0x0800beb8                vPortExitCritical
 *fill*         0x0800bf08        0x8 
 .text.PendSV_Handler
                0x0800bf10       0x68 ThirdParty/FreeRTOS/org/Source/portable/GCC/ARM_CM4F/port.o
                0x0800bf10                PendSV_Handler
 .text.SysTick_Handler
                0x0800bf78       0x50 ThirdParty/FreeRTOS/org/Source/portable/GCC/ARM_CM4F/port.o
                0x0800bf78                SysTick_Handler
 .text.vPortSetupTimerInterrupt
                0x0800bfc8       0x48 ThirdParty/FreeRTOS/org/Source/portable/GCC/ARM_CM4F/port.o
                0x0800bfc8                vPortSetupTimerInterrupt
 .text.vPortEnableVFP
                0x0800c010       0x14 ThirdParty/FreeRTOS/org/Source/portable/GCC/ARM_CM4F/port.o
 .text.vPortValidateInterruptPriority
                0x0800c024       0x7c ThirdParty/FreeRTOS/org/Source/portable/GCC/ARM_CM4F/port.o
                0x0800c024                vPortValidateInterruptPriority
 .text.pvPortMalloc
                0x0800c0a0      0x190 ThirdParty/FreeRTOS/org/Source/portable/MemMang/heap_4.o
                0x0800c0a0                pvPortMalloc
 .text.vPortFree
                0x0800c230       0xc0 ThirdParty/FreeRTOS/org/Source/portable/MemMang/heap_4.o
                0x0800c230                vPortFree
 .text.prvHeapInit
                0x0800c2f0       0xc4 ThirdParty/FreeRTOS/org/Source/portable/MemMang/heap_4.o
 .text.prvInsertBlockIntoFreeList
                0x0800c3b4       0xb4 ThirdParty/FreeRTOS/org/Source/portable/MemMang/heap_4.o
 .text._cbSendSystemDesc
                0x0800c468       0x1c ThirdParty/Segger/Config/SEGGER_SYSVIEW_Config_FreeRTOS.o
 .text.SEGGER_SYSVIEW_Conf
                0x0800c484       0x2c ThirdParty/Segger/Config/SEGGER_SYSVIEW_Config_FreeRTOS.o
                0x0800c484                SEGGER_SYSVIEW_Conf
 .text._cbSendTaskList
                0x0800c4b0       0x90 ThirdParty/Segger/OS/SEGGER_SYSVIEW_FreeRTOS.o
 .text._cbGetTime
                0x0800c540       0x76 ThirdParty/Segger/OS/SEGGER_SYSVIEW_FreeRTOS.o
 *fill*         0x0800c5b6        0x2 
 .text.SYSVIEW_AddTask
                0x0800c5b8       0xd0 ThirdParty/Segger/OS/SEGGER_SYSVIEW_FreeRTOS.o
                0x0800c5b8                SYSVIEW_AddTask
 .text.SYSVIEW_SendTaskInfo
                0x0800c688       0x42 ThirdParty/Segger/OS/SEGGER_SYSVIEW_FreeRTOS.o
                0x0800c688                SYSVIEW_SendTaskInfo
 *fill*         0x0800c6ca        0x2 
 .text._DoInit  0x0800c6cc       0xa4 ThirdParty/Segger/Segger/SEGGER_RTT.o
 .text.SEGGER_RTT_ReadNoLock
                0x0800c770      0x104 ThirdParty/Segger/Segger/SEGGER_RTT.o
                0x0800c770                SEGGER_RTT_ReadNoLock
 .text.SEGGER_RTT_ConfigUpBuffer
                0x0800c874       0xd4 ThirdParty/Segger/Segger/SEGGER_RTT.o
                0x0800c874                SEGGER_RTT_ConfigUpBuffer
 .text.SEGGER_RTT_ConfigDownBuffer
                0x0800c948       0xd4 ThirdParty/Segger/Segger/SEGGER_RTT.o
                0x0800c948                SEGGER_RTT_ConfigDownBuffer
 .text._EncodeStr
                0x0800ca1c       0x9a ThirdParty/Segger/Segger/SEGGER_SYSVIEW.o
 .text._PreparePacket
                0x0800cab6       0x18 ThirdParty/Segger/Segger/SEGGER_SYSVIEW.o
 .text._HandleIncomingPacket
                0x0800cace       0xb8 ThirdParty/Segger/Segger/SEGGER_SYSVIEW.o
 *fill*         0x0800cb86        0x2 
 .text._TrySendOverflowPacket
                0x0800cb88       0xe0 ThirdParty/Segger/Segger/SEGGER_SYSVIEW.o
 .text._SendPacket
                0x0800cc68      0x1a8 ThirdParty/Segger/Segger/SEGGER_SYSVIEW.o
 .text.SEGGER_SYSVIEW_Init
                0x0800ce10       0x7c ThirdParty/Segger/Segger/SEGGER_SYSVIEW.o
                0x0800ce10                SEGGER_SYSVIEW_Init
 .text.SEGGER_SYSVIEW_SetRAMBase
                0x0800ce8c       0x20 ThirdParty/Segger/Segger/SEGGER_SYSVIEW.o
                0x0800ce8c                SEGGER_SYSVIEW_SetRAMBase
 .text.SEGGER_SYSVIEW_RecordVoid
                0x0800ceac       0x3c ThirdParty/Segger/Segger/SEGGER_SYSVIEW.o
                0x0800ceac                SEGGER_SYSVIEW_RecordVoid
 .text.SEGGER_SYSVIEW_RecordU32
                0x0800cee8       0x78 ThirdParty/Segger/Segger/SEGGER_SYSVIEW.o
                0x0800cee8                SEGGER_SYSVIEW_RecordU32
 .text.SEGGER_SYSVIEW_RecordU32x2
                0x0800cf60       0xb4 ThirdParty/Segger/Segger/SEGGER_SYSVIEW.o
                0x0800cf60                SEGGER_SYSVIEW_RecordU32x2
 .text.SEGGER_SYSVIEW_RecordU32x3
                0x0800d014       0xec ThirdParty/Segger/Segger/SEGGER_SYSVIEW.o
                0x0800d014                SEGGER_SYSVIEW_RecordU32x3
 .text.SEGGER_SYSVIEW_RecordU32x4
                0x0800d100      0x124 ThirdParty/Segger/Segger/SEGGER_SYSVIEW.o
                0x0800d100                SEGGER_SYSVIEW_RecordU32x4
 .text.SEGGER_SYSVIEW_Start
                0x0800d224      0x170 ThirdParty/Segger/Segger/SEGGER_SYSVIEW.o
                0x0800d224                SEGGER_SYSVIEW_Start
 .text.SEGGER_SYSVIEW_Stop
                0x0800d394       0x4c ThirdParty/Segger/Segger/SEGGER_SYSVIEW.o
                0x0800d394                SEGGER_SYSVIEW_Stop
 .text.SEGGER_SYSVIEW_GetSysDesc
                0x0800d3e0      0x134 ThirdParty/Segger/Segger/SEGGER_SYSVIEW.o
                0x0800d3e0                SEGGER_SYSVIEW_GetSysDesc
 .text.SEGGER_SYSVIEW_SendTaskInfo
                0x0800d514      0x1cc ThirdParty/Segger/Segger/SEGGER_SYSVIEW.o
                0x0800d514                SEGGER_SYSVIEW_SendTaskInfo
 .text.SEGGER_SYSVIEW_SendTaskList
                0x0800d6e0       0x28 ThirdParty/Segger/Segger/SEGGER_SYSVIEW.o
                0x0800d6e0                SEGGER_SYSVIEW_SendTaskList
 .text.SEGGER_SYSVIEW_SendSysDesc
                0x0800d708       0x48 ThirdParty/Segger/Segger/SEGGER_SYSVIEW.o
                0x0800d708                SEGGER_SYSVIEW_SendSysDesc
 .text.SEGGER_SYSVIEW_RecordSystime
                0x0800d750       0x60 ThirdParty/Segger/Segger/SEGGER_SYSVIEW.o
                0x0800d750                SEGGER_SYSVIEW_RecordSystime
 .text.SEGGER_SYSVIEW_RecordEnterISR
                0x0800d7b0       0x84 ThirdParty/Segger/Segger/SEGGER_SYSVIEW.o
                0x0800d7b0                SEGGER_SYSVIEW_RecordEnterISR
 .text.SEGGER_SYSVIEW_RecordExitISR
                0x0800d834       0x38 ThirdParty/Segger/Segger/SEGGER_SYSVIEW.o
                0x0800d834                SEGGER_SYSVIEW_RecordExitISR
 .text.SEGGER_SYSVIEW_RecordExitISRToScheduler
                0x0800d86c       0x38 ThirdParty/Segger/Segger/SEGGER_SYSVIEW.o
                0x0800d86c                SEGGER_SYSVIEW_RecordExitISRToScheduler
 .text.SEGGER_SYSVIEW_OnIdle
                0x0800d8a4       0x38 ThirdParty/Segger/Segger/SEGGER_SYSVIEW.o
                0x0800d8a4                SEGGER_SYSVIEW_OnIdle
 .text.SEGGER_SYSVIEW_OnTaskCreate
                0x0800d8dc       0x88 ThirdParty/Segger/Segger/SEGGER_SYSVIEW.o
                0x0800d8dc                SEGGER_SYSVIEW_OnTaskCreate
 .text.SEGGER_SYSVIEW_OnTaskStartExec
                0x0800d964       0x88 ThirdParty/Segger/Segger/SEGGER_SYSVIEW.o
                0x0800d964                SEGGER_SYSVIEW_OnTaskStartExec
 .text.SEGGER_SYSVIEW_OnTaskStartReady
                0x0800d9ec       0x88 ThirdParty/Segger/Segger/SEGGER_SYSVIEW.o
                0x0800d9ec                SEGGER_SYSVIEW_OnTaskStartReady
 .text.SEGGER_SYSVIEW_OnTaskStopReady
                0x0800da74       0xc0 ThirdParty/Segger/Segger/SEGGER_SYSVIEW.o
                0x0800da74                SEGGER_SYSVIEW_OnTaskStopReady
 .text.SEGGER_SYSVIEW_ShrinkId
                0x0800db34       0x24 ThirdParty/Segger/Segger/SEGGER_SYSVIEW.o
                0x0800db34                SEGGER_SYSVIEW_ShrinkId
 .text.SEGGER_SYSVIEW_SendModule
                0x0800db58      0x100 ThirdParty/Segger/Segger/SEGGER_SYSVIEW.o
                0x0800db58                SEGGER_SYSVIEW_SendModule
 .text.SEGGER_SYSVIEW_SendModuleDescription
                0x0800dc58       0x3c ThirdParty/Segger/Segger/SEGGER_SYSVIEW.o
                0x0800dc58                SEGGER_SYSVIEW_SendModuleDescription
 .text.SEGGER_SYSVIEW_SendNumModules
                0x0800dc94       0x7c ThirdParty/Segger/Segger/SEGGER_SYSVIEW.o
                0x0800dc94                SEGGER_SYSVIEW_SendNumModules
 .text.SEGGER_SYSVIEW_Warn
                0x0800dd10       0xb8 ThirdParty/Segger/Segger/SEGGER_SYSVIEW.o
                0x0800dd10                SEGGER_SYSVIEW_Warn
 .text.ExecuteHandler
                0x0800ddc8       0x54 src/AppCommands.o
                0x0800ddc8                ExecuteHandler
 .text.IrqPC13Handler
                0x0800de1c       0x24 src/CMeasureDistance.o
                0x0800de1c                IrqPC13Handler
 .text.cmdMeasureDistance
                0x0800de40       0x44 src/CMeasureDistance.o
                0x0800de40                cmdMeasureDistance
 .text._ZN16CMeasureDistance18RunMeasureDistanceEv
                0x0800de84       0x40 src/CMeasureDistance.o
                0x0800de84                CMeasureDistance::RunMeasureDistance()
 .text._ZN16CMeasureDistance16startTriggerModeEv
                0x0800dec4       0x30 src/CMeasureDistance.o
                0x0800dec4                CMeasureDistance::startTriggerMode()
 .text._ZN16CMeasureDistance18readBackEchoTimingEv
                0x0800def4       0x5c src/CMeasureDistance.o
                0x0800def4                CMeasureDistance::readBackEchoTiming()
 .text._ZN13CMotorControlC2Ev
                0x0800df50       0x16 src/CMotorControl.o
                0x0800df50                CMotorControl::CMotorControl()
                0x0800df50                CMotorControl::CMotorControl()
 .text._ZN13CMotorControlD2Ev
                0x0800df66       0x16 src/CMotorControl.o
                0x0800df66                CMotorControl::~CMotorControl()
                0x0800df66                CMotorControl::~CMotorControl()
 .text.cmdDriveMotor
                0x0800df7c       0x6c src/CMotorControl.o
                0x0800df7c                cmdDriveMotor
 .text._ZN13CMotorControl15RunMotorControlE11eMotorStatet
                0x0800dfe8       0x78 src/CMotorControl.o
                0x0800dfe8                CMotorControl::RunMotorControl(eMotorState, unsigned short)
 .text.waitForCommand
                0x0800e060       0x58 src/HostTask.o
                0x0800e060                waitForCommand
 .text.GetCommandFromUart
                0x0800e0b8        0xe src/HostTask.o
                0x0800e0b8                GetCommandFromUart
 *fill*         0x0800e0c6        0x2 
 .text.HostTask
                0x0800e0c8       0x70 src/HostTask.o
                0x0800e0c8                HostTask
 .text.HostGetAppResult
                0x0800e138       0x34 src/HostTask.o
 .text.HostSendCmdApp
                0x0800e16c       0x48 src/HostTask.o
 .text.NVIC_EnableIRQ
                0x0800e1b4       0x34 src/Interrupt_Handlers.o
 .text.NVIC_DisableIRQ
                0x0800e1e8       0x34 src/Interrupt_Handlers.o
 .text.USART2_IRQHandler
                0x0800e21c       0x18 src/Interrupt_Handlers.o
                0x0800e21c                USART2_IRQHandler
 .text.USART6_IRQHandler
                0x0800e234       0x18 src/Interrupt_Handlers.o
                0x0800e234                USART6_IRQHandler
 .text.EXTI15_10_IRQHandler
                0x0800e24c        0xc src/Interrupt_Handlers.o
                0x0800e24c                EXTI15_10_IRQHandler
 .text.calculateCmdByteChecksum
                0x0800e258       0x42 src/UartAPI.o
                0x0800e258                calculateCmdByteChecksum
 *fill*         0x0800e29a        0x2 
 .text.calculateXferTime
                0x0800e29c       0x5c src/UartAPI.o
                0x0800e29c                calculateXferTime
 .text.UartSerialReceived
                0x0800e2f8       0xa4 src/UartAPI.o
                0x0800e2f8                UartSerialReceived
 .text.UartSendMessage
                0x0800e39c       0x1e src/UartAPI.o
                0x0800e39c                UartSendMessage
 *fill*         0x0800e3ba        0x2 
 .text.NVIC_EnableIRQ
                0x0800e3bc       0x34 src/haL_uart.o
 .text.NVIC_SetPriority
                0x0800e3f0       0x54 src/haL_uart.o
 .text.InitializeUartPorts
                0x0800e444       0x2c src/haL_uart.o
                0x0800e444                InitializeUartPorts
 .text.InitializeUart2Device
                0x0800e470       0xb4 src/haL_uart.o
 .text.InitializeUart6Device
                0x0800e524       0xb4 src/haL_uart.o
 .text.Uart2ReceivedByte
                0x0800e5d8       0x6c src/haL_uart.o
                0x0800e5d8                Uart2ReceivedByte
 .text.Uart6SendMsg
                0x0800e644       0x60 src/haL_uart.o
                0x0800e644                Uart6SendMsg
 .text.Uart6ReceivedByte
                0x0800e6a4       0x94 src/haL_uart.o
                0x0800e6a4                Uart6ReceivedByte
 .text.hal_gpioA_init
                0x0800e738       0x58 src/hal_gpio.o
                0x0800e738                hal_gpioA_init
 .text.hal_gpioB_init
                0x0800e790       0x44 src/hal_gpio.o
                0x0800e790                hal_gpioB_init
 .text.hal_gpioC_init
                0x0800e7d4       0x74 src/hal_gpio.o
                0x0800e7d4                hal_gpioC_init
 .text.hal_gpioA_pin5_toggle
                0x0800e848       0x30 src/hal_gpio.o
                0x0800e848                hal_gpioA_pin5_toggle
 .text.NVIC_EnableIRQ
                0x0800e878       0x34 src/hal_interrupt.o
 .text.NVIC_SetPriority
                0x0800e8ac       0x54 src/hal_interrupt.o
 .text.hal_setup_interrupt_PC13
                0x0800e900       0x7c src/hal_interrupt.o
                0x0800e900                hal_setup_interrupt_PC13
 .text.hal_timer_init
                0x0800e97c        0xc src/hal_timer.o
                0x0800e97c                hal_timer_init
 .text.hal_timer3_init
                0x0800e988       0x48 src/hal_timer.o
 .text.hal_get_timer3_counter
                0x0800e9d0       0x20 src/hal_timer.o
 .text.hal_delay_20ns
                0x0800e9f0       0x2e src/hal_timer.o
                0x0800e9f0                hal_delay_20ns
 *fill*         0x0800ea1e        0x2 
 .text.main     0x0800ea20       0xc4 src/main.o
                0x0800ea20                main
 .text._getpid  0x0800eae4       0x10 src/syscalls.o
                0x0800eae4                _getpid
 .text._kill    0x0800eaf4       0x20 src/syscalls.o
                0x0800eaf4                _kill
 .text._exit    0x0800eb14       0x14 src/syscalls.o
                0x0800eb14                _exit
 .text._read    0x0800eb28       0x3a src/syscalls.o
                0x0800eb28                _read
 .text._write   0x0800eb62       0x38 src/syscalls.o
                0x0800eb62                _write
 *fill*         0x0800eb9a        0x2 
 .text._sbrk    0x0800eb9c       0x58 src/syscalls.o
                0x0800eb9c                _sbrk
 .text._close   0x0800ebf4       0x18 src/syscalls.o
                0x0800ebf4                _close
 .text._fstat   0x0800ec0c       0x20 src/syscalls.o
                0x0800ec0c                _fstat
 .text._isatty  0x0800ec2c       0x16 src/syscalls.o
                0x0800ec2c                _isatty
 .text._lseek   0x0800ec42       0x1a src/syscalls.o
                0x0800ec42                _lseek
 .text.SystemInit
                0x0800ec5c       0x6c src/system_stm32f4xx.o
                0x0800ec5c                SystemInit
 .text.SystemCoreClockUpdate
                0x0800ecc8       0xdc src/system_stm32f4xx.o
                0x0800ecc8                SystemCoreClockUpdate
 .text.SetSysClock
                0x0800eda4       0xa0 src/system_stm32f4xx.o
 .text.Reset_Handler
                0x0800ee44       0x50 startup/startup_stm32f411xe.o
                0x0800ee44                Reset_Handler
 .text.Default_Handler
                0x0800ee94        0x2 startup/startup_stm32f411xe.o
                0x0800ee94                RTC_Alarm_IRQHandler
                0x0800ee94                EXTI2_IRQHandler
                0x0800ee94                DebugMon_Handler
                0x0800ee94                SPI4_IRQHandler
                0x0800ee94                TIM1_CC_IRQHandler
                0x0800ee94                DMA2_Stream5_IRQHandler
                0x0800ee94                HardFault_Handler
                0x0800ee94                DMA1_Stream5_IRQHandler
                0x0800ee94                PVD_IRQHandler
                0x0800ee94                SDIO_IRQHandler
                0x0800ee94                TAMP_STAMP_IRQHandler
                0x0800ee94                NMI_Handler
                0x0800ee94                EXTI3_IRQHandler
                0x0800ee94                TIM1_UP_TIM10_IRQHandler
                0x0800ee94                I2C3_ER_IRQHandler
                0x0800ee94                EXTI0_IRQHandler
                0x0800ee94                I2C2_EV_IRQHandler
                0x0800ee94                DMA1_Stream2_IRQHandler
                0x0800ee94                FPU_IRQHandler
                0x0800ee94                UsageFault_Handler
                0x0800ee94                DMA2_Stream2_IRQHandler
                0x0800ee94                SPI1_IRQHandler
                0x0800ee94                TIM1_BRK_TIM9_IRQHandler
                0x0800ee94                DMA2_Stream3_IRQHandler
                0x0800ee94                DMA2_Stream0_IRQHandler
                0x0800ee94                TIM4_IRQHandler
                0x0800ee94                I2C1_EV_IRQHandler
                0x0800ee94                DMA1_Stream6_IRQHandler
                0x0800ee94                DMA1_Stream1_IRQHandler
                0x0800ee94                TIM3_IRQHandler
                0x0800ee94                RCC_IRQHandler
                0x0800ee94                Default_Handler
                0x0800ee94                ADC_IRQHandler
                0x0800ee94                DMA1_Stream7_IRQHandler
                0x0800ee94                SPI5_IRQHandler
                0x0800ee94                TIM5_IRQHandler
                0x0800ee94                DMA2_Stream7_IRQHandler
                0x0800ee94                I2C3_EV_IRQHandler
                0x0800ee94                EXTI9_5_IRQHandler
                0x0800ee94                RTC_WKUP_IRQHandler
                0x0800ee94                SPI2_IRQHandler
                0x0800ee94                MemManage_Handler
                0x0800ee94                DMA1_Stream0_IRQHandler
                0x0800ee94                EXTI4_IRQHandler
                0x0800ee94                WWDG_IRQHandler
                0x0800ee94                TIM2_IRQHandler
                0x0800ee94                OTG_FS_WKUP_IRQHandler
                0x0800ee94                TIM1_TRG_COM_TIM11_IRQHandler
                0x0800ee94                EXTI1_IRQHandler
                0x0800ee94                I2C2_ER_IRQHandler
                0x0800ee94                DMA2_Stream1_IRQHandler
                0x0800ee94                FLASH_IRQHandler
                0x0800ee94                DMA2_Stream4_IRQHandler
                0x0800ee94                BusFault_Handler
                0x0800ee94                USART1_IRQHandler
                0x0800ee94                OTG_FS_IRQHandler
                0x0800ee94                SPI3_IRQHandler
                0x0800ee94                DMA1_Stream4_IRQHandler
                0x0800ee94                I2C1_ER_IRQHandler
                0x0800ee94                DMA2_Stream6_IRQHandler
                0x0800ee94                DMA1_Stream3_IRQHandler
 *fill*         0x0800ee96        0x2 
 .text._Znwj    0x0800ee98       0x3c c:/ac6/systemworkbench/plugins/fr.ac6.mcu.externaltools.arm-none.win32_1.17.0.201812190825/tools/compiler/bin/../lib/gcc/arm-none-eabi/7.3.1/../../../../arm-none-eabi/lib/thumb/v7e-m/fpv4-sp/hard\libstdc++.a(new_op.o)
                0x0800ee98                operator new(unsigned int)
 .text._ZN12_GLOBAL__N_14pool4freeEPv.constprop.4
                0x0800eed4       0x90 c:/ac6/systemworkbench/plugins/fr.ac6.mcu.externaltools.arm-none.win32_1.17.0.201812190825/tools/compiler/bin/../lib/gcc/arm-none-eabi/7.3.1/../../../../arm-none-eabi/lib/thumb/v7e-m/fpv4-sp/hard\libstdc++.a(eh_alloc.o)
 .text._ZN12_GLOBAL__N_14pool8allocateEj.constprop.5
                0x0800ef64       0x64 c:/ac6/systemworkbench/plugins/fr.ac6.mcu.externaltools.arm-none.win32_1.17.0.201812190825/tools/compiler/bin/../lib/gcc/arm-none-eabi/7.3.1/../../../../arm-none-eabi/lib/thumb/v7e-m/fpv4-sp/hard\libstdc++.a(eh_alloc.o)
 .text.__cxa_allocate_exception
                0x0800efc8       0x30 c:/ac6/systemworkbench/plugins/fr.ac6.mcu.externaltools.arm-none.win32_1.17.0.201812190825/tools/compiler/bin/../lib/gcc/arm-none-eabi/7.3.1/../../../../arm-none-eabi/lib/thumb/v7e-m/fpv4-sp/hard\libstdc++.a(eh_alloc.o)
                0x0800efc8                __cxa_allocate_exception
 .text.__cxa_free_exception
                0x0800eff8       0x20 c:/ac6/systemworkbench/plugins/fr.ac6.mcu.externaltools.arm-none.win32_1.17.0.201812190825/tools/compiler/bin/../lib/gcc/arm-none-eabi/7.3.1/../../../../arm-none-eabi/lib/thumb/v7e-m/fpv4-sp/hard\libstdc++.a(eh_alloc.o)
                0x0800eff8                __cxa_free_exception
 .text.startup._GLOBAL__sub_I__ZN9__gnu_cxx9__freeresEv
                0x0800f018       0x28 c:/ac6/systemworkbench/plugins/fr.ac6.mcu.externaltools.arm-none.win32_1.17.0.201812190825/tools/compiler/bin/../lib/gcc/arm-none-eabi/7.3.1/../../../../arm-none-eabi/lib/thumb/v7e-m/fpv4-sp/hard\libstdc++.a(eh_alloc.o)
 .text._ZNKSt9bad_alloc4whatEv
                0x0800f040        0x8 c:/ac6/systemworkbench/plugins/fr.ac6.mcu.externaltools.arm-none.win32_1.17.0.201812190825/tools/compiler/bin/../lib/gcc/arm-none-eabi/7.3.1/../../../../arm-none-eabi/lib/thumb/v7e-m/fpv4-sp/hard\libstdc++.a(bad_alloc.o)
                0x0800f040                std::bad_alloc::what() const
 .text._ZNSt9bad_allocD2Ev
                0x0800f048       0x14 c:/ac6/systemworkbench/plugins/fr.ac6.mcu.externaltools.arm-none.win32_1.17.0.201812190825/tools/compiler/bin/../lib/gcc/arm-none-eabi/7.3.1/../../../../arm-none-eabi/lib/thumb/v7e-m/fpv4-sp/hard\libstdc++.a(bad_alloc.o)
                0x0800f048                std::bad_alloc::~bad_alloc()
                0x0800f048                std::bad_alloc::~bad_alloc()
 .text._ZNSt9bad_allocD0Ev
                0x0800f05c       0x1c c:/ac6/systemworkbench/plugins/fr.ac6.mcu.externaltools.arm-none.win32_1.17.0.201812190825/tools/compiler/bin/../lib/gcc/arm-none-eabi/7.3.1/../../../../arm-none-eabi/lib/thumb/v7e-m/fpv4-sp/hard\libstdc++.a(bad_alloc.o)
                0x0800f05c                std::bad_alloc::~bad_alloc()
 .text._ZSt15get_new_handlerv
                0x0800f078       0x10 c:/ac6/systemworkbench/plugins/fr.ac6.mcu.externaltools.arm-none.win32_1.17.0.201812190825/tools/compiler/bin/../lib/gcc/arm-none-eabi/7.3.1/../../../../arm-none-eabi/lib/thumb/v7e-m/fpv4-sp/hard\libstdc++.a(new_handler.o)
                0x0800f078                std::get_new_handler()
 .text._ZN10__cxxabiv111__terminateEPFvvE
                0x0800f088       0x28 c:/ac6/systemworkbench/plugins/fr.ac6.mcu.externaltools.arm-none.win32_1.17.0.201812190825/tools/compiler/bin/../lib/gcc/arm-none-eabi/7.3.1/../../../../arm-none-eabi/lib/thumb/v7e-m/fpv4-sp/hard\libstdc++.a(eh_terminate.o)
                0x0800f088                __cxxabiv1::__terminate(void (*)())
 .text._ZSt9terminatev
                0x0800f0b0       0x14 c:/ac6/systemworkbench/plugins/fr.ac6.mcu.externaltools.arm-none.win32_1.17.0.201812190825/tools/compiler/bin/../lib/gcc/arm-none-eabi/7.3.1/../../../../arm-none-eabi/lib/thumb/v7e-m/fpv4-sp/hard\libstdc++.a(eh_terminate.o)
                0x0800f0b0                std::terminate()
 .text._ZN10__cxxabiv112__unexpectedEPFvvE
                0x0800f0c4        0x8 c:/ac6/systemworkbench/plugins/fr.ac6.mcu.externaltools.arm-none.win32_1.17.0.201812190825/tools/compiler/bin/../lib/gcc/arm-none-eabi/7.3.1/../../../../arm-none-eabi/lib/thumb/v7e-m/fpv4-sp/hard\libstdc++.a(eh_terminate.o)
                0x0800f0c4                __cxxabiv1::__unexpected(void (*)())
 .text._ZSt10unexpectedv
                0x0800f0cc       0x14 c:/ac6/systemworkbench/plugins/fr.ac6.mcu.externaltools.arm-none.win32_1.17.0.201812190825/tools/compiler/bin/../lib/gcc/arm-none-eabi/7.3.1/../../../../arm-none-eabi/lib/thumb/v7e-m/fpv4-sp/hard\libstdc++.a(eh_terminate.o)
                0x0800f0cc                std::unexpected()
 .text._ZSt13get_terminatev
                0x0800f0e0       0x10 c:/ac6/systemworkbench/plugins/fr.ac6.mcu.externaltools.arm-none.win32_1.17.0.201812190825/tools/compiler/bin/../lib/gcc/arm-none-eabi/7.3.1/../../../../arm-none-eabi/lib/thumb/v7e-m/fpv4-sp/hard\libstdc++.a(eh_terminate.o)
                0x0800f0e0                std::get_terminate()
 .text._ZSt14get_unexpectedv
                0x0800f0f0       0x10 c:/ac6/systemworkbench/plugins/fr.ac6.mcu.externaltools.arm-none.win32_1.17.0.201812190825/tools/compiler/bin/../lib/gcc/arm-none-eabi/7.3.1/../../../../arm-none-eabi/lib/thumb/v7e-m/fpv4-sp/hard\libstdc++.a(eh_terminate.o)
                0x0800f0f0                std::get_unexpected()
 .text.__cxa_end_cleanup
                0x0800f100        0xc c:/ac6/systemworkbench/plugins/fr.ac6.mcu.externaltools.arm-none.win32_1.17.0.201812190825/tools/compiler/bin/../lib/gcc/arm-none-eabi/7.3.1/../../../../arm-none-eabi/lib/thumb/v7e-m/fpv4-sp/hard\libstdc++.a(eh_arm.o)
                0x0800f100                __cxa_end_cleanup
 .text.__cxa_type_match
                0x0800f10c       0xb0 c:/ac6/systemworkbench/plugins/fr.ac6.mcu.externaltools.arm-none.win32_1.17.0.201812190825/tools/compiler/bin/../lib/gcc/arm-none-eabi/7.3.1/../../../../arm-none-eabi/lib/thumb/v7e-m/fpv4-sp/hard\libstdc++.a(eh_arm.o)
                0x0800f10c                __cxa_type_match
 .text.__cxa_begin_cleanup
                0x0800f1bc       0x64 c:/ac6/systemworkbench/plugins/fr.ac6.mcu.externaltools.arm-none.win32_1.17.0.201812190825/tools/compiler/bin/../lib/gcc/arm-none-eabi/7.3.1/../../../../arm-none-eabi/lib/thumb/v7e-m/fpv4-sp/hard\libstdc++.a(eh_arm.o)
                0x0800f1bc                __cxa_begin_cleanup
 .text.__gnu_end_cleanup
                0x0800f220       0x70 c:/ac6/systemworkbench/plugins/fr.ac6.mcu.externaltools.arm-none.win32_1.17.0.201812190825/tools/compiler/bin/../lib/gcc/arm-none-eabi/7.3.1/../../../../arm-none-eabi/lib/thumb/v7e-m/fpv4-sp/hard\libstdc++.a(eh_arm.o)
                0x0800f220                __gnu_end_cleanup
 .text._ZdlPvj  0x0800f290        0x4 c:/ac6/systemworkbench/plugins/fr.ac6.mcu.externaltools.arm-none.win32_1.17.0.201812190825/tools/compiler/bin/../lib/gcc/arm-none-eabi/7.3.1/../../../../arm-none-eabi/lib/thumb/v7e-m/fpv4-sp/hard\libstdc++.a(del_ops.o)
                0x0800f290                operator delete(void*, unsigned int)
 .text._ZL23__gxx_exception_cleanup19_Unwind_Reason_CodeP21_Unwind_Control_Block
                0x0800f294       0x44 c:/ac6/systemworkbench/plugins/fr.ac6.mcu.externaltools.arm-none.win32_1.17.0.201812190825/tools/compiler/bin/../lib/gcc/arm-none-eabi/7.3.1/../../../../arm-none-eabi/lib/thumb/v7e-m/fpv4-sp/hard\libstdc++.a(eh_throw.o)
 .text.__cxa_init_primary_exception
                0x0800f2d8       0x58 c:/ac6/systemworkbench/plugins/fr.ac6.mcu.externaltools.arm-none.win32_1.17.0.201812190825/tools/compiler/bin/../lib/gcc/arm-none-eabi/7.3.1/../../../../arm-none-eabi/lib/thumb/v7e-m/fpv4-sp/hard\libstdc++.a(eh_throw.o)
                0x0800f2d8                __cxa_init_primary_exception
 .text.__cxa_throw
                0x0800f330       0x38 c:/ac6/systemworkbench/plugins/fr.ac6.mcu.externaltools.arm-none.win32_1.17.0.201812190825/tools/compiler/bin/../lib/gcc/arm-none-eabi/7.3.1/../../../../arm-none-eabi/lib/thumb/v7e-m/fpv4-sp/hard\libstdc++.a(eh_throw.o)
                0x0800f330                __cxa_throw
 .text.__cxa_rethrow
                0x0800f368       0x70 c:/ac6/systemworkbench/plugins/fr.ac6.mcu.externaltools.arm-none.win32_1.17.0.201812190825/tools/compiler/bin/../lib/gcc/arm-none-eabi/7.3.1/../../../../arm-none-eabi/lib/thumb/v7e-m/fpv4-sp/hard\libstdc++.a(eh_throw.o)
                0x0800f368                __cxa_rethrow
 .text._ZN10__cxxabiv120__si_class_type_infoD2Ev
                0x0800f3d8       0x14 c:/ac6/systemworkbench/plugins/fr.ac6.mcu.externaltools.arm-none.win32_1.17.0.201812190825/tools/compiler/bin/../lib/gcc/arm-none-eabi/7.3.1/../../../../arm-none-eabi/lib/thumb/v7e-m/fpv4-sp/hard\libstdc++.a(si_class_type_info.o)
                0x0800f3d8                __cxxabiv1::__si_class_type_info::~__si_class_type_info()
                0x0800f3d8                __cxxabiv1::__si_class_type_info::~__si_class_type_info()
 .text._ZN10__cxxabiv120__si_class_type_infoD0Ev
                0x0800f3ec       0x1c c:/ac6/systemworkbench/plugins/fr.ac6.mcu.externaltools.arm-none.win32_1.17.0.201812190825/tools/compiler/bin/../lib/gcc/arm-none-eabi/7.3.1/../../../../arm-none-eabi/lib/thumb/v7e-m/fpv4-sp/hard\libstdc++.a(si_class_type_info.o)
                0x0800f3ec                __cxxabiv1::__si_class_type_info::~__si_class_type_info()
 .text._ZNK10__cxxabiv120__si_class_type_info20__do_find_public_srcEiPKvPKNS_17__class_type_infoES2_
                0x0800f408       0x3c c:/ac6/systemworkbench/plugins/fr.ac6.mcu.externaltools.arm-none.win32_1.17.0.201812190825/tools/compiler/bin/../lib/gcc/arm-none-eabi/7.3.1/../../../../arm-none-eabi/lib/thumb/v7e-m/fpv4-sp/hard\libstdc++.a(si_class_type_info.o)
                0x0800f408                __cxxabiv1::__si_class_type_info::__do_find_public_src(int, void const*, __cxxabiv1::__class_type_info const*, void const*) const
 .text._ZNK10__cxxabiv120__si_class_type_info12__do_dyncastEiNS_17__class_type_info10__sub_kindEPKS1_PKvS4_S6_RNS1_16__dyncast_resultE
                0x0800f444       0x80 c:/ac6/systemworkbench/plugins/fr.ac6.mcu.externaltools.arm-none.win32_1.17.0.201812190825/tools/compiler/bin/../lib/gcc/arm-none-eabi/7.3.1/../../../../arm-none-eabi/lib/thumb/v7e-m/fpv4-sp/hard\libstdc++.a(si_class_type_info.o)
                0x0800f444                __cxxabiv1::__si_class_type_info::__do_dyncast(int, __cxxabiv1::__class_type_info::__sub_kind, __cxxabiv1::__class_type_info const*, void const*, __cxxabiv1::__class_type_info const*, void const*, __cxxabiv1::__class_type_info::__dyncast_result&) const
 .text._ZNK10__cxxabiv120__si_class_type_info11__do_upcastEPKNS_17__class_type_infoEPKvRNS1_15__upcast_resultE
                0x0800f4c4       0x2c c:/ac6/systemworkbench/plugins/fr.ac6.mcu.externaltools.arm-none.win32_1.17.0.201812190825/tools/compiler/bin/../lib/gcc/arm-none-eabi/7.3.1/../../../../arm-none-eabi/lib/thumb/v7e-m/fpv4-sp/hard\libstdc++.a(si_class_type_info.o)
                0x0800f4c4                __cxxabiv1::__si_class_type_info::__do_upcast(__cxxabiv1::__class_type_info const*, void const*, __cxxabiv1::__class_type_info::__upcast_result&) const
 .text._ZNSt9type_infoD2Ev
                0x0800f4f0        0x4 c:/ac6/systemworkbench/plugins/fr.ac6.mcu.externaltools.arm-none.win32_1.17.0.201812190825/tools/compiler/bin/../lib/gcc/arm-none-eabi/7.3.1/../../../../arm-none-eabi/lib/thumb/v7e-m/fpv4-sp/hard\libstdc++.a(tinfo.o)
                0x0800f4f0                std::type_info::~type_info()
                0x0800f4f0                std::type_info::~type_info()
 .text._ZNKSt9type_info14__is_pointer_pEv
                0x0800f4f4        0x4 c:/ac6/systemworkbench/plugins/fr.ac6.mcu.externaltools.arm-none.win32_1.17.0.201812190825/tools/compiler/bin/../lib/gcc/arm-none-eabi/7.3.1/../../../../arm-none-eabi/lib/thumb/v7e-m/fpv4-sp/hard\libstdc++.a(tinfo.o)
                0x0800f4f4                std::type_info::__is_pointer_p() const
                0x0800f4f4                std::type_info::__is_function_p() const
 .text._ZNKSt9type_infoeqERKS_
                0x0800f4f8       0x2c c:/ac6/systemworkbench/plugins/fr.ac6.mcu.externaltools.arm-none.win32_1.17.0.201812190825/tools/compiler/bin/../lib/gcc/arm-none-eabi/7.3.1/../../../../arm-none-eabi/lib/thumb/v7e-m/fpv4-sp/hard\libstdc++.a(tinfo.o)
                0x0800f4f8                std::type_info::operator==(std::type_info const&) const
 .text._ZNK10__cxxabiv117__class_type_info11__do_upcastEPKS0_PPv
                0x0800f524       0x38 c:/ac6/systemworkbench/plugins/fr.ac6.mcu.externaltools.arm-none.win32_1.17.0.201812190825/tools/compiler/bin/../lib/gcc/arm-none-eabi/7.3.1/../../../../arm-none-eabi/lib/thumb/v7e-m/fpv4-sp/hard\libstdc++.a(class_type_info.o)
                0x0800f524                __cxxabiv1::__class_type_info::__do_upcast(__cxxabiv1::__class_type_info const*, void**) const
 .text._ZNK10__cxxabiv117__class_type_info20__do_find_public_srcEiPKvPKS0_S2_
                0x0800f55c        0xc c:/ac6/systemworkbench/plugins/fr.ac6.mcu.externaltools.arm-none.win32_1.17.0.201812190825/tools/compiler/bin/../lib/gcc/arm-none-eabi/7.3.1/../../../../arm-none-eabi/lib/thumb/v7e-m/fpv4-sp/hard\libstdc++.a(class_type_info.o)
                0x0800f55c                __cxxabiv1::__class_type_info::__do_find_public_src(int, void const*, __cxxabiv1::__class_type_info const*, void const*) const
 .text._ZN10__cxxabiv117__class_type_infoD2Ev
                0x0800f568       0x14 c:/ac6/systemworkbench/plugins/fr.ac6.mcu.externaltools.arm-none.win32_1.17.0.201812190825/tools/compiler/bin/../lib/gcc/arm-none-eabi/7.3.1/../../../../arm-none-eabi/lib/thumb/v7e-m/fpv4-sp/hard\libstdc++.a(class_type_info.o)
                0x0800f568                __cxxabiv1::__class_type_info::~__class_type_info()
                0x0800f568                __cxxabiv1::__class_type_info::~__class_type_info()
 .text._ZN10__cxxabiv117__class_type_infoD0Ev
                0x0800f57c       0x1c c:/ac6/systemworkbench/plugins/fr.ac6.mcu.externaltools.arm-none.win32_1.17.0.201812190825/tools/compiler/bin/../lib/gcc/arm-none-eabi/7.3.1/../../../../arm-none-eabi/lib/thumb/v7e-m/fpv4-sp/hard\libstdc++.a(class_type_info.o)
                0x0800f57c                __cxxabiv1::__class_type_info::~__class_type_info()
 .text._ZNK10__cxxabiv117__class_type_info12__do_dyncastEiNS0_10__sub_kindEPKS0_PKvS3_S5_RNS0_16__dyncast_resultE
                0x0800f598       0x44 c:/ac6/systemworkbench/plugins/fr.ac6.mcu.externaltools.arm-none.win32_1.17.0.201812190825/tools/compiler/bin/../lib/gcc/arm-none-eabi/7.3.1/../../../../arm-none-eabi/lib/thumb/v7e-m/fpv4-sp/hard\libstdc++.a(class_type_info.o)
                0x0800f598                __cxxabiv1::__class_type_info::__do_dyncast(int, __cxxabiv1::__class_type_info::__sub_kind, __cxxabiv1::__class_type_info const*, void const*, __cxxabiv1::__class_type_info const*, void const*, __cxxabiv1::__class_type_info::__dyncast_result&) const
 .text._ZNK10__cxxabiv117__class_type_info11__do_upcastEPKS0_PKvRNS0_15__upcast_resultE
                0x0800f5dc       0x18 c:/ac6/systemworkbench/plugins/fr.ac6.mcu.externaltools.arm-none.win32_1.17.0.201812190825/tools/compiler/bin/../lib/gcc/arm-none-eabi/7.3.1/../../../../arm-none-eabi/lib/thumb/v7e-m/fpv4-sp/hard\libstdc++.a(class_type_info.o)
                0x0800f5dc                __cxxabiv1::__class_type_info::__do_upcast(__cxxabiv1::__class_type_info const*, void const*, __cxxabiv1::__class_type_info::__upcast_result&) const
 .text._ZNK10__cxxabiv117__class_type_info10__do_catchEPKSt9type_infoPPvj
                0x0800f5f4       0x2c c:/ac6/systemworkbench/plugins/fr.ac6.mcu.externaltools.arm-none.win32_1.17.0.201812190825/tools/compiler/bin/../lib/gcc/arm-none-eabi/7.3.1/../../../../arm-none-eabi/lib/thumb/v7e-m/fpv4-sp/hard\libstdc++.a(class_type_info.o)
                0x0800f5f4                __cxxabiv1::__class_type_info::__do_catch(std::type_info const*, void**, unsigned int) const
 .text._ZNSt9exceptionD2Ev
                0x0800f620        0x4 c:/ac6/systemworkbench/plugins/fr.ac6.mcu.externaltools.arm-none.win32_1.17.0.201812190825/tools/compiler/bin/../lib/gcc/arm-none-eabi/7.3.1/../../../../arm-none-eabi/lib/thumb/v7e-m/fpv4-sp/hard\libstdc++.a(eh_exception.o)
                0x0800f620                std::exception::~exception()
                0x0800f620                std::exception::~exception()
 .text._ZNSt13bad_exceptionD2Ev
                0x0800f624        0x4 c:/ac6/systemworkbench/plugins/fr.ac6.mcu.externaltools.arm-none.win32_1.17.0.201812190825/tools/compiler/bin/../lib/gcc/arm-none-eabi/7.3.1/../../../../arm-none-eabi/lib/thumb/v7e-m/fpv4-sp/hard\libstdc++.a(eh_exception.o)
                0x0800f624                std::bad_exception::~bad_exception()
                0x0800f624                std::bad_exception::~bad_exception()
 .text._ZNKSt13bad_exception4whatEv
                0x0800f628        0x8 c:/ac6/systemworkbench/plugins/fr.ac6.mcu.externaltools.arm-none.win32_1.17.0.201812190825/tools/compiler/bin/../lib/gcc/arm-none-eabi/7.3.1/../../../../arm-none-eabi/lib/thumb/v7e-m/fpv4-sp/hard\libstdc++.a(eh_exception.o)
                0x0800f628                std::bad_exception::what() const
                0x0800f628                transaction clone for std::bad_exception::what() const
 .text._ZNSt13bad_exceptionD0Ev
                0x0800f630       0x10 c:/ac6/systemworkbench/plugins/fr.ac6.mcu.externaltools.arm-none.win32_1.17.0.201812190825/tools/compiler/bin/../lib/gcc/arm-none-eabi/7.3.1/../../../../arm-none-eabi/lib/thumb/v7e-m/fpv4-sp/hard\libstdc++.a(eh_exception.o)
                0x0800f630                std::bad_exception::~bad_exception()
 .text._ZdlPv   0x0800f640        0x4 c:/ac6/systemworkbench/plugins/fr.ac6.mcu.externaltools.arm-none.win32_1.17.0.201812190825/tools/compiler/bin/../lib/gcc/arm-none-eabi/7.3.1/../../../../arm-none-eabi/lib/thumb/v7e-m/fpv4-sp/hard\libstdc++.a(del_op.o)
                0x0800f640                operator delete(void*)
 .text._ZL28read_encoded_value_with_basehjPKhPj
                0x0800f644       0xc0 c:/ac6/systemworkbench/plugins/fr.ac6.mcu.externaltools.arm-none.win32_1.17.0.201812190825/tools/compiler/bin/../lib/gcc/arm-none-eabi/7.3.1/../../../../arm-none-eabi/lib/thumb/v7e-m/fpv4-sp/hard\libstdc++.a(eh_personality.o)
 .text._ZL21base_of_encoded_valuehP15_Unwind_Context.part.3
                0x0800f704       0x38 c:/ac6/systemworkbench/plugins/fr.ac6.mcu.externaltools.arm-none.win32_1.17.0.201812190825/tools/compiler/bin/../lib/gcc/arm-none-eabi/7.3.1/../../../../arm-none-eabi/lib/thumb/v7e-m/fpv4-sp/hard\libstdc++.a(eh_personality.o)
 .text._ZL17parse_lsda_headerP15_Unwind_ContextPKhP16lsda_header_info
                0x0800f73c       0x94 c:/ac6/systemworkbench/plugins/fr.ac6.mcu.externaltools.arm-none.win32_1.17.0.201812190825/tools/compiler/bin/../lib/gcc/arm-none-eabi/7.3.1/../../../../arm-none-eabi/lib/thumb/v7e-m/fpv4-sp/hard\libstdc++.a(eh_personality.o)
 .text.__gxx_personality_v0
                0x0800f7d0      0x4e4 c:/ac6/systemworkbench/plugins/fr.ac6.mcu.externaltools.arm-none.win32_1.17.0.201812190825/tools/compiler/bin/../lib/gcc/arm-none-eabi/7.3.1/../../../../arm-none-eabi/lib/thumb/v7e-m/fpv4-sp/hard\libstdc++.a(eh_personality.o)
                0x0800f7d0                __gxx_personality_v0
 .text._ZN10__cxxabiv1L24__is_gxx_exception_classEPc
                0x0800fcb4       0x3c c:/ac6/systemworkbench/plugins/fr.ac6.mcu.externaltools.arm-none.win32_1.17.0.201812190825/tools/compiler/bin/../lib/gcc/arm-none-eabi/7.3.1/../../../../arm-none-eabi/lib/thumb/v7e-m/fpv4-sp/hard\libstdc++.a(eh_call.o)
 .text.__cxa_call_terminate
                0x0800fcf0       0x20 c:/ac6/systemworkbench/plugins/fr.ac6.mcu.externaltools.arm-none.win32_1.17.0.201812190825/tools/compiler/bin/../lib/gcc/arm-none-eabi/7.3.1/../../../../arm-none-eabi/lib/thumb/v7e-m/fpv4-sp/hard\libstdc++.a(eh_call.o)
                0x0800fcf0                __cxa_call_terminate
 .text.__cxa_call_unexpected
                0x0800fd10       0xdc c:/ac6/systemworkbench/plugins/fr.ac6.mcu.externaltools.arm-none.win32_1.17.0.201812190825/tools/compiler/bin/../lib/gcc/arm-none-eabi/7.3.1/../../../../arm-none-eabi/lib/thumb/v7e-m/fpv4-sp/hard\libstdc++.a(eh_call.o)
                0x0800fd10                __cxa_call_unexpected
 .text._ZN9__gnu_cxx27__verbose_terminate_handlerEv
                0x0800fdec      0x110 c:/ac6/systemworkbench/plugins/fr.ac6.mcu.externaltools.arm-none.win32_1.17.0.201812190825/tools/compiler/bin/../lib/gcc/arm-none-eabi/7.3.1/../../../../arm-none-eabi/lib/thumb/v7e-m/fpv4-sp/hard\libstdc++.a(vterminate.o)
                0x0800fdec                __gnu_cxx::__verbose_terminate_handler()
 .text.__cxa_begin_catch
                0x0800fefc       0x80 c:/ac6/systemworkbench/plugins/fr.ac6.mcu.externaltools.arm-none.win32_1.17.0.201812190825/tools/compiler/bin/../lib/gcc/arm-none-eabi/7.3.1/../../../../arm-none-eabi/lib/thumb/v7e-m/fpv4-sp/hard\libstdc++.a(eh_catch.o)
                0x0800fefc                __cxa_begin_catch
 .text.__cxa_end_catch
                0x0800ff7c       0x88 c:/ac6/systemworkbench/plugins/fr.ac6.mcu.externaltools.arm-none.win32_1.17.0.201812190825/tools/compiler/bin/../lib/gcc/arm-none-eabi/7.3.1/../../../../arm-none-eabi/lib/thumb/v7e-m/fpv4-sp/hard\libstdc++.a(eh_catch.o)
                0x0800ff7c                __cxa_end_catch
 .text.__cxa_get_globals_fast
                0x08010004        0x8 c:/ac6/systemworkbench/plugins/fr.ac6.mcu.externaltools.arm-none.win32_1.17.0.201812190825/tools/compiler/bin/../lib/gcc/arm-none-eabi/7.3.1/../../../../arm-none-eabi/lib/thumb/v7e-m/fpv4-sp/hard\libstdc++.a(eh_globals.o)
                0x08010004                __cxa_get_globals_fast
 .text.__cxa_get_globals
                0x0801000c        0x8 c:/ac6/systemworkbench/plugins/fr.ac6.mcu.externaltools.arm-none.win32_1.17.0.201812190825/tools/compiler/bin/../lib/gcc/arm-none-eabi/7.3.1/../../../../arm-none-eabi/lib/thumb/v7e-m/fpv4-sp/hard\libstdc++.a(eh_globals.o)
                0x0801000c                __cxa_get_globals
 .text.__cxa_current_exception_type
                0x08010014       0x1c c:/ac6/systemworkbench/plugins/fr.ac6.mcu.externaltools.arm-none.win32_1.17.0.201812190825/tools/compiler/bin/../lib/gcc/arm-none-eabi/7.3.1/../../../../arm-none-eabi/lib/thumb/v7e-m/fpv4-sp/hard\libstdc++.a(eh_type.o)
                0x08010014                __cxa_current_exception_type
 .text.abort    0x08010030       0x10 c:/ac6/systemworkbench/plugins/fr.ac6.mcu.externaltools.arm-none.win32_1.17.0.201812190825/tools/compiler/bin/../lib/gcc/arm-none-eabi/7.3.1/../../../../arm-none-eabi/lib/thumb/v7e-m/fpv4-sp/hard\libc.a(lib_a-abort.o)
                0x08010030                abort
 .text.__errno  0x08010040        0xc c:/ac6/systemworkbench/plugins/fr.ac6.mcu.externaltools.arm-none.win32_1.17.0.201812190825/tools/compiler/bin/../lib/gcc/arm-none-eabi/7.3.1/../../../../arm-none-eabi/lib/thumb/v7e-m/fpv4-sp/hard\libc.a(lib_a-errno.o)
                0x08010040                __errno
 .text.fputc    0x0801004c       0x58 c:/ac6/systemworkbench/plugins/fr.ac6.mcu.externaltools.arm-none.win32_1.17.0.201812190825/tools/compiler/bin/../lib/gcc/arm-none-eabi/7.3.1/../../../../arm-none-eabi/lib/thumb/v7e-m/fpv4-sp/hard\libc.a(lib_a-fputc.o)
                0x0801004c                fputc
 .text._fputs_r
                0x080100a4       0x84 c:/ac6/systemworkbench/plugins/fr.ac6.mcu.externaltools.arm-none.win32_1.17.0.201812190825/tools/compiler/bin/../lib/gcc/arm-none-eabi/7.3.1/../../../../arm-none-eabi/lib/thumb/v7e-m/fpv4-sp/hard\libc.a(lib_a-fputs.o)
                0x080100a4                _fputs_r
 .text.fputs    0x08010128       0x10 c:/ac6/systemworkbench/plugins/fr.ac6.mcu.externaltools.arm-none.win32_1.17.0.201812190825/tools/compiler/bin/../lib/gcc/arm-none-eabi/7.3.1/../../../../arm-none-eabi/lib/thumb/v7e-m/fpv4-sp/hard\libc.a(lib_a-fputs.o)
                0x08010128                fputs
 .text.__sfvwrite_r
                0x08010138      0x2fc c:/ac6/systemworkbench/plugins/fr.ac6.mcu.externaltools.arm-none.win32_1.17.0.201812190825/tools/compiler/bin/../lib/gcc/arm-none-eabi/7.3.1/../../../../arm-none-eabi/lib/thumb/v7e-m/fpv4-sp/hard\libc.a(lib_a-fvwrite.o)
                0x08010138                __sfvwrite_r
 .text._fwrite_r
                0x08010434       0xa8 c:/ac6/systemworkbench/plugins/fr.ac6.mcu.externaltools.arm-none.win32_1.17.0.201812190825/tools/compiler/bin/../lib/gcc/arm-none-eabi/7.3.1/../../../../arm-none-eabi/lib/thumb/v7e-m/fpv4-sp/hard\libc.a(lib_a-fwrite.o)
                0x08010434                _fwrite_r
 .text.fwrite   0x080104dc       0x20 c:/ac6/systemworkbench/plugins/fr.ac6.mcu.externaltools.arm-none.win32_1.17.0.201812190825/tools/compiler/bin/../lib/gcc/arm-none-eabi/7.3.1/../../../../arm-none-eabi/lib/thumb/v7e-m/fpv4-sp/hard\libc.a(lib_a-fwrite.o)
                0x080104dc                fwrite
 .text.__libc_init_array
                0x080104fc       0x48 c:/ac6/systemworkbench/plugins/fr.ac6.mcu.externaltools.arm-none.win32_1.17.0.201812190825/tools/compiler/bin/../lib/gcc/arm-none-eabi/7.3.1/../../../../arm-none-eabi/lib/thumb/v7e-m/fpv4-sp/hard\libc.a(lib_a-init.o)
                0x080104fc                __libc_init_array
 .text.__retarget_lock_init_recursive
                0x08010544        0x4 c:/ac6/systemworkbench/plugins/fr.ac6.mcu.externaltools.arm-none.win32_1.17.0.201812190825/tools/compiler/bin/../lib/gcc/arm-none-eabi/7.3.1/../../../../arm-none-eabi/lib/thumb/v7e-m/fpv4-sp/hard\libc.a(lib_a-lock.o)
                0x08010544                __retarget_lock_init_recursive
 .text.__retarget_lock_close_recursive
                0x08010548        0x4 c:/ac6/systemworkbench/plugins/fr.ac6.mcu.externaltools.arm-none.win32_1.17.0.201812190825/tools/compiler/bin/../lib/gcc/arm-none-eabi/7.3.1/../../../../arm-none-eabi/lib/thumb/v7e-m/fpv4-sp/hard\libc.a(lib_a-lock.o)
                0x08010548                __retarget_lock_close_recursive
 .text.__retarget_lock_acquire_recursive
                0x0801054c        0x4 c:/ac6/systemworkbench/plugins/fr.ac6.mcu.externaltools.arm-none.win32_1.17.0.201812190825/tools/compiler/bin/../lib/gcc/arm-none-eabi/7.3.1/../../../../arm-none-eabi/lib/thumb/v7e-m/fpv4-sp/hard\libc.a(lib_a-lock.o)
                0x0801054c                __retarget_lock_acquire_recursive
 .text.__retarget_lock_release_recursive
                0x08010550        0x4 c:/ac6/systemworkbench/plugins/fr.ac6.mcu.externaltools.arm-none.win32_1.17.0.201812190825/tools/compiler/bin/../lib/gcc/arm-none-eabi/7.3.1/../../../../arm-none-eabi/lib/thumb/v7e-m/fpv4-sp/hard\libc.a(lib_a-lock.o)
                0x08010550                __retarget_lock_release_recursive
 .text.malloc   0x08010554       0x10 c:/ac6/systemworkbench/plugins/fr.ac6.mcu.externaltools.arm-none.win32_1.17.0.201812190825/tools/compiler/bin/../lib/gcc/arm-none-eabi/7.3.1/../../../../arm-none-eabi/lib/thumb/v7e-m/fpv4-sp/hard\libc.a(lib_a-malloc.o)
                0x08010554                malloc
 .text.free     0x08010564       0x10 c:/ac6/systemworkbench/plugins/fr.ac6.mcu.externaltools.arm-none.win32_1.17.0.201812190825/tools/compiler/bin/../lib/gcc/arm-none-eabi/7.3.1/../../../../arm-none-eabi/lib/thumb/v7e-m/fpv4-sp/hard\libc.a(lib_a-malloc.o)
                0x08010564                free
 .text._malloc_r
                0x08010574      0x548 c:/ac6/systemworkbench/plugins/fr.ac6.mcu.externaltools.arm-none.win32_1.17.0.201812190825/tools/compiler/bin/../lib/gcc/arm-none-eabi/7.3.1/../../../../arm-none-eabi/lib/thumb/v7e-m/fpv4-sp/hard\libc.a(lib_a-mallocr.o)
                0x08010574                _malloc_r
 .text.memcmp   0x08010abc       0x64 c:/ac6/systemworkbench/plugins/fr.ac6.mcu.externaltools.arm-none.win32_1.17.0.201812190825/tools/compiler/bin/../lib/gcc/arm-none-eabi/7.3.1/../../../../arm-none-eabi/lib/thumb/v7e-m/fpv4-sp/hard\libc.a(lib_a-memcmp.o)
                0x08010abc                memcmp
 .text.memmove  0x08010b20       0xc8 c:/ac6/systemworkbench/plugins/fr.ac6.mcu.externaltools.arm-none.win32_1.17.0.201812190825/tools/compiler/bin/../lib/gcc/arm-none-eabi/7.3.1/../../../../arm-none-eabi/lib/thumb/v7e-m/fpv4-sp/hard\libc.a(lib_a-memmove.o)
                0x08010b20                memmove
 .text.memset   0x08010be8       0x94 c:/ac6/systemworkbench/plugins/fr.ac6.mcu.externaltools.arm-none.win32_1.17.0.201812190825/tools/compiler/bin/../lib/gcc/arm-none-eabi/7.3.1/../../../../arm-none-eabi/lib/thumb/v7e-m/fpv4-sp/hard\libc.a(lib_a-memset.o)
                0x08010be8                memset
 .text.__malloc_lock
                0x08010c7c        0xc c:/ac6/systemworkbench/plugins/fr.ac6.mcu.externaltools.arm-none.win32_1.17.0.201812190825/tools/compiler/bin/../lib/gcc/arm-none-eabi/7.3.1/../../../../arm-none-eabi/lib/thumb/v7e-m/fpv4-sp/hard\libc.a(lib_a-mlock.o)
                0x08010c7c                __malloc_lock
 .text.__malloc_unlock
                0x08010c88        0xc c:/ac6/systemworkbench/plugins/fr.ac6.mcu.externaltools.arm-none.win32_1.17.0.201812190825/tools/compiler/bin/../lib/gcc/arm-none-eabi/7.3.1/../../../../arm-none-eabi/lib/thumb/v7e-m/fpv4-sp/hard\libc.a(lib_a-mlock.o)
                0x08010c88                __malloc_unlock
 .text._putc_r  0x08010c94       0x70 c:/ac6/systemworkbench/plugins/fr.ac6.mcu.externaltools.arm-none.win32_1.17.0.201812190825/tools/compiler/bin/../lib/gcc/arm-none-eabi/7.3.1/../../../../arm-none-eabi/lib/thumb/v7e-m/fpv4-sp/hard\libc.a(lib_a-putc.o)
                0x08010c94                _putc_r
 .text.realloc  0x08010d04       0x10 c:/ac6/systemworkbench/plugins/fr.ac6.mcu.externaltools.arm-none.win32_1.17.0.201812190825/tools/compiler/bin/../lib/gcc/arm-none-eabi/7.3.1/../../../../arm-none-eabi/lib/thumb/v7e-m/fpv4-sp/hard\libc.a(lib_a-realloc.o)
                0x08010d04                realloc
 .text._realloc_r
                0x08010d14      0x35c c:/ac6/systemworkbench/plugins/fr.ac6.mcu.externaltools.arm-none.win32_1.17.0.201812190825/tools/compiler/bin/../lib/gcc/arm-none-eabi/7.3.1/../../../../arm-none-eabi/lib/thumb/v7e-m/fpv4-sp/hard\libc.a(lib_a-reallocr.o)
                0x08010d14                _realloc_r
 .text._sbrk_r  0x08011070       0x24 c:/ac6/systemworkbench/plugins/fr.ac6.mcu.externaltools.arm-none.win32_1.17.0.201812190825/tools/compiler/bin/../lib/gcc/arm-none-eabi/7.3.1/../../../../arm-none-eabi/lib/thumb/v7e-m/fpv4-sp/hard\libc.a(lib_a-sbrkr.o)
                0x08011070                _sbrk_r
 .text._raise_r
                0x08011094       0x58 c:/ac6/systemworkbench/plugins/fr.ac6.mcu.externaltools.arm-none.win32_1.17.0.201812190825/tools/compiler/bin/../lib/gcc/arm-none-eabi/7.3.1/../../../../arm-none-eabi/lib/thumb/v7e-m/fpv4-sp/hard\libc.a(lib_a-signal.o)
                0x08011094                _raise_r
 .text.raise    0x080110ec       0x10 c:/ac6/systemworkbench/plugins/fr.ac6.mcu.externaltools.arm-none.win32_1.17.0.201812190825/tools/compiler/bin/../lib/gcc/arm-none-eabi/7.3.1/../../../../arm-none-eabi/lib/thumb/v7e-m/fpv4-sp/hard\libc.a(lib_a-signal.o)
                0x080110ec                raise
 .text._kill_r  0x080110fc       0x28 c:/ac6/systemworkbench/plugins/fr.ac6.mcu.externaltools.arm-none.win32_1.17.0.201812190825/tools/compiler/bin/../lib/gcc/arm-none-eabi/7.3.1/../../../../arm-none-eabi/lib/thumb/v7e-m/fpv4-sp/hard\libc.a(lib_a-signalr.o)
                0x080110fc                _kill_r
 .text._getpid_r
                0x08011124        0x4 c:/ac6/systemworkbench/plugins/fr.ac6.mcu.externaltools.arm-none.win32_1.17.0.201812190825/tools/compiler/bin/../lib/gcc/arm-none-eabi/7.3.1/../../../../arm-none-eabi/lib/thumb/v7e-m/fpv4-sp/hard\libc.a(lib_a-signalr.o)
                0x08011124                _getpid_r
 .text.sprintf  0x08011128       0x44 c:/ac6/systemworkbench/plugins/fr.ac6.mcu.externaltools.arm-none.win32_1.17.0.201812190825/tools/compiler/bin/../lib/gcc/arm-none-eabi/7.3.1/../../../../arm-none-eabi/lib/thumb/v7e-m/fpv4-sp/hard\libc.a(lib_a-sprintf.o)
                0x08011128                sprintf
 .text.strncmp  0x0801116c       0x98 c:/ac6/systemworkbench/plugins/fr.ac6.mcu.externaltools.arm-none.win32_1.17.0.201812190825/tools/compiler/bin/../lib/gcc/arm-none-eabi/7.3.1/../../../../arm-none-eabi/lib/thumb/v7e-m/fpv4-sp/hard\libc.a(lib_a-strncmp.o)
                0x0801116c                strncmp
 *fill*         0x08011204        0x4 
 .text._svfprintf_r
                0x08011208     0x19cc c:/ac6/systemworkbench/plugins/fr.ac6.mcu.externaltools.arm-none.win32_1.17.0.201812190825/tools/compiler/bin/../lib/gcc/arm-none-eabi/7.3.1/../../../../arm-none-eabi/lib/thumb/v7e-m/fpv4-sp/hard\libc.a(lib_a-svfprintf.o)
                0x08011208                _svfprintf_r
 .text.__swbuf_r
                0x08012bd4       0xb0 c:/ac6/systemworkbench/plugins/fr.ac6.mcu.externaltools.arm-none.win32_1.17.0.201812190825/tools/compiler/bin/../lib/gcc/arm-none-eabi/7.3.1/../../../../arm-none-eabi/lib/thumb/v7e-m/fpv4-sp/hard\libc.a(lib_a-wbuf.o)
                0x08012bd4                __swbuf_r
 .text._write_r
                0x08012c84       0x2c c:/ac6/systemworkbench/plugins/fr.ac6.mcu.externaltools.arm-none.win32_1.17.0.201812190825/tools/compiler/bin/../lib/gcc/arm-none-eabi/7.3.1/../../../../arm-none-eabi/lib/thumb/v7e-m/fpv4-sp/hard\libc.a(lib_a-writer.o)
                0x08012c84                _write_r
 .text.__swsetup_r
                0x08012cb0       0xcc c:/ac6/systemworkbench/plugins/fr.ac6.mcu.externaltools.arm-none.win32_1.17.0.201812190825/tools/compiler/bin/../lib/gcc/arm-none-eabi/7.3.1/../../../../arm-none-eabi/lib/thumb/v7e-m/fpv4-sp/hard\libc.a(lib_a-wsetup.o)
                0x08012cb0                __swsetup_r
 .text.startup.register_fini
                0x08012d7c       0x14 c:/ac6/systemworkbench/plugins/fr.ac6.mcu.externaltools.arm-none.win32_1.17.0.201812190825/tools/compiler/bin/../lib/gcc/arm-none-eabi/7.3.1/../../../../arm-none-eabi/lib/thumb/v7e-m/fpv4-sp/hard\libc.a(lib_a-__call_atexit.o)
 .text.atexit   0x08012d90        0xc c:/ac6/systemworkbench/plugins/fr.ac6.mcu.externaltools.arm-none.win32_1.17.0.201812190825/tools/compiler/bin/../lib/gcc/arm-none-eabi/7.3.1/../../../../arm-none-eabi/lib/thumb/v7e-m/fpv4-sp/hard\libc.a(lib_a-atexit.o)
                0x08012d90                atexit
 .text.quorem   0x08012d9c      0x124 c:/ac6/systemworkbench/plugins/fr.ac6.mcu.externaltools.arm-none.win32_1.17.0.201812190825/tools/compiler/bin/../lib/gcc/arm-none-eabi/7.3.1/../../../../arm-none-eabi/lib/thumb/v7e-m/fpv4-sp/hard\libc.a(lib_a-dtoa.o)
 .text._dtoa_r  0x08012ec0      0xe20 c:/ac6/systemworkbench/plugins/fr.ac6.mcu.externaltools.arm-none.win32_1.17.0.201812190825/tools/compiler/bin/../lib/gcc/arm-none-eabi/7.3.1/../../../../arm-none-eabi/lib/thumb/v7e-m/fpv4-sp/hard\libc.a(lib_a-dtoa.o)
                0x08012ec0                _dtoa_r
 .text.__sflush_r
                0x08013ce0      0x154 c:/ac6/systemworkbench/plugins/fr.ac6.mcu.externaltools.arm-none.win32_1.17.0.201812190825/tools/compiler/bin/../lib/gcc/arm-none-eabi/7.3.1/../../../../arm-none-eabi/lib/thumb/v7e-m/fpv4-sp/hard\libc.a(lib_a-fflush.o)
                0x08013ce0                __sflush_r
 .text._fflush_r
                0x08013e34       0x5c c:/ac6/systemworkbench/plugins/fr.ac6.mcu.externaltools.arm-none.win32_1.17.0.201812190825/tools/compiler/bin/../lib/gcc/arm-none-eabi/7.3.1/../../../../arm-none-eabi/lib/thumb/v7e-m/fpv4-sp/hard\libc.a(lib_a-fflush.o)
                0x08013e34                _fflush_r
 .text.std      0x08013e90       0x50 c:/ac6/systemworkbench/plugins/fr.ac6.mcu.externaltools.arm-none.win32_1.17.0.201812190825/tools/compiler/bin/../lib/gcc/arm-none-eabi/7.3.1/../../../../arm-none-eabi/lib/thumb/v7e-m/fpv4-sp/hard\libc.a(lib_a-findfp.o)
 .text._cleanup_r
                0x08013ee0        0xc c:/ac6/systemworkbench/plugins/fr.ac6.mcu.externaltools.arm-none.win32_1.17.0.201812190825/tools/compiler/bin/../lib/gcc/arm-none-eabi/7.3.1/../../../../arm-none-eabi/lib/thumb/v7e-m/fpv4-sp/hard\libc.a(lib_a-findfp.o)
                0x08013ee0                _cleanup_r
 .text.__sinit  0x08013eec       0x58 c:/ac6/systemworkbench/plugins/fr.ac6.mcu.externaltools.arm-none.win32_1.17.0.201812190825/tools/compiler/bin/../lib/gcc/arm-none-eabi/7.3.1/../../../../arm-none-eabi/lib/thumb/v7e-m/fpv4-sp/hard\libc.a(lib_a-findfp.o)
                0x08013eec                __sinit
 .text.__sfp_lock_acquire
                0x08013f44        0xc c:/ac6/systemworkbench/plugins/fr.ac6.mcu.externaltools.arm-none.win32_1.17.0.201812190825/tools/compiler/bin/../lib/gcc/arm-none-eabi/7.3.1/../../../../arm-none-eabi/lib/thumb/v7e-m/fpv4-sp/hard\libc.a(lib_a-findfp.o)
                0x08013f44                __sfp_lock_acquire
 .text.__sfp_lock_release
                0x08013f50        0xc c:/ac6/systemworkbench/plugins/fr.ac6.mcu.externaltools.arm-none.win32_1.17.0.201812190825/tools/compiler/bin/../lib/gcc/arm-none-eabi/7.3.1/../../../../arm-none-eabi/lib/thumb/v7e-m/fpv4-sp/hard\libc.a(lib_a-findfp.o)
                0x08013f50                __sfp_lock_release
 .text.__libc_fini_array
                0x08013f5c       0x34 c:/ac6/systemworkbench/plugins/fr.ac6.mcu.externaltools.arm-none.win32_1.17.0.201812190825/tools/compiler/bin/../lib/gcc/arm-none-eabi/7.3.1/../../../../arm-none-eabi/lib/thumb/v7e-m/fpv4-sp/hard\libc.a(lib_a-fini.o)
                0x08013f5c                __libc_fini_array
 .text._malloc_trim_r
                0x08013f90       0xa0 c:/ac6/systemworkbench/plugins/fr.ac6.mcu.externaltools.arm-none.win32_1.17.0.201812190825/tools/compiler/bin/../lib/gcc/arm-none-eabi/7.3.1/../../../../arm-none-eabi/lib/thumb/v7e-m/fpv4-sp/hard\libc.a(lib_a-freer.o)
                0x08013f90                _malloc_trim_r
 .text._free_r  0x08014030      0x1e8 c:/ac6/systemworkbench/plugins/fr.ac6.mcu.externaltools.arm-none.win32_1.17.0.201812190825/tools/compiler/bin/../lib/gcc/arm-none-eabi/7.3.1/../../../../arm-none-eabi/lib/thumb/v7e-m/fpv4-sp/hard\libc.a(lib_a-freer.o)
                0x08014030                _free_r
 .text._fwalk_reent
                0x08014218       0x54 c:/ac6/systemworkbench/plugins/fr.ac6.mcu.externaltools.arm-none.win32_1.17.0.201812190825/tools/compiler/bin/../lib/gcc/arm-none-eabi/7.3.1/../../../../arm-none-eabi/lib/thumb/v7e-m/fpv4-sp/hard\libc.a(lib_a-fwalk.o)
                0x08014218                _fwalk_reent
 .text._localeconv_r
                0x0801426c       0x1c c:/ac6/systemworkbench/plugins/fr.ac6.mcu.externaltools.arm-none.win32_1.17.0.201812190825/tools/compiler/bin/../lib/gcc/arm-none-eabi/7.3.1/../../../../arm-none-eabi/lib/thumb/v7e-m/fpv4-sp/hard\libc.a(lib_a-localeconv.o)
                0x0801426c                _localeconv_r
 .text.__swhatbuf_r
                0x08014288       0x5c c:/ac6/systemworkbench/plugins/fr.ac6.mcu.externaltools.arm-none.win32_1.17.0.201812190825/tools/compiler/bin/../lib/gcc/arm-none-eabi/7.3.1/../../../../arm-none-eabi/lib/thumb/v7e-m/fpv4-sp/hard\libc.a(lib_a-makebuf.o)
                0x08014288                __swhatbuf_r
 .text.__smakebuf_r
                0x080142e4       0x94 c:/ac6/systemworkbench/plugins/fr.ac6.mcu.externaltools.arm-none.win32_1.17.0.201812190825/tools/compiler/bin/../lib/gcc/arm-none-eabi/7.3.1/../../../../arm-none-eabi/lib/thumb/v7e-m/fpv4-sp/hard\libc.a(lib_a-makebuf.o)
                0x080142e4                __smakebuf_r
 .text._Balloc  0x08014378       0x4c c:/ac6/systemworkbench/plugins/fr.ac6.mcu.externaltools.arm-none.win32_1.17.0.201812190825/tools/compiler/bin/../lib/gcc/arm-none-eabi/7.3.1/../../../../arm-none-eabi/lib/thumb/v7e-m/fpv4-sp/hard\libc.a(lib_a-mprec.o)
                0x08014378                _Balloc
 .text._Bfree   0x080143c4       0x14 c:/ac6/systemworkbench/plugins/fr.ac6.mcu.externaltools.arm-none.win32_1.17.0.201812190825/tools/compiler/bin/../lib/gcc/arm-none-eabi/7.3.1/../../../../arm-none-eabi/lib/thumb/v7e-m/fpv4-sp/hard\libc.a(lib_a-mprec.o)
                0x080143c4                _Bfree
 .text.__multadd
                0x080143d8       0x80 c:/ac6/systemworkbench/plugins/fr.ac6.mcu.externaltools.arm-none.win32_1.17.0.201812190825/tools/compiler/bin/../lib/gcc/arm-none-eabi/7.3.1/../../../../arm-none-eabi/lib/thumb/v7e-m/fpv4-sp/hard\libc.a(lib_a-mprec.o)
                0x080143d8                __multadd
 .text.__hi0bits
                0x08014458       0x40 c:/ac6/systemworkbench/plugins/fr.ac6.mcu.externaltools.arm-none.win32_1.17.0.201812190825/tools/compiler/bin/../lib/gcc/arm-none-eabi/7.3.1/../../../../arm-none-eabi/lib/thumb/v7e-m/fpv4-sp/hard\libc.a(lib_a-mprec.o)
                0x08014458                __hi0bits
 .text.__lo0bits
                0x08014498       0x60 c:/ac6/systemworkbench/plugins/fr.ac6.mcu.externaltools.arm-none.win32_1.17.0.201812190825/tools/compiler/bin/../lib/gcc/arm-none-eabi/7.3.1/../../../../arm-none-eabi/lib/thumb/v7e-m/fpv4-sp/hard\libc.a(lib_a-mprec.o)
                0x08014498                __lo0bits
 .text.__i2b    0x080144f8       0x14 c:/ac6/systemworkbench/plugins/fr.ac6.mcu.externaltools.arm-none.win32_1.17.0.201812190825/tools/compiler/bin/../lib/gcc/arm-none-eabi/7.3.1/../../../../arm-none-eabi/lib/thumb/v7e-m/fpv4-sp/hard\libc.a(lib_a-mprec.o)
                0x080144f8                __i2b
 .text.__multiply
                0x0801450c      0x14c c:/ac6/systemworkbench/plugins/fr.ac6.mcu.externaltools.arm-none.win32_1.17.0.201812190825/tools/compiler/bin/../lib/gcc/arm-none-eabi/7.3.1/../../../../arm-none-eabi/lib/thumb/v7e-m/fpv4-sp/hard\libc.a(lib_a-mprec.o)
                0x0801450c                __multiply
 .text.__pow5mult
                0x08014658       0xa0 c:/ac6/systemworkbench/plugins/fr.ac6.mcu.externaltools.arm-none.win32_1.17.0.201812190825/tools/compiler/bin/../lib/gcc/arm-none-eabi/7.3.1/../../../../arm-none-eabi/lib/thumb/v7e-m/fpv4-sp/hard\libc.a(lib_a-mprec.o)
                0x08014658                __pow5mult
 .text.__lshift
                0x080146f8       0xac c:/ac6/systemworkbench/plugins/fr.ac6.mcu.externaltools.arm-none.win32_1.17.0.201812190825/tools/compiler/bin/../lib/gcc/arm-none-eabi/7.3.1/../../../../arm-none-eabi/lib/thumb/v7e-m/fpv4-sp/hard\libc.a(lib_a-mprec.o)
                0x080146f8                __lshift
 .text.__mcmp   0x080147a4       0x38 c:/ac6/systemworkbench/plugins/fr.ac6.mcu.externaltools.arm-none.win32_1.17.0.201812190825/tools/compiler/bin/../lib/gcc/arm-none-eabi/7.3.1/../../../../arm-none-eabi/lib/thumb/v7e-m/fpv4-sp/hard\libc.a(lib_a-mprec.o)
                0x080147a4                __mcmp
 .text.__mdiff  0x080147dc       0xec c:/ac6/systemworkbench/plugins/fr.ac6.mcu.externaltools.arm-none.win32_1.17.0.201812190825/tools/compiler/bin/../lib/gcc/arm-none-eabi/7.3.1/../../../../arm-none-eabi/lib/thumb/v7e-m/fpv4-sp/hard\libc.a(lib_a-mprec.o)
                0x080147dc                __mdiff
 .text.__d2b    0x080148c8       0xc4 c:/ac6/systemworkbench/plugins/fr.ac6.mcu.externaltools.arm-none.win32_1.17.0.201812190825/tools/compiler/bin/../lib/gcc/arm-none-eabi/7.3.1/../../../../arm-none-eabi/lib/thumb/v7e-m/fpv4-sp/hard\libc.a(lib_a-mprec.o)
                0x080148c8                __d2b
 .text.frexp    0x0801498c       0x68 c:/ac6/systemworkbench/plugins/fr.ac6.mcu.externaltools.arm-none.win32_1.17.0.201812190825/tools/compiler/bin/../lib/gcc/arm-none-eabi/7.3.1/../../../../arm-none-eabi/lib/thumb/v7e-m/fpv4-sp/hard\libc.a(lib_a-s_frexp.o)
                0x0801498c                frexp
 .text.__sread  0x080149f4       0x24 c:/ac6/systemworkbench/plugins/fr.ac6.mcu.externaltools.arm-none.win32_1.17.0.201812190825/tools/compiler/bin/../lib/gcc/arm-none-eabi/7.3.1/../../../../arm-none-eabi/lib/thumb/v7e-m/fpv4-sp/hard\libc.a(lib_a-stdio.o)
                0x080149f4                __sread
 .text.__swrite
                0x08014a18       0x3c c:/ac6/systemworkbench/plugins/fr.ac6.mcu.externaltools.arm-none.win32_1.17.0.201812190825/tools/compiler/bin/../lib/gcc/arm-none-eabi/7.3.1/../../../../arm-none-eabi/lib/thumb/v7e-m/fpv4-sp/hard\libc.a(lib_a-stdio.o)
                0x08014a18                __swrite
 .text.__sseek  0x08014a54       0x20 c:/ac6/systemworkbench/plugins/fr.ac6.mcu.externaltools.arm-none.win32_1.17.0.201812190825/tools/compiler/bin/../lib/gcc/arm-none-eabi/7.3.1/../../../../arm-none-eabi/lib/thumb/v7e-m/fpv4-sp/hard\libc.a(lib_a-stdio.o)
                0x08014a54                __sseek
 .text.__sclose
                0x08014a74        0x8 c:/ac6/systemworkbench/plugins/fr.ac6.mcu.externaltools.arm-none.win32_1.17.0.201812190825/tools/compiler/bin/../lib/gcc/arm-none-eabi/7.3.1/../../../../arm-none-eabi/lib/thumb/v7e-m/fpv4-sp/hard\libc.a(lib_a-stdio.o)
                0x08014a74                __sclose
 .text.strncpy  0x08014a7c       0x64 c:/ac6/systemworkbench/plugins/fr.ac6.mcu.externaltools.arm-none.win32_1.17.0.201812190825/tools/compiler/bin/../lib/gcc/arm-none-eabi/7.3.1/../../../../arm-none-eabi/lib/thumb/v7e-m/fpv4-sp/hard\libc.a(lib_a-strncpy.o)
                0x08014a7c                strncpy
 .text.__ssprint_r
                0x08014ae0       0xf4 c:/ac6/systemworkbench/plugins/fr.ac6.mcu.externaltools.arm-none.win32_1.17.0.201812190825/tools/compiler/bin/../lib/gcc/arm-none-eabi/7.3.1/../../../../arm-none-eabi/lib/thumb/v7e-m/fpv4-sp/hard\libc.a(lib_a-svfiprintf.o)
                0x08014ae0                __ssprint_r
 .text.__register_exitproc
                0x08014bd4       0xc0 c:/ac6/systemworkbench/plugins/fr.ac6.mcu.externaltools.arm-none.win32_1.17.0.201812190825/tools/compiler/bin/../lib/gcc/arm-none-eabi/7.3.1/../../../../arm-none-eabi/lib/thumb/v7e-m/fpv4-sp/hard\libc.a(lib_a-__atexit.o)
                0x08014bd4                __register_exitproc
 .text._calloc_r