Archive member included to satisfy reference by file (symbol)

c:/ac6/systemworkbench/plugins/fr.ac6.mcu.externaltools.arm-none.win32_1.17.0.201812190825/tools/compiler/bin/../lib/gcc/arm-none-eabi/7.3.1/../../../../arm-none-eabi/lib/thumb/v7e-m/fpv4-sp/hard\libc.a(lib_a-exit.o)
                              c:/ac6/systemworkbench/plugins/fr.ac6.mcu.externaltools.arm-none.win32_1.17.0.201812190825/tools/compiler/bin/../lib/gcc/arm-none-eabi/7.3.1/../../../../arm-none-eabi/lib/thumb/v7e-m/fpv4-sp/hard/rdimon-crt0.o (exit)
c:/ac6/systemworkbench/plugins/fr.ac6.mcu.externaltools.arm-none.win32_1.17.0.201812190825/tools/compiler/bin/../lib/gcc/arm-none-eabi/7.3.1/../../../../arm-none-eabi/lib/thumb/v7e-m/fpv4-sp/hard\libc.a(lib_a-impure.o)
                              c:/ac6/systemworkbench/plugins/fr.ac6.mcu.externaltools.arm-none.win32_1.17.0.201812190825/tools/compiler/bin/../lib/gcc/arm-none-eabi/7.3.1/../../../../arm-none-eabi/lib/thumb/v7e-m/fpv4-sp/hard\libc.a(lib_a-exit.o) (_global_impure_ptr)
c:/ac6/systemworkbench/plugins/fr.ac6.mcu.externaltools.arm-none.win32_1.17.0.201812190825/tools/compiler/bin/../lib/gcc/arm-none-eabi/7.3.1/../../../../arm-none-eabi/lib/thumb/v7e-m/fpv4-sp/hard\libc.a(lib_a-init.o)
                              c:/ac6/systemworkbench/plugins/fr.ac6.mcu.externaltools.arm-none.win32_1.17.0.201812190825/tools/compiler/bin/../lib/gcc/arm-none-eabi/7.3.1/../../../../arm-none-eabi/lib/thumb/v7e-m/fpv4-sp/hard/rdimon-crt0.o (__libc_init_array)
c:/ac6/systemworkbench/plugins/fr.ac6.mcu.externaltools.arm-none.win32_1.17.0.201812190825/tools/compiler/bin/../lib/gcc/arm-none-eabi/7.3.1/../../../../arm-none-eabi/lib/thumb/v7e-m/fpv4-sp/hard\libc.a(lib_a-memset.o)
                              c:/ac6/systemworkbench/plugins/fr.ac6.mcu.externaltools.arm-none.win32_1.17.0.201812190825/tools/compiler/bin/../lib/gcc/arm-none-eabi/7.3.1/../../../../arm-none-eabi/lib/thumb/v7e-m/fpv4-sp/hard/rdimon-crt0.o (memset)
c:/ac6/systemworkbench/plugins/fr.ac6.mcu.externaltools.arm-none.win32_1.17.0.201812190825/tools/compiler/bin/../lib/gcc/arm-none-eabi/7.3.1/../../../../arm-none-eabi/lib/thumb/v7e-m/fpv4-sp/hard\libc.a(lib_a-__call_atexit.o)
                              c:/ac6/systemworkbench/plugins/fr.ac6.mcu.externaltools.arm-none.win32_1.17.0.201812190825/tools/compiler/bin/../lib/gcc/arm-none-eabi/7.3.1/../../../../arm-none-eabi/lib/thumb/v7e-m/fpv4-sp/hard\libc.a(lib_a-exit.o) (__call_exitprocs)
c:/ac6/systemworkbench/plugins/fr.ac6.mcu.externaltools.arm-none.win32_1.17.0.201812190825/tools/compiler/bin/../lib/gcc/arm-none-eabi/7.3.1/../../../../arm-none-eabi/lib/thumb/v7e-m/fpv4-sp/hard\libc.a(lib_a-atexit.o)
                              c:/ac6/systemworkbench/plugins/fr.ac6.mcu.externaltools.arm-none.win32_1.17.0.201812190825/tools/compiler/bin/../lib/gcc/arm-none-eabi/7.3.1/../../../../arm-none-eabi/lib/thumb/v7e-m/fpv4-sp/hard\libc.a(lib_a-__call_atexit.o) (atexit)
c:/ac6/systemworkbench/plugins/fr.ac6.mcu.externaltools.arm-none.win32_1.17.0.201812190825/tools/compiler/bin/../lib/gcc/arm-none-eabi/7.3.1/../../../../arm-none-eabi/lib/thumb/v7e-m/fpv4-sp/hard\libc.a(lib_a-fini.o)
                              c:/ac6/systemworkbench/plugins/fr.ac6.mcu.externaltools.arm-none.win32_1.17.0.201812190825/tools/compiler/bin/../lib/gcc/arm-none-eabi/7.3.1/../../../../arm-none-eabi/lib/thumb/v7e-m/fpv4-sp/hard\libc.a(lib_a-__call_atexit.o) (__libc_fini_array)
c:/ac6/systemworkbench/plugins/fr.ac6.mcu.externaltools.arm-none.win32_1.17.0.201812190825/tools/compiler/bin/../lib/gcc/arm-none-eabi/7.3.1/../../../../arm-none-eabi/lib/thumb/v7e-m/fpv4-sp/hard\libc.a(lib_a-lock.o)
                              c:/ac6/systemworkbench/plugins/fr.ac6.mcu.externaltools.arm-none.win32_1.17.0.201812190825/tools/compiler/bin/../lib/gcc/arm-none-eabi/7.3.1/../../../../arm-none-eabi/lib/thumb/v7e-m/fpv4-sp/hard\libc.a(lib_a-__call_atexit.o) (__retarget_lock_acquire_recursive)
c:/ac6/systemworkbench/plugins/fr.ac6.mcu.externaltools.arm-none.win32_1.17.0.201812190825/tools/compiler/bin/../lib/gcc/arm-none-eabi/7.3.1/../../../../arm-none-eabi/lib/thumb/v7e-m/fpv4-sp/hard\libc.a(lib_a-__atexit.o)
                              c:/ac6/systemworkbench/plugins/fr.ac6.mcu.externaltools.arm-none.win32_1.17.0.201812190825/tools/compiler/bin/../lib/gcc/arm-none-eabi/7.3.1/../../../../arm-none-eabi/lib/thumb/v7e-m/fpv4-sp/hard\libc.a(lib_a-atexit.o) (__register_exitproc)
c:/ac6/systemworkbench/plugins/fr.ac6.mcu.externaltools.arm-none.win32_1.17.0.201812190825/tools/compiler/bin/../lib/gcc/arm-none-eabi/7.3.1/../../../../arm-none-eabi/lib/thumb/v7e-m/fpv4-sp/hard\librdimon.a(rdimon-syscalls.o)
                              c:/ac6/systemworkbench/plugins/fr.ac6.mcu.externaltools.arm-none.win32_1.17.0.201812190825/tools/compiler/bin/../lib/gcc/arm-none-eabi/7.3.1/../../../../arm-none-eabi/lib/thumb/v7e-m/fpv4-sp/hard/rdimon-crt0.o (initialise_monitor_handles)
[...]
Memory Configuration

Name             Origin             Length             Attributes
RAM              0x20000000         0x00020000         xrw
ROM              0x08000000         0x00080000         xr
*default*        0x00000000         0xffffffff

Linker script and memory map

LOAD c:/ac6/systemworkbench/plugins/fr.ac6.mcu.externaltools.arm-none.win32_1.17.0.201812190825/tools/compiler/bin/../lib/gcc/arm-none-eabi/7.3.1/thumb/v7e-m/fpv4-sp/hard/crti.o
LOAD c:/ac6/systemworkbench/plugins/fr.ac6.mcu.externaltools.arm-none.win32_1.17.0.201812190825/tools/compiler/bin/../lib/gcc/arm-none-eabi/7.3.1/thumb/v7e-m/fpv4-sp/hard/crtbegin.o
LOAD c:/ac6/systemworkbench/plugins/fr.ac6.mcu.externaltools.arm-none.win32_1.17.0.201812190825/tools/compiler/bin/../lib/gcc/arm-none-eabi/7.3.1/../../../../arm-none-eabi/lib/thumb/v7e-m/fpv4-sp/hard/rdimon-crt0.o
LOAD c:/ac6/systemworkbench/plugins/fr.ac6.mcu.externaltools.arm-none.win32_1.17.0.201812190825/tools/compiler/bin/../lib/gcc/arm-none-eabi/7.3.1/../../../../arm-none-eabi/lib/thumb/v7e-m/fpv4-sp/hard\libc.a
LOAD c:/ac6/systemworkbench/plugins/fr.ac6.mcu.externaltools.arm-none.win32_1.17.0.201812190825/tools/compiler/bin/../lib/gcc/arm-none-eabi/7.3.1/../../../../arm-none-eabi/lib/thumb/v7e-m/fpv4-sp/hard\librdimon.a
LOAD StdPeriph_Driver/src/misc.o
LOAD StdPeriph_Driver/src/stm32f4xx_adc.o
LOAD StdPeriph_Driver/src/stm32f4xx_can.o
LOAD StdPeriph_Driver/src/stm32f4xx_cec.o
LOAD StdPeriph_Driver/src/stm32f4xx_crc.o
LOAD StdPeriph_Driver/src/stm32f4xx_cryp.o
LOAD StdPeriph_Driver/src/stm32f4xx_cryp_aes.o
LOAD StdPeriph_Driver/src/stm32f4xx_cryp_des.o
LOAD StdPeriph_Driver/src/stm32f4xx_cryp_tdes.o
LOAD StdPeriph_Driver/src/stm32f4xx_dac.o
LOAD StdPeriph_Driver/src/stm32f4xx_dbgmcu.o
LOAD StdPeriph_Driver/src/stm32f4xx_dcmi.o
LOAD StdPeriph_Driver/src/stm32f4xx_dfsdm.o
LOAD StdPeriph_Driver/src/stm32f4xx_dma.o
LOAD StdPeriph_Driver/src/stm32f4xx_dma2d.o
LOAD StdPeriph_Driver/src/stm32f4xx_dsi.o
LOAD StdPeriph_Driver/src/stm32f4xx_exti.o
LOAD StdPeriph_Driver/src/stm32f4xx_flash.o
LOAD StdPeriph_Driver/src/stm32f4xx_flash_ramfunc.o
LOAD StdPeriph_Driver/src/stm32f4xx_fmc.o
LOAD StdPeriph_Driver/src/stm32f4xx_fmip2c.o
LOAD StdPeriph_Driver/src/stm32f4xx_fsmc.o
LOAD StdPeriph_Driver/src/stm32f4xx_gpio.o
LOAD StdPeriph_Driver/src/stm32f4xx_hash.o
LOAD StdPeriph_Driver/src/stm32f4xx_hash_md5.o
LOAD StdPeriph_Driver/src/stm32f4xx_hash_sha1.o
LOAD StdPeriph_Driver/src/stm32f4xx_i2c.o
LOAD StdPeriph_Driver/src/stm32f4xx_iwdg.o
LOAD StdPeriph_Driver/src/stm32f4xx_lptim.o
LOAD StdPeriph_Driver/src/stm32f4xx_ltdc.o
LOAD StdPeriph_Driver/src/stm32f4xx_pwr.o
LOAD StdPeriph_Driver/src/stm32f4xx_qspi.o
LOAD StdPeriph_Driver/src/stm32f4xx_rcc.o
LOAD StdPeriph_Driver/src/stm32f4xx_rng.o
LOAD StdPeriph_Driver/src/stm32f4xx_rtc.o
LOAD StdPeriph_Driver/src/stm32f4xx_sai.o
LOAD StdPeriph_Driver/src/stm32f4xx_sdio.o
LOAD StdPeriph_Driver/src/stm32f4xx_spdifrx.o
LOAD StdPeriph_Driver/src/stm32f4xx_spi.o
LOAD StdPeriph_Driver/src/stm32f4xx_syscfg.o
LOAD StdPeriph_Driver/src/stm32f4xx_tim.o
LOAD StdPeriph_Driver/src/stm32f4xx_usart.o
LOAD StdPeriph_Driver/src/stm32f4xx_wwdg.o
LOAD ThirdParty/FreeRTOS/org/Source/croutine.o
LOAD ThirdParty/FreeRTOS/org/Source/event_groups.o
LOAD ThirdParty/FreeRTOS/org/Source/list.o
LOAD ThirdParty/FreeRTOS/org/Source/queue.o
LOAD ThirdParty/FreeRTOS/org/Source/stream_buffer.o
LOAD ThirdParty/FreeRTOS/org/Source/tasks.o
LOAD ThirdParty/FreeRTOS/org/Source/timers.o
LOAD ThirdParty/FreeRTOS/org/Source/portable/GCC/ARM_CM4F/port.o
LOAD ThirdParty/FreeRTOS/org/Source/portable/MemMang/heap_4.o
LOAD ThirdParty/Segger/Config/SEGGER_SYSVIEW_Config_FreeRTOS.o
LOAD ThirdParty/Segger/OS/SEGGER_SYSVIEW_FreeRTOS.o
LOAD ThirdParty/Segger/Segger/SEGGER_RTT.o
LOAD ThirdParty/Segger/Segger/SEGGER_RTT_ASM_ARMv7M.o
LOAD ThirdParty/Segger/Segger/SEGGER_RTT_printf.o
LOAD ThirdParty/Segger/Segger/SEGGER_SYSVIEW.o
LOAD src/AppCommands.o
LOAD src/HostTask.o
LOAD src/Interrupt_Handlers.o
LOAD src/MotorControl.o
LOAD src/UartAPI.o
LOAD src/asic.o
LOAD src/distanceMeasure.o
LOAD src/haL_uart.o
LOAD src/hal_clock.o
LOAD src/hal_flash.o
LOAD src/hal_gpio.o
LOAD src/hal_interrupt.o
LOAD src/hal_timer.o
LOAD src/main.o
LOAD src/system_stm32f4xx.o
LOAD startup/startup_stm32.o
LOAD c:/ac6/systemworkbench/plugins/fr.ac6.mcu.externaltools.arm-none.win32_1.17.0.201812190825/tools/compiler/bin/../lib/gcc/arm-none-eabi/7.3.1/../../../../arm-none-eabi/lib/thumb/v7e-m/fpv4-sp/hard\libm.a
START GROUP
LOAD c:/ac6/systemworkbench/plugins/fr.ac6.mcu.externaltools.arm-none.win32_1.17.0.201812190825/tools/compiler/bin/../lib/gcc/arm-none-eabi/7.3.1/thumb/v7e-m/fpv4-sp/hard\libgcc.a
LOAD c:/ac6/systemworkbench/plugins/fr.ac6.mcu.externaltools.arm-none.win32_1.17.0.201812190825/tools/compiler/bin/../lib/gcc/arm-none-eabi/7.3.1/../../../../arm-none-eabi/lib/thumb/v7e-m/fpv4-sp/hard\libc.a
END GROUP
START GROUP
LOAD c:/ac6/systemworkbench/plugins/fr.ac6.mcu.externaltools.arm-none.win32_1.17.0.201812190825/tools/compiler/bin/../lib/gcc/arm-none-eabi/7.3.1/thumb/v7e-m/fpv4-sp/hard\libgcc.a
LOAD c:/ac6/systemworkbench/plugins/fr.ac6.mcu.externaltools.arm-none.win32_1.17.0.201812190825/tools/compiler/bin/../lib/gcc/arm-none-eabi/7.3.1/../../../../arm-none-eabi/lib/thumb/v7e-m/fpv4-sp/hard\libc.a
LOAD c:/ac6/systemworkbench/plugins/fr.ac6.mcu.externaltools.arm-none.win32_1.17.0.201812190825/tools/compiler/bin/../lib/gcc/arm-none-eabi/7.3.1/../../../../arm-none-eabi/lib/thumb/v7e-m/fpv4-sp/hard\librdimon.a
END GROUP
LOAD c:/ac6/systemworkbench/plugins/fr.ac6.mcu.externaltools.arm-none.win32_1.17.0.201812190825/tools/compiler/bin/../lib/gcc/arm-none-eabi/7.3.1/thumb/v7e-m/fpv4-sp/hard/crtend.o
LOAD c:/ac6/systemworkbench/plugins/fr.ac6.mcu.externaltools.arm-none.win32_1.17.0.201812190825/tools/compiler/bin/../lib/gcc/arm-none-eabi/7.3.1/thumb/v7e-m/fpv4-sp/hard/crtn.o
                0x20020000                _estack = 0x20020000
                0x00000000                _Min_Heap_Size = 0x0
                0x00000400                _Min_Stack_Size = 0x400

.isr_vector     0x08000000      0x1c4
                0x08000000                . = ALIGN (0x4)
 *(.isr_vector)
 .isr_vector    0x08000000      0x1c4 startup/startup_stm32.o
                0x08000000                g_pfnVectors
                0x080001c4                . = ALIGN (0x4)

.text           0x08000200     0xaea4
                0x08000200                . = ALIGN (0x4)
 *(.text)
 .text          0x08000200       0x40 c:/ac6/systemworkbench/plugins/fr.ac6.mcu.externaltools.arm-none.win32_1.17.0.201812190825/tools/compiler/bin/../lib/gcc/arm-none-eabi/7.3.1/thumb/v7e-m/fpv4-sp/hard/crtbegin.o
 .text          0x08000240       0x8c ThirdParty/Segger/Segger/SEGGER_RTT_ASM_ARMv7M.o
                0x08000240                SEGGER_RTT_ASM_WriteSkipNoLock
 .text          0x080002cc      0x134 c:/ac6/systemworkbench/plugins/fr.ac6.mcu.externaltools.arm-none.win32_1.17.0.201812190825/tools/compiler/bin/../lib/gcc/arm-none-eabi/7.3.1/../../../../arm-none-eabi/lib/thumb/v7e-m/fpv4-sp/hard\libc.a(lib_a-memcpy.o)
                0x080002cc                memcpy
 .text          0x08000400       0xdc c:/ac6/systemworkbench/plugins/fr.ac6.mcu.externaltools.arm-none.win32_1.17.0.201812190825/tools/compiler/bin/../lib/gcc/arm-none-eabi/7.3.1/../../../../arm-none-eabi/lib/thumb/v7e-m/fpv4-sp/hard\libc.a(lib_a-strlen.o)
                0x08000400                strlen
 *fill*         0x080004dc        0x4 
 .text          0x080004e0       0xa0 c:/ac6/systemworkbench/plugins/fr.ac6.mcu.externaltools.arm-none.win32_1.17.0.201812190825/tools/compiler/bin/../lib/gcc/arm-none-eabi/7.3.1/../../../../arm-none-eabi/lib/thumb/v7e-m/fpv4-sp/hard\libc.a(lib_a-memchr.o)
                0x080004e0                memchr
 .text          0x08000580      0x378 c:/ac6/systemworkbench/plugins/fr.ac6.mcu.externaltools.arm-none.win32_1.17.0.201812190825/tools/compiler/bin/../lib/gcc/arm-none-eabi/7.3.1/thumb/v7e-m/fpv4-sp/hard\libgcc.a(_arm_addsubdf3.o)
                0x08000580                __aeabi_drsub
                0x08000588                __aeabi_dsub
                0x08000588                __subdf3
                0x0800058c                __aeabi_dadd
                0x0800058c                __adddf3
                0x08000804                __floatunsidf
                0x08000804                __aeabi_ui2d
                0x08000824                __floatsidf
                0x08000824                __aeabi_i2d
                0x08000848                __aeabi_f2d
                0x08000848                __extendsfdf2
                0x0800088c                __floatundidf
                0x0800088c                __aeabi_ul2d
                0x0800089c                __floatdidf
                0x0800089c                __aeabi_l2d
 .text          0x080008f8      0x424 c:/ac6/systemworkbench/plugins/fr.ac6.mcu.externaltools.arm-none.win32_1.17.0.201812190825/tools/compiler/bin/../lib/gcc/arm-none-eabi/7.3.1/thumb/v7e-m/fpv4-sp/hard\libgcc.a(_arm_muldivdf3.o)
                0x080008f8                __aeabi_dmul
                0x080008f8                __muldf3
                0x08000b4c                __divdf3
                0x08000b4c                __aeabi_ddiv
 .text          0x08000d1c      0x110 c:/ac6/systemworkbench/plugins/fr.ac6.mcu.externaltools.arm-none.win32_1.17.0.201812190825/tools/compiler/bin/../lib/gcc/arm-none-eabi/7.3.1/thumb/v7e-m/fpv4-sp/hard\libgcc.a(_arm_cmpdf2.o)
                0x08000d1c                __gtdf2
                0x08000d1c                __gedf2
                0x08000d24                __ltdf2
                0x08000d24                __ledf2
                0x08000d2c                __nedf2
                0x08000d2c                __eqdf2
                0x08000d2c                __cmpdf2
                0x08000da8                __aeabi_cdrcmple
                0x08000db8                __aeabi_cdcmpeq
                0x08000db8                __aeabi_cdcmple
                0x08000dc8                __aeabi_dcmpeq
                0x08000ddc                __aeabi_dcmplt
                0x08000df0                __aeabi_dcmple
                0x08000e04                __aeabi_dcmpge
                0x08000e18                __aeabi_dcmpgt
 .text          0x08000e2c       0x2c c:/ac6/systemworkbench/plugins/fr.ac6.mcu.externaltools.arm-none.win32_1.17.0.201812190825/tools/compiler/bin/../lib/gcc/arm-none-eabi/7.3.1/thumb/v7e-m/fpv4-sp/hard\libgcc.a(_arm_unorddf2.o)
                0x08000e2c                __unorddf2
                0x08000e2c                __aeabi_dcmpun
 .text          0x08000e58       0x50 c:/ac6/systemworkbench/plugins/fr.ac6.mcu.externaltools.arm-none.win32_1.17.0.201812190825/tools/compiler/bin/../lib/gcc/arm-none-eabi/7.3.1/thumb/v7e-m/fpv4-sp/hard\libgcc.a(_arm_fixdfsi.o)
                0x08000e58                __aeabi_d2iz
                0x08000e58                __fixdfsi
 .text          0x08000ea8       0x30 c:/ac6/systemworkbench/plugins/fr.ac6.mcu.externaltools.arm-none.win32_1.17.0.201812190825/tools/compiler/bin/../lib/gcc/arm-none-eabi/7.3.1/thumb/v7e-m/fpv4-sp/hard\libgcc.a(_aeabi_uldivmod.o)
                0x08000ea8                __aeabi_uldivmod
 .text          0x08000ed8      0x2cc c:/ac6/systemworkbench/plugins/fr.ac6.mcu.externaltools.arm-none.win32_1.17.0.201812190825/tools/compiler/bin/../lib/gcc/arm-none-eabi/7.3.1/thumb/v7e-m/fpv4-sp/hard\libgcc.a(_udivmoddi4.o)
                0x08000ed8                __udivmoddi4
 .text          0x080011a4        0x4 c:/ac6/systemworkbench/plugins/fr.ac6.mcu.externaltools.arm-none.win32_1.17.0.201812190825/tools/compiler/bin/../lib/gcc/arm-none-eabi/7.3.1/thumb/v7e-m/fpv4-sp/hard\libgcc.a(_dvmd_tls.o)
                0x080011a4                __aeabi_idiv0
                0x080011a4                __aeabi_ldiv0
 *(.text*)
 .text.__libc_init_array
                0x080011a8       0x48 c:/ac6/systemworkbench/plugins/fr.ac6.mcu.externaltools.arm-none.win32_1.17.0.201812190825/tools/compiler/bin/../lib/gcc/arm-none-eabi/7.3.1/../../../../arm-none-eabi/lib/thumb/v7e-m/fpv4-sp/hard\libc.a(lib_a-init.o)
                0x080011a8                __libc_init_array
 .text.memset   0x080011f0       0x94 c:/ac6/systemworkbench/plugins/fr.ac6.mcu.externaltools.arm-none.win32_1.17.0.201812190825/tools/compiler/bin/../lib/gcc/arm-none-eabi/7.3.1/../../../../arm-none-eabi/lib/thumb/v7e-m/fpv4-sp/hard\libc.a(lib_a-memset.o)
                0x080011f0                memset
 .text.startup.register_fini
                0x08001284       0x14 c:/ac6/systemworkbench/plugins/fr.ac6.mcu.externaltools.arm-none.win32_1.17.0.201812190825/tools/compiler/bin/../lib/gcc/arm-none-eabi/7.3.1/../../../../arm-none-eabi/lib/thumb/v7e-m/fpv4-sp/hard\libc.a(lib_a-__call_atexit.o)
 .text.atexit   0x08001298        0xc c:/ac6/systemworkbench/plugins/fr.ac6.mcu.externaltools.arm-none.win32_1.17.0.201812190825/tools/compiler/bin/../lib/gcc/arm-none-eabi/7.3.1/../../../../arm-none-eabi/lib/thumb/v7e-m/fpv4-sp/hard\libc.a(lib_a-atexit.o)
                0x08001298                atexit
 .text.__libc_fini_array
                0x080012a4       0x34 c:/ac6/systemworkbench/plugins/fr.ac6.mcu.externaltools.arm-none.win32_1.17.0.201812190825/tools/compiler/bin/../lib/gcc/arm-none-eabi/7.3.1/../../../../arm-none-eabi/lib/thumb/v7e-m/fpv4-sp/hard\libc.a(lib_a-fini.o)
                0x080012a4                __libc_fini_array
 .text.__retarget_lock_acquire_recursive
                0x080012d8        0x4 c:/ac6/systemworkbench/plugins/fr.ac6.mcu.externaltools.arm-none.win32_1.17.0.201812190825/tools/compiler/bin/../lib/gcc/arm-none-eabi/7.3.1/../../../../arm-none-eabi/lib/thumb/v7e-m/fpv4-sp/hard\libc.a(lib_a-lock.o)
                0x080012d8                __retarget_lock_acquire_recursive
 .text.__retarget_lock_release_recursive
                0x080012dc        0x4 c:/ac6/systemworkbench/plugins/fr.ac6.mcu.externaltools.arm-none.win32_1.17.0.201812190825/tools/compiler/bin/../lib/gcc/arm-none-eabi/7.3.1/../../../../arm-none-eabi/lib/thumb/v7e-m/fpv4-sp/hard\libc.a(lib_a-lock.o)
                0x080012dc                __retarget_lock_release_recursive
 .text.__register_exitproc
                0x080012e0       0xc0 c:/ac6/systemworkbench/plugins/fr.ac6.mcu.externaltools.arm-none.win32_1.17.0.201812190825/tools/compiler/bin/../lib/gcc/arm-none-eabi/7.3.1/../../../../arm-none-eabi/lib/thumb/v7e-m/fpv4-sp/hard\libc.a(lib_a-__atexit.o)
                0x080012e0                __register_exitproc
 .text._sbrk    0x080013a0       0x4c c:/ac6/systemworkbench/plugins/fr.ac6.mcu.externaltools.arm-none.win32_1.17.0.201812190825/tools/compiler/bin/../lib/gcc/arm-none-eabi/7.3.1/../../../../arm-none-eabi/lib/thumb/v7e-m/fpv4-sp/hard\librdimon.a(rdimon-syscalls.o)
                0x080013a0                _sbrk
 .text.EXTI_Init
                0x080013ec       0xe4 StdPeriph_Driver/src/stm32f4xx_exti.o
                0x080013ec                EXTI_Init
 .text.EXTI_ClearITPendingBit
                0x080014d0       0x20 StdPeriph_Driver/src/stm32f4xx_exti.o
                0x080014d0                EXTI_ClearITPendingBit
 .text.GPIO_Init
                0x080014f0      0x11c StdPeriph_Driver/src/stm32f4xx_gpio.o
                0x080014f0                GPIO_Init
 .text.GPIO_ReadInputDataBit
                0x0800160c       0x34 StdPeriph_Driver/src/stm32f4xx_gpio.o
                0x0800160c                GPIO_ReadInputDataBit
 .text.GPIO_WriteBit
                0x08001640       0x30 StdPeriph_Driver/src/stm32f4xx_gpio.o
                0x08001640                GPIO_WriteBit
 .text.GPIO_ToggleBits
                0x08001670       0x24 StdPeriph_Driver/src/stm32f4xx_gpio.o
                0x08001670                GPIO_ToggleBits
 .text.GPIO_PinAFConfig
                0x08001694       0x92 StdPeriph_Driver/src/stm32f4xx_gpio.o
                0x08001694                GPIO_PinAFConfig
 *fill*         0x08001726        0x2 
 .text.RCC_GetClocksFreq
                0x08001728      0x150 StdPeriph_Driver/src/stm32f4xx_rcc.o
                0x08001728                RCC_GetClocksFreq
 .text.RCC_AHB1PeriphClockCmd
                0x08001878       0x40 StdPeriph_Driver/src/stm32f4xx_rcc.o
                0x08001878                RCC_AHB1PeriphClockCmd
 .text.RCC_APB1PeriphClockCmd
                0x080018b8       0x40 StdPeriph_Driver/src/stm32f4xx_rcc.o
                0x080018b8                RCC_APB1PeriphClockCmd
 .text.RCC_APB2PeriphClockCmd
                0x080018f8       0x40 StdPeriph_Driver/src/stm32f4xx_rcc.o
                0x080018f8                RCC_APB2PeriphClockCmd
 .text.SYSCFG_EXTILineConfig
                0x08001938       0x84 StdPeriph_Driver/src/stm32f4xx_syscfg.o
                0x08001938                SYSCFG_EXTILineConfig
 .text.USART_Init
                0x080019bc      0x174 StdPeriph_Driver/src/stm32f4xx_usart.o
                0x080019bc                USART_Init
 .text.USART_Cmd
                0x08001b30       0x40 StdPeriph_Driver/src/stm32f4xx_usart.o
                0x08001b30                USART_Cmd
 .text.USART_SendData
                0x08001b70       0x24 StdPeriph_Driver/src/stm32f4xx_usart.o
                0x08001b70                USART_SendData
 .text.USART_ReceiveData
                0x08001b94       0x20 StdPeriph_Driver/src/stm32f4xx_usart.o
                0x08001b94                USART_ReceiveData
 .text.USART_ITConfig
                0x08001bb4       0x90 StdPeriph_Driver/src/stm32f4xx_usart.o
                0x08001bb4                USART_ITConfig
 .text.USART_GetFlagStatus
                0x08001c44       0x38 StdPeriph_Driver/src/stm32f4xx_usart.o
                0x08001c44                USART_GetFlagStatus
 .text.USART_ClearFlag
                0x08001c7c       0x22 StdPeriph_Driver/src/stm32f4xx_usart.o
                0x08001c7c                USART_ClearFlag
 .text.USART_GetITStatus
                0x08001c9e       0xb6 StdPeriph_Driver/src/stm32f4xx_usart.o
                0x08001c9e                USART_GetITStatus
 .text.xEventGroupCreate
                0x08001d54       0x2e ThirdParty/FreeRTOS/org/Source/event_groups.o
                0x08001d54                xEventGroupCreate
 *fill*         0x08001d82        0x2 
 .text.xEventGroupWaitBits
                0x08001d84      0x194 ThirdParty/FreeRTOS/org/Source/event_groups.o
                0x08001d84                xEventGroupWaitBits
 .text.xEventGroupClearBits
                0x08001f18       0x6c ThirdParty/FreeRTOS/org/Source/event_groups.o
                0x08001f18                xEventGroupClearBits
 .text.xEventGroupSetBits
                0x08001f84      0x112 ThirdParty/FreeRTOS/org/Source/event_groups.o
                0x08001f84                xEventGroupSetBits
 .text.vEventGroupSetBitsCallback
                0x08002096       0x1a ThirdParty/FreeRTOS/org/Source/event_groups.o
                0x08002096                vEventGroupSetBitsCallback
 .text.prvTestWaitCondition
                0x080020b0       0x44 ThirdParty/FreeRTOS/org/Source/event_groups.o
 .text.vListInitialise
                0x080020f4       0x40 ThirdParty/FreeRTOS/org/Source/list.o
                0x080020f4                vListInitialise
 .text.vListInitialiseItem
                0x08002134       0x1a ThirdParty/FreeRTOS/org/Source/list.o
                0x08002134                vListInitialiseItem
 .text.vListInsertEnd
                0x0800214e       0x48 ThirdParty/FreeRTOS/org/Source/list.o
                0x0800214e                vListInsertEnd
 .text.vListInsert
                0x08002196       0x72 ThirdParty/FreeRTOS/org/Source/list.o
                0x08002196                vListInsert
 .text.uxListRemove
                0x08002208       0x54 ThirdParty/FreeRTOS/org/Source/list.o
                0x08002208                uxListRemove
 .text.xQueueGenericReset
                0x0800225c       0xd0 ThirdParty/FreeRTOS/org/Source/queue.o
                0x0800225c                xQueueGenericReset
 .text.xQueueGenericCreate
                0x0800232c       0x6a ThirdParty/FreeRTOS/org/Source/queue.o
                0x0800232c                xQueueGenericCreate
 .text.prvInitialiseNewQueue
                0x08002396       0x4a ThirdParty/FreeRTOS/org/Source/queue.o
 .text.xQueueGenericSend
                0x080023e0      0x244 ThirdParty/FreeRTOS/org/Source/queue.o
                0x080023e0                xQueueGenericSend
 .text.xQueueGenericSendFromISR
                0x08002624      0x156 ThirdParty/FreeRTOS/org/Source/queue.o
                0x08002624                xQueueGenericSendFromISR
 *fill*         0x0800277a        0x2 
 .text.xQueueReceive
                0x0800277c      0x228 ThirdParty/FreeRTOS/org/Source/queue.o
                0x0800277c                xQueueReceive
 .text.prvCopyDataToQueue
                0x080029a4       0xd4 ThirdParty/FreeRTOS/org/Source/queue.o
 .text.prvCopyDataFromQueue
                0x08002a78       0x4c ThirdParty/FreeRTOS/org/Source/queue.o
 .text.prvUnlockQueue
                0x08002ac4       0xa4 ThirdParty/FreeRTOS/org/Source/queue.o
 .text.prvIsQueueEmpty
                0x08002b68       0x2c ThirdParty/FreeRTOS/org/Source/queue.o
 .text.prvIsQueueFull
                0x08002b94       0x30 ThirdParty/FreeRTOS/org/Source/queue.o
 .text.vQueueAddToRegistry
                0x08002bc4       0x60 ThirdParty/FreeRTOS/org/Source/queue.o
                0x08002bc4                vQueueAddToRegistry
 .text.vQueueWaitForMessageRestricted
                0x08002c24       0x68 ThirdParty/FreeRTOS/org/Source/queue.o
                0x08002c24                vQueueWaitForMessageRestricted
 .text.xTaskCreate
                0x08002c8c       0x82 ThirdParty/FreeRTOS/org/Source/tasks.o
                0x08002c8c                xTaskCreate
 .text.prvInitialiseNewTask
                0x08002d0e      0x10c ThirdParty/FreeRTOS/org/Source/tasks.o
 *fill*         0x08002e1a        0x2 
 .text.prvAddNewTaskToReadyList
                0x08002e1c      0x110 ThirdParty/FreeRTOS/org/Source/tasks.o
 .text.vTaskStartScheduler
                0x08002f2c       0xb8 ThirdParty/FreeRTOS/org/Source/tasks.o
                0x08002f2c                vTaskStartScheduler
 .text.vTaskSuspendAll
                0x08002fe4       0x1c ThirdParty/FreeRTOS/org/Source/tasks.o
                0x08002fe4                vTaskSuspendAll
 .text.xTaskResumeAll
                0x08003000      0x140 ThirdParty/FreeRTOS/org/Source/tasks.o
                0x08003000                xTaskResumeAll
 .text.xTaskGetTickCount
                0x08003140       0x20 ThirdParty/FreeRTOS/org/Source/tasks.o
                0x08003140                xTaskGetTickCount
 .text.xTaskGetTickCountFromISR
                0x08003160       0x24 ThirdParty/FreeRTOS/org/Source/tasks.o
                0x08003160                xTaskGetTickCountFromISR
 .text.xTaskIncrementTick
                0x08003184      0x178 ThirdParty/FreeRTOS/org/Source/tasks.o
                0x08003184                xTaskIncrementTick
 .text.vTaskSwitchContext
                0x080032fc       0xd0 ThirdParty/FreeRTOS/org/Source/tasks.o
                0x080032fc                vTaskSwitchContext
 .text.vTaskPlaceOnEventList
                0x080033cc       0x48 ThirdParty/FreeRTOS/org/Source/tasks.o
                0x080033cc                vTaskPlaceOnEventList
 .text.vTaskPlaceOnUnorderedEventList
                0x08003414       0x74 ThirdParty/FreeRTOS/org/Source/tasks.o
                0x08003414                vTaskPlaceOnUnorderedEventList
 .text.vTaskPlaceOnEventListRestricted
                0x08003488       0x5c ThirdParty/FreeRTOS/org/Source/tasks.o
                0x08003488                vTaskPlaceOnEventListRestricted
 .text.xTaskRemoveFromEventList
                0x080034e4       0xcc ThirdParty/FreeRTOS/org/Source/tasks.o
                0x080034e4                xTaskRemoveFromEventList
 .text.vTaskRemoveFromUnorderedEventList
                0x080035b0       0xc8 ThirdParty/FreeRTOS/org/Source/tasks.o
                0x080035b0                vTaskRemoveFromUnorderedEventList
 .text.vTaskInternalSetTimeOutState
                0x08003678       0x2c ThirdParty/FreeRTOS/org/Source/tasks.o
                0x08003678                vTaskInternalSetTimeOutState
 .text.xTaskCheckForTimeOut
                0x080036a4       0xc0 ThirdParty/FreeRTOS/org/Source/tasks.o
                0x080036a4                xTaskCheckForTimeOut
 .text.vTaskMissedYield
                0x08003764       0x18 ThirdParty/FreeRTOS/org/Source/tasks.o
                0x08003764                vTaskMissedYield
 .text.prvIdleTask
                0x0800377c       0x30 ThirdParty/FreeRTOS/org/Source/tasks.o
 .text.prvInitialiseTaskLists
                0x080037ac       0x80 ThirdParty/FreeRTOS/org/Source/tasks.o
 .text.prvCheckTasksWaitingTermination
                0x0800382c       0x58 ThirdParty/FreeRTOS/org/Source/tasks.o
 .text.prvDeleteTCB
                0x08003884       0x20 ThirdParty/FreeRTOS/org/Source/tasks.o
 .text.prvResetNextTaskUnblockTime
                0x080038a4       0x40 ThirdParty/FreeRTOS/org/Source/tasks.o
 .text.xTaskGetSchedulerState
                0x080038e4       0x3c ThirdParty/FreeRTOS/org/Source/tasks.o
                0x080038e4                xTaskGetSchedulerState
 .text.xTaskPriorityDisinherit
                0x08003920      0x110 ThirdParty/FreeRTOS/org/Source/tasks.o
                0x08003920                xTaskPriorityDisinherit
 .text.uxTaskResetEventItemValue
                0x08003a30       0x30 ThirdParty/FreeRTOS/org/Source/tasks.o
                0x08003a30                uxTaskResetEventItemValue
 .text.prvAddCurrentTaskToDelayedList
                0x08003a60       0xf0 ThirdParty/FreeRTOS/org/Source/tasks.o
 .text.xTimerCreateTimerTask
                0x08003b50       0x64 ThirdParty/FreeRTOS/org/Source/timers.o
                0x08003b50                xTimerCreateTimerTask
 .text.xTimerGenericCommand
                0x08003bb4       0x98 ThirdParty/FreeRTOS/org/Source/timers.o
                0x08003bb4                xTimerGenericCommand
 .text.prvProcessExpiredTimer
                0x08003c4c       0x98 ThirdParty/FreeRTOS/org/Source/timers.o
 .text.prvTimerTask
                0x08003ce4       0x24 ThirdParty/FreeRTOS/org/Source/timers.o
 .text.prvProcessTimerOrBlockTask
                0x08003d08       0x9c ThirdParty/FreeRTOS/org/Source/timers.o
 .text.prvGetNextExpireTime
                0x08003da4       0x48 ThirdParty/FreeRTOS/org/Source/timers.o
 .text.prvSampleTimeNow
                0x08003dec       0x40 ThirdParty/FreeRTOS/org/Source/timers.o
 .text.prvInsertTimerInActiveList
                0x08003e2c       0x84 ThirdParty/FreeRTOS/org/Source/timers.o
 .text.prvProcessReceivedCommands
                0x08003eb0      0x1b8 ThirdParty/FreeRTOS/org/Source/timers.o
 .text.prvSwitchTimerLists
                0x08004068       0xc8 ThirdParty/FreeRTOS/org/Source/timers.o
 .text.prvCheckForValidListAndQueue
                0x08004130       0x6c ThirdParty/FreeRTOS/org/Source/timers.o
 .text.xTimerPendFunctionCallFromISR
                0x0800419c       0x40 ThirdParty/FreeRTOS/org/Source/timers.o
                0x0800419c                xTimerPendFunctionCallFromISR
 .text.pxPortInitialiseStack
                0x080041dc       0x68 ThirdParty/FreeRTOS/org/Source/portable/GCC/ARM_CM4F/port.o
                0x080041dc                pxPortInitialiseStack
 .text.prvTaskExitError
                0x08004244       0x54 ThirdParty/FreeRTOS/org/Source/portable/GCC/ARM_CM4F/port.o
 *fill*         0x08004298        0x8 
 .text.SVC_Handler
                0x080042a0       0x28 ThirdParty/FreeRTOS/org/Source/portable/GCC/ARM_CM4F/port.o
                0x080042a0                SVC_Handler
 .text.prvPortStartFirstTask
                0x080042c8       0x28 ThirdParty/FreeRTOS/org/Source/portable/GCC/ARM_CM4F/port.o
 .text.xPortStartScheduler
                0x080042f0      0x13c ThirdParty/FreeRTOS/org/Source/portable/GCC/ARM_CM4F/port.o
                0x080042f0                xPortStartScheduler
 .text.vPortEnterCritical
                0x0800442c       0x5c ThirdParty/FreeRTOS/org/Source/portable/GCC/ARM_CM4F/port.o
                0x0800442c                vPortEnterCritical
 .text.vPortExitCritical
                0x08004488       0x50 ThirdParty/FreeRTOS/org/Source/portable/GCC/ARM_CM4F/port.o
                0x08004488                vPortExitCritical
 *fill*         0x080044d8        0x8 
 .text.PendSV_Handler
                0x080044e0       0x68 ThirdParty/FreeRTOS/org/Source/portable/GCC/ARM_CM4F/port.o
                0x080044e0                PendSV_Handler
 .text.SysTick_Handler
                0x08004548       0x50 ThirdParty/FreeRTOS/org/Source/portable/GCC/ARM_CM4F/port.o
                0x08004548                SysTick_Handler
 .text.vPortSetupTimerInterrupt
                0x08004598       0x48 ThirdParty/FreeRTOS/org/Source/portable/GCC/ARM_CM4F/port.o
                0x08004598                vPortSetupTimerInterrupt
 .text.vPortEnableVFP
                0x080045e0       0x14 ThirdParty/FreeRTOS/org/Source/portable/GCC/ARM_CM4F/port.o
 .text.vPortValidateInterruptPriority
                0x080045f4       0x7c ThirdParty/FreeRTOS/org/Source/portable/GCC/ARM_CM4F/port.o
                0x080045f4                vPortValidateInterruptPriority
 .text.pvPortMalloc
                0x08004670      0x190 ThirdParty/FreeRTOS/org/Source/portable/MemMang/heap_4.o
                0x08004670                pvPortMalloc
 .text.vPortFree
                0x08004800       0xc0 ThirdParty/FreeRTOS/org/Source/portable/MemMang/heap_4.o
                0x08004800                vPortFree
 .text.prvHeapInit
                0x080048c0       0xc4 ThirdParty/FreeRTOS/org/Source/portable/MemMang/heap_4.o
 .text.prvInsertBlockIntoFreeList
                0x08004984       0xb4 ThirdParty/FreeRTOS/org/Source/portable/MemMang/heap_4.o
 .text._cbSendSystemDesc
                0x08004a38       0x1c ThirdParty/Segger/Config/SEGGER_SYSVIEW_Config_FreeRTOS.o
 .text.SEGGER_SYSVIEW_Conf
                0x08004a54       0x2c ThirdParty/Segger/Config/SEGGER_SYSVIEW_Config_FreeRTOS.o
                0x08004a54                SEGGER_SYSVIEW_Conf
 .text._cbSendTaskList
                0x08004a80       0x90 ThirdParty/Segger/OS/SEGGER_SYSVIEW_FreeRTOS.o
 .text._cbGetTime
                0x08004b10       0x76 ThirdParty/Segger/OS/SEGGER_SYSVIEW_FreeRTOS.o
 *fill*         0x08004b86        0x2 
 .text.SYSVIEW_AddTask
                0x08004b88       0xd0 ThirdParty/Segger/OS/SEGGER_SYSVIEW_FreeRTOS.o
                0x08004b88                SYSVIEW_AddTask
 .text.SYSVIEW_SendTaskInfo
                0x08004c58       0x42 ThirdParty/Segger/OS/SEGGER_SYSVIEW_FreeRTOS.o
                0x08004c58                SYSVIEW_SendTaskInfo
 *fill*         0x08004c9a        0x2 
 .text._DoInit  0x08004c9c       0xa4 ThirdParty/Segger/Segger/SEGGER_RTT.o
 .text.SEGGER_RTT_ReadNoLock
                0x08004d40      0x104 ThirdParty/Segger/Segger/SEGGER_RTT.o
                0x08004d40                SEGGER_RTT_ReadNoLock
 .text.SEGGER_RTT_ConfigUpBuffer
                0x08004e44       0xd4 ThirdParty/Segger/Segger/SEGGER_RTT.o
                0x08004e44                SEGGER_RTT_ConfigUpBuffer
 .text.SEGGER_RTT_ConfigDownBuffer
                0x08004f18       0xd4 ThirdParty/Segger/Segger/SEGGER_RTT.o
                0x08004f18                SEGGER_RTT_ConfigDownBuffer
 .text._EncodeStr
                0x08004fec       0x9a ThirdParty/Segger/Segger/SEGGER_SYSVIEW.o
 .text._PreparePacket
                0x08005086       0x18 ThirdParty/Segger/Segger/SEGGER_SYSVIEW.o
 .text._HandleIncomingPacket
                0x0800509e       0xb8 ThirdParty/Segger/Segger/SEGGER_SYSVIEW.o
 *fill*         0x08005156        0x2 
 .text._TrySendOverflowPacket
                0x08005158       0xe0 ThirdParty/Segger/Segger/SEGGER_SYSVIEW.o
 .text._SendPacket
                0x08005238      0x1a8 ThirdParty/Segger/Segger/SEGGER_SYSVIEW.o
 .text.SEGGER_SYSVIEW_Init
                0x080053e0       0x7c ThirdParty/Segger/Segger/SEGGER_SYSVIEW.o
                0x080053e0                SEGGER_SYSVIEW_Init
 .text.SEGGER_SYSVIEW_SetRAMBase
                0x0800545c       0x20 ThirdParty/Segger/Segger/SEGGER_SYSVIEW.o
                0x0800545c                SEGGER_SYSVIEW_SetRAMBase
 .text.SEGGER_SYSVIEW_RecordVoid
                0x0800547c       0x3c ThirdParty/Segger/Segger/SEGGER_SYSVIEW.o
                0x0800547c                SEGGER_SYSVIEW_RecordVoid
 .text.SEGGER_SYSVIEW_RecordU32
                0x080054b8       0x78 ThirdParty/Segger/Segger/SEGGER_SYSVIEW.o
                0x080054b8                SEGGER_SYSVIEW_RecordU32
 .text.SEGGER_SYSVIEW_RecordU32x2
                0x08005530       0xb4 ThirdParty/Segger/Segger/SEGGER_SYSVIEW.o
                0x08005530                SEGGER_SYSVIEW_RecordU32x2
 .text.SEGGER_SYSVIEW_RecordU32x3
                0x080055e4       0xec ThirdParty/Segger/Segger/SEGGER_SYSVIEW.o
                0x080055e4                SEGGER_SYSVIEW_RecordU32x3
 .text.SEGGER_SYSVIEW_RecordU32x4
                0x080056d0      0x124 ThirdParty/Segger/Segger/SEGGER_SYSVIEW.o
                0x080056d0                SEGGER_SYSVIEW_RecordU32x4
 .text.SEGGER_SYSVIEW_Start
                0x080057f4      0x170 ThirdParty/Segger/Segger/SEGGER_SYSVIEW.o
                0x080057f4                SEGGER_SYSVIEW_Start
 .text.SEGGER_SYSVIEW_Stop
                0x08005964       0x4c ThirdParty/Segger/Segger/SEGGER_SYSVIEW.o
                0x08005964                SEGGER_SYSVIEW_Stop
 .text.SEGGER_SYSVIEW_GetSysDesc
                0x080059b0      0x134 ThirdParty/Segger/Segger/SEGGER_SYSVIEW.o
                0x080059b0                SEGGER_SYSVIEW_GetSysDesc
 .text.SEGGER_SYSVIEW_SendTaskInfo
                0x08005ae4      0x1cc ThirdParty/Segger/Segger/SEGGER_SYSVIEW.o
                0x08005ae4                SEGGER_SYSVIEW_SendTaskInfo
 .text.SEGGER_SYSVIEW_SendTaskList
                0x08005cb0       0x28 ThirdParty/Segger/Segger/SEGGER_SYSVIEW.o
                0x08005cb0                SEGGER_SYSVIEW_SendTaskList
 .text.SEGGER_SYSVIEW_SendSysDesc
                0x08005cd8       0x48 ThirdParty/Segger/Segger/SEGGER_SYSVIEW.o
                0x08005cd8                SEGGER_SYSVIEW_SendSysDesc
 .text.SEGGER_SYSVIEW_RecordSystime
                0x08005d20       0x60 ThirdParty/Segger/Segger/SEGGER_SYSVIEW.o
                0x08005d20                SEGGER_SYSVIEW_RecordSystime
 .text.SEGGER_SYSVIEW_RecordEnterISR
                0x08005d80       0x84 ThirdParty/Segger/Segger/SEGGER_SYSVIEW.o
                0x08005d80                SEGGER_SYSVIEW_RecordEnterISR
 .text.SEGGER_SYSVIEW_RecordExitISR
                0x08005e04       0x38 ThirdParty/Segger/Segger/SEGGER_SYSVIEW.o
                0x08005e04                SEGGER_SYSVIEW_RecordExitISR
 .text.SEGGER_SYSVIEW_RecordExitISRToScheduler
                0x08005e3c       0x38 ThirdParty/Segger/Segger/SEGGER_SYSVIEW.o
                0x08005e3c                SEGGER_SYSVIEW_RecordExitISRToScheduler
 .text.SEGGER_SYSVIEW_OnIdle
                0x08005e74       0x38 ThirdParty/Segger/Segger/SEGGER_SYSVIEW.o
                0x08005e74                SEGGER_SYSVIEW_OnIdle
 .text.SEGGER_SYSVIEW_OnTaskCreate
                0x08005eac       0x88 ThirdParty/Segger/Segger/SEGGER_SYSVIEW.o
                0x08005eac                SEGGER_SYSVIEW_OnTaskCreate
 .text.SEGGER_SYSVIEW_OnTaskStartExec
                0x08005f34       0x88 ThirdParty/Segger/Segger/SEGGER_SYSVIEW.o
                0x08005f34                SEGGER_SYSVIEW_OnTaskStartExec
 .text.SEGGER_SYSVIEW_OnTaskStartReady
                0x08005fbc       0x88 ThirdParty/Segger/Segger/SEGGER_SYSVIEW.o
                0x08005fbc                SEGGER_SYSVIEW_OnTaskStartReady
 .text.SEGGER_SYSVIEW_OnTaskStopReady
                0x08006044       0xc0 ThirdParty/Segger/Segger/SEGGER_SYSVIEW.o
                0x08006044                SEGGER_SYSVIEW_OnTaskStopReady
 .text.SEGGER_SYSVIEW_ShrinkId
                0x08006104       0x24 ThirdParty/Segger/Segger/SEGGER_SYSVIEW.o
                0x08006104                SEGGER_SYSVIEW_ShrinkId
 .text.SEGGER_SYSVIEW_SendModule
                0x08006128      0x100 ThirdParty/Segger/Segger/SEGGER_SYSVIEW.o
                0x08006128                SEGGER_SYSVIEW_SendModule
 .text.SEGGER_SYSVIEW_SendModuleDescription
                0x08006228       0x3c ThirdParty/Segger/Segger/SEGGER_SYSVIEW.o
                0x08006228                SEGGER_SYSVIEW_SendModuleDescription
 .text.SEGGER_SYSVIEW_SendNumModules
                0x08006264       0x7c ThirdParty/Segger/Segger/SEGGER_SYSVIEW.o
                0x08006264                SEGGER_SYSVIEW_SendNumModules
 .text.SEGGER_SYSVIEW_Warn
                0x080062e0       0xb8 ThirdParty/Segger/Segger/SEGGER_SYSVIEW.o
                0x080062e0                SEGGER_SYSVIEW_Warn
 .text.ExecuteHandler
                0x08006398       0x54 src/AppCommands.o
                0x08006398                ExecuteHandler
 .text.cmdDriveMotor
                0x080063ec       0x46 src/AppCommands.o
                0x080063ec                cmdDriveMotor
 .text.cmdMeasureDistance
                0x08006432       0x18 src/AppCommands.o
                0x08006432                cmdMeasureDistance
 *fill*         0x0800644a        0x2 
 .text.waitForCommand
                0x0800644c       0x60 src/HostTask.o
                0x0800644c                waitForCommand
 .text.GetCommandFromUart
                0x080064ac        0xe src/HostTask.o
                0x080064ac                GetCommandFromUart
 *fill*         0x080064ba        0x2 
 .text.HostTask
                0x080064bc       0x5c src/HostTask.o
                0x080064bc                HostTask
 .text.HostGetAppResult
                0x08006518       0x34 src/HostTask.o
 .text.HostSendCmdApp
                0x0800654c       0x48 src/HostTask.o
 .text.NVIC_EnableIRQ
                0x08006594       0x34 src/Interrupt_Handlers.o
 .text.NVIC_DisableIRQ
                0x080065c8       0x34 src/Interrupt_Handlers.o
 .text.USART2_IRQHandler
                0x080065fc       0x18 src/Interrupt_Handlers.o
                0x080065fc                USART2_IRQHandler
 .text.USART6_IRQHandler
                0x08006614       0x18 src/Interrupt_Handlers.o
                0x08006614                USART6_IRQHandler
 .text.EXTI15_10_IRQHandler
                0x0800662c        0xc src/Interrupt_Handlers.o
                0x0800662c                EXTI15_10_IRQHandler
 .text.MotorControl
                0x08006638       0x7c src/MotorControl.o
                0x08006638                MotorControl
 .text.calculateCmdByteChecksum
                0x080066b4       0x42 src/UartAPI.o
                0x080066b4                calculateCmdByteChecksum
 *fill*         0x080066f6        0x2 
 .text.UartSerialReceived
                0x080066f8       0x8c src/UartAPI.o
                0x080066f8                UartSerialReceived
 .text.UartSendMessage
                0x08006784       0x1e src/UartAPI.o
                0x08006784                UartSendMessage
 *fill*         0x080067a2        0x2 
 .text.IrqPC13Handler
                0x080067a4       0x30 src/distanceMeasure.o
                0x080067a4                IrqPC13Handler
 .text.initGPIOForUltraSonic
                0x080067d4       0x10 src/distanceMeasure.o
 .text.startTriggerMode
                0x080067e4       0x28 src/distanceMeasure.o
 .text.readBackEchoTiming
                0x0800680c       0x44 src/distanceMeasure.o
 .text.MeasureDistance
                0x08006850       0x40 src/distanceMeasure.o
                0x08006850                MeasureDistance
 .text.NVIC_EnableIRQ
                0x08006890       0x34 src/haL_uart.o
 .text.NVIC_SetPriority
                0x080068c4       0x54 src/haL_uart.o
 .text.InitializeUartPorts
                0x08006918       0x2c src/haL_uart.o
                0x08006918                InitializeUartPorts
 .text.InitializeUart2Device
                0x08006944       0xb4 src/haL_uart.o
 .text.InitializeUart6Device
                0x080069f8       0xb4 src/haL_uart.o
 .text.Uart2ReceivedByte
                0x08006aac       0x6c src/haL_uart.o
                0x08006aac                Uart2ReceivedByte
 .text.Uart6SendMsg
                0x08006b18       0x60 src/haL_uart.o
                0x08006b18                Uart6SendMsg
 .text.Uart6ReceivedByte
                0x08006b78       0x94 src/haL_uart.o
                0x08006b78                Uart6ReceivedByte
 .text.hal_gpioA_init
                0x08006c0c       0x58 src/hal_gpio.o
                0x08006c0c                hal_gpioA_init
 .text.hal_gpioB_init
                0x08006c64       0x44 src/hal_gpio.o
                0x08006c64                hal_gpioB_init
 .text.hal_gpioC_init
                0x08006ca8       0x74 src/hal_gpio.o
                0x08006ca8                hal_gpioC_init
 .text.hal_gpioA_pin5_toggle
                0x08006d1c       0x30 src/hal_gpio.o
                0x08006d1c                hal_gpioA_pin5_toggle
 .text.NVIC_EnableIRQ
                0x08006d4c       0x34 src/hal_interrupt.o
 .text.NVIC_SetPriority
                0x08006d80       0x54 src/hal_interrupt.o
 .text.hal_setup_interrupt_PC13
                0x08006dd4       0x7c src/hal_interrupt.o
                0x08006dd4                hal_setup_interrupt_PC13
 .text.hal_timer_init
                0x08006e50        0xc src/hal_timer.o
                0x08006e50                hal_timer_init
 .text.hal_timer3_init
                0x08006e5c       0x48 src/hal_timer.o
 .text.hal_get_timer3_counter
                0x08006ea4       0x20 src/hal_timer.o
 .text.hal_delay_20ns
                0x08006ec4       0x2e src/hal_timer.o
                0x08006ec4                hal_delay_20ns
 *fill*         0x08006ef2        0x2 
 .text.main     0x08006ef4       0xc4 src/main.o
                0x08006ef4                main
 .text.SystemInit
                0x08006fb8       0x6c src/system_stm32f4xx.o
                0x08006fb8                SystemInit
 .text.SystemCoreClockUpdate
                0x08007024       0xdc src/system_stm32f4xx.o
                0x08007024                SystemCoreClockUpdate
 .text.SetSysClock
                0x08007100       0xa0 src/system_stm32f4xx.o
 .text.Reset_Handler
                0x080071a0       0x50 startup/startup_stm32.o
                0x080071a0                Reset_Handler
 .text.Default_Handler
                0x080071f0        0x2 startup/startup_stm32.o
                0x080071f0                RTC_Alarm_IRQHandler
                0x080071f0                EXTI2_IRQHandler
                0x080071f0                TIM8_CC_IRQHandler
                0x080071f0                SPDIF_Rx_IRQHandler
                0x080071f0                DebugMon_Handler
                0x080071f0                SPI4_IRQHandler
                0x080071f0                TIM1_CC_IRQHandler
                0x080071f0                QuadSPI_IRQHandler
                0x080071f0                DMA2_Stream5_IRQHandler
                0x080071f0                HardFault_Handler
                0x080071f0                DMA1_Stream5_IRQHandler
                0x080071f0                PVD_IRQHandler
                0x080071f0                SDIO_IRQHandler
                0x080071f0                TAMP_STAMP_IRQHandler
                0x080071f0                NMI_Handler
                0x080071f0                CAN2_RX1_IRQHandler
                0x080071f0                EXTI3_IRQHandler
                0x080071f0                TIM8_TRG_COM_TIM14_IRQHandler
                0x080071f0                TIM1_UP_TIM10_IRQHandler
                0x080071f0                FMPI2C1_error_IRQHandler
                0x080071f0                TIM8_UP_TIM13_IRQHandler
                0x080071f0                I2C3_ER_IRQHandler
                0x080071f0                EXTI0_IRQHandler
                0x080071f0                I2C2_EV_IRQHandler
                0x080071f0                DMA1_Stream2_IRQHandler
                0x080071f0                CAN1_RX0_IRQHandler
                0x080071f0                FPU_IRQHandler
                0x080071f0                OTG_HS_WKUP_IRQHandler
                0x080071f0                UsageFault_Handler
                0x080071f0                CAN2_SCE_IRQHandler
                0x080071f0                DMA2_Stream2_IRQHandler
                0x080071f0                SPI1_IRQHandler
                0x080071f0                TIM6_DAC_IRQHandler
                0x080071f0                TIM1_BRK_TIM9_IRQHandler
                0x080071f0                DCMI_IRQHandler
                0x080071f0                CAN2_RX0_IRQHandler
                0x080071f0                DMA2_Stream3_IRQHandler
                0x080071f0                FMPI2C1_IRQHandler
                0x080071f0                SAI2_IRQHandler
                0x080071f0                USART3_IRQHandler
                0x080071f0                CAN1_RX1_IRQHandler
                0x080071f0                UART5_IRQHandler
                0x080071f0                DMA2_Stream0_IRQHandler
                0x080071f0                TIM4_IRQHandler
                0x080071f0                I2C1_EV_IRQHandler
                0x080071f0                HDMI_CEC_IRQHandler
                0x080071f0                DMA1_Stream6_IRQHandler
                0x080071f0                DMA1_Stream1_IRQHandler
                0x080071f0                UART4_IRQHandler
                0x080071f0                TIM3_IRQHandler
                0x080071f0                RCC_IRQHandler
                0x080071f0                TIM8_BRK_TIM12_IRQHandler
                0x080071f0                Default_Handler
                0x080071f0                ADC_IRQHandler
                0x080071f0                DMA1_Stream7_IRQHandler
                0x080071f0                TIM7_IRQHandler
                0x080071f0                CAN2_TX_IRQHandler
                0x080071f0                TIM5_IRQHandler
                0x080071f0                DMA2_Stream7_IRQHandler
                0x080071f0                I2C3_EV_IRQHandler
                0x080071f0                EXTI9_5_IRQHandler
                0x080071f0                RTC_WKUP_IRQHandler
                0x080071f0                SPI2_IRQHandler
                0x080071f0                OTG_HS_EP1_IN_IRQHandler
                0x080071f0                MemManage_Handler
                0x080071f0                DMA1_Stream0_IRQHandler
                0x080071f0                CAN1_TX_IRQHandler
                0x080071f0                EXTI4_IRQHandler
                0x080071f0                OTG_HS_EP1_OUT_IRQHandler
                0x080071f0                WWDG_IRQHandler
                0x080071f0                TIM2_IRQHandler
                0x080071f0                OTG_FS_WKUP_IRQHandler
                0x080071f0                TIM1_TRG_COM_TIM11_IRQHandler
                0x080071f0                OTG_HS_IRQHandler
                0x080071f0                EXTI1_IRQHandler
                0x080071f0                I2C2_ER_IRQHandler
                0x080071f0                DMA2_Stream1_IRQHandler
                0x080071f0                CAN1_SCE_IRQHandler
                0x080071f0                FLASH_IRQHandler
                0x080071f0                DMA2_Stream4_IRQHandler
                0x080071f0                BusFault_Handler
                0x080071f0                USART1_IRQHandler
                0x080071f0                OTG_FS_IRQHandler
                0x080071f0                SPI3_IRQHandler
                0x080071f0                DMA1_Stream4_IRQHandler
                0x080071f0                I2C1_ER_IRQHandler
                0x080071f0                FMC_IRQHandler
                0x080071f0                DMA2_Stream6_IRQHandler
                0x080071f0                SAI1_IRQHandler
                0x080071f0                DMA1_Stream3_IRQHandler
 *fill*         0x080071f2        0x2 
 .text.__errno  0x080071f4        0xc c:/ac6/systemworkbench/plugins/fr.ac6.mcu.externaltools.arm-none.win32_1.17.0.201812190825/tools/compiler/bin/../lib/gcc/arm-none-eabi/7.3.1/../../../../arm-none-eabi/lib/thumb/v7e-m/fpv4-sp/hard\libc.a(lib_a-errno.o)
                0x080071f4                __errno
 .text._malloc_r
                0x08007200      0x548 c:/ac6/systemworkbench/plugins/fr.ac6.mcu.externaltools.arm-none.win32_1.17.0.201812190825/tools/compiler/bin/../lib/gcc/arm-none-eabi/7.3.1/../../../../arm-none-eabi/lib/thumb/v7e-m/fpv4-sp/hard\libc.a(lib_a-mallocr.o)
                0x08007200                _malloc_r
 .text.memcmp   0x08007748       0x64 c:/ac6/systemworkbench/plugins/fr.ac6.mcu.externaltools.arm-none.win32_1.17.0.201812190825/tools/compiler/bin/../lib/gcc/arm-none-eabi/7.3.1/../../../../arm-none-eabi/lib/thumb/v7e-m/fpv4-sp/hard\libc.a(lib_a-memcmp.o)
                0x08007748                memcmp
 .text.__malloc_lock
                0x080077ac        0xc c:/ac6/systemworkbench/plugins/fr.ac6.mcu.externaltools.arm-none.win32_1.17.0.201812190825/tools/compiler/bin/../lib/gcc/arm-none-eabi/7.3.1/../../../../arm-none-eabi/lib/thumb/v7e-m/fpv4-sp/hard\libc.a(lib_a-mlock.o)
                0x080077ac                __malloc_lock
 .text.__malloc_unlock
                0x080077b8        0xc c:/ac6/systemworkbench/plugins/fr.ac6.mcu.externaltools.arm-none.win32_1.17.0.201812190825/tools/compiler/bin/../lib/gcc/arm-none-eabi/7.3.1/../../../../arm-none-eabi/lib/thumb/v7e-m/fpv4-sp/hard\libc.a(lib_a-mlock.o)
                0x080077b8                __malloc_unlock
 .text._sbrk_r  0x080077c4       0x24 c:/ac6/systemworkbench/plugins/fr.ac6.mcu.externaltools.arm-none.win32_1.17.0.201812190825/tools/compiler/bin/../lib/gcc/arm-none-eabi/7.3.1/../../../../arm-none-eabi/lib/thumb/v7e-m/fpv4-sp/hard\libc.a(lib_a-sbrkr.o)
                0x080077c4                _sbrk_r
 .text.sprintf  0x080077e8       0x44 c:/ac6/systemworkbench/plugins/fr.ac6.mcu.externaltools.arm-none.win32_1.17.0.201812190825/tools/compiler/bin/../lib/gcc/arm-none-eabi/7.3.1/../../../../arm-none-eabi/lib/thumb/v7e-m/fpv4-sp/hard\libc.a(lib_a-sprintf.o)
                0x080077e8                sprintf
 *fill*         0x0800782c        0x4 
 .text._svfprintf_r
                0x08007830     0x19cc c:/ac6/systemworkbench/plugins/fr.ac6.mcu.externaltools.arm-none.win32_1.17.0.201812190825/tools/compiler/bin/../lib/gcc/arm-none-eabi/7.3.1/../../../../arm-none-eabi/lib/thumb/v7e-m/fpv4-sp/hard\libc.a(lib_a-svfprintf.o)
                0x08007830                _svfprintf_r
 .text.quorem   0x080091fc      0x124 c:/ac6/systemworkbench/plugins/fr.ac6.mcu.externaltools.arm-none.win32_1.17.0.201812190825/tools/compiler/bin/../lib/gcc/arm-none-eabi/7.3.1/../../../../arm-none-eabi/lib/thumb/v7e-m/fpv4-sp/hard\libc.a(lib_a-dtoa.o)
 .text._dtoa_r  0x08009320      0xe20 c:/ac6/systemworkbench/plugins/fr.ac6.mcu.externaltools.arm-none.win32_1.17.0.201812190825/tools/compiler/bin/../lib/gcc/arm-none-eabi/7.3.1/../../../../arm-none-eabi/lib/thumb/v7e-m/fpv4-sp/hard\libc.a(lib_a-dtoa.o)
                0x08009320                _dtoa_r
 .text._malloc_trim_r
                0x0800a140       0xa0 c:/ac6/systemworkbench/plugins/fr.ac6.mcu.externaltools.arm-none.win32_1.17.0.201812190825/tools/compiler/bin/../lib/gcc/arm-none-eabi/7.3.1/../../../../arm-none-eabi/lib/thumb/v7e-m/fpv4-sp/hard\libc.a(lib_a-freer.o)
                0x0800a140                _malloc_trim_r
 .text._free_r  0x0800a1e0      0x1e8 c:/ac6/systemworkbench/plugins/fr.ac6.mcu.externaltools.arm-none.win32_1.17.0.201812190825/tools/compiler/bin/../lib/gcc/arm-none-eabi/7.3.1/../../../../arm-none-eabi/lib/thumb/v7e-m/fpv4-sp/hard\libc.a(lib_a-freer.o)
                0x0800a1e0                _free_r
 .text._localeconv_r
                0x0800a3c8       0x1c c:/ac6/systemworkbench/plugins/fr.ac6.mcu.externaltools.arm-none.win32_1.17.0.201812190825/tools/compiler/bin/../lib/gcc/arm-none-eabi/7.3.1/../../../../arm-none-eabi/lib/thumb/v7e-m/fpv4-sp/hard\libc.a(lib_a-localeconv.o)
                0x0800a3c8                _localeconv_r
 .text._Balloc  0x0800a3e4       0x4c c:/ac6/systemworkbench/plugins/fr.ac6.mcu.externaltools.arm-none.win32_1.17.0.201812190825/tools/compiler/bin/../lib/gcc/arm-none-eabi/7.3.1/../../../../arm-none-eabi/lib/thumb/v7e-m/fpv4-sp/hard\libc.a(lib_a-mprec.o)
                0x0800a3e4                _Balloc
 .text._Bfree   0x0800a430       0x14 c:/ac6/systemworkbench/plugins/fr.ac6.mcu.externaltools.arm-none.win32_1.17.0.201812190825/tools/compiler/bin/../lib/gcc/arm-none-eabi/7.3.1/../../../../arm-none-eabi/lib/thumb/v7e-m/fpv4-sp/hard\libc.a(lib_a-mprec.o)
                0x0800a430                _Bfree
 .text.__multadd
                0x0800a444       0x80 c:/ac6/systemworkbench/plugins/fr.ac6.mcu.externaltools.arm-none.win32_1.17.0.201812190825/tools/compiler/bin/../lib/gcc/arm-none-eabi/7.3.1/../../../../arm-none-eabi/lib/thumb/v7e-m/fpv4-sp/hard\libc.a(lib_a-mprec.o)
                0x0800a444                __multadd
 .text.__hi0bits
                0x0800a4c4       0x40 c:/ac6/systemworkbench/plugins/fr.ac6.mcu.externaltools.arm-none.win32_1.17.0.201812190825/tools/compiler/bin/../lib/gcc/arm-none-eabi/7.3.1/../../../../arm-none-eabi/lib/thumb/v7e-m/fpv4-sp/hard\libc.a(lib_a-mprec.o)
                0x0800a4c4                __hi0bits
 .text.__lo0bits
                0x0800a504       0x60 c:/ac6/systemworkbench/plugins/fr.ac6.mcu.externaltools.arm-none.win32_1.17.0.201812190825/tools/compiler/bin/../lib/gcc/arm-none-eabi/7.3.1/../../../../arm-none-eabi/lib/thumb/v7e-m/fpv4-sp/hard\libc.a(lib_a-mprec.o)
                0x0800a504                __lo0bits
 .text.__i2b    0x0800a564       0x14 c:/ac6/systemworkbench/plugins/fr.ac6.mcu.externaltools.arm-none.win32_1.17.0.201812190825/tools/compiler/bin/../lib/gcc/arm-none-eabi/7.3.1/../../../../arm-none-eabi/lib/thumb/v7e-m/fpv4-sp/hard\libc.a(lib_a-mprec.o)
                0x0800a564                __i2b
 .text.__multiply
                0x0800a578      0x14c c:/ac6/systemworkbench/plugins/fr.ac6.mcu.externaltools.arm-none.win32_1.17.0.201812190825/tools/compiler/bin/../lib/gcc/arm-none-eabi/7.3.1/../../../../arm-none-eabi/lib/thumb/v7e-m/fpv4-sp/hard\libc.a(lib_a-mprec.o)
                0x0800a578                __multiply
 .text.__pow5mult
                0x0800a6c4       0xa0 c:/ac6/systemworkbench/plugins/fr.ac6.mcu.externaltools.arm-none.win32_1.17.0.201812190825/tools/compiler/bin/../lib/gcc/arm-none-eabi/7.3.1/../../../../arm-none-eabi/lib/thumb/v7e-m/fpv4-sp/hard\libc.a(lib_a-mprec.o)
                0x0800a6c4                __pow5mult
 .text.__lshift
                0x0800a764       0xac c:/ac6/systemworkbench/plugins/fr.ac6.mcu.externaltools.arm-none.win32_1.17.0.201812190825/tools/compiler/bin/../lib/gcc/arm-none-eabi/7.3.1/../../../../arm-none-eabi/lib/thumb/v7e-m/fpv4-sp/hard\libc.a(lib_a-mprec.o)
                0x0800a764                __lshift
 .text.__mcmp   0x0800a810       0x38 c:/ac6/systemworkbench/plugins/fr.ac6.mcu.externaltools.arm-none.win32_1.17.0.201812190825/tools/compiler/bin/../lib/gcc/arm-none-eabi/7.3.1/../../../../arm-none-eabi/lib/thumb/v7e-m/fpv4-sp/hard\libc.a(lib_a-mprec.o)
                0x0800a810                __mcmp
 .text.__mdiff  0x0800a848       0xec c:/ac6/systemworkbench/plugins/fr.ac6.mcu.externaltools.arm-none.win32_1.17.0.201812190825/tools/compiler/bin/../lib/gcc/arm-none-eabi/7.3.1/../../../../arm-none-eabi/lib/thumb/v7e-m/fpv4-sp/hard\libc.a(lib_a-mprec.o)
                0x0800a848                __mdiff
 .text.__d2b    0x0800a934       0xc4 c:/ac6/systemworkbench/plugins/fr.ac6.mcu.externaltools.arm-none.win32_1.17.0.201812190825/tools/compiler/bin/../lib/gcc/arm-none-eabi/7.3.1/../../../../arm-none-eabi/lib/thumb/v7e-m/fpv4-sp/hard\libc.a(lib_a-mprec.o)
                0x0800a934                __d2b
 .text.frexp    0x0800a9f8       0x68 c:/ac6/systemworkbench/plugins/fr.ac6.mcu.externaltools.arm-none.win32_1.17.0.201812190825/tools/compiler/bin/../lib/gcc/arm-none-eabi/7.3.1/../../../../arm-none-eabi/lib/thumb/v7e-m/fpv4-sp/hard\libc.a(lib_a-s_frexp.o)
                0x0800a9f8                frexp
 .text.strncpy  0x0800aa60       0x64 c:/ac6/systemworkbench/plugins/fr.ac6.mcu.externaltools.arm-none.win32_1.17.0.201812190825/tools/compiler/bin/../lib/gcc/arm-none-eabi/7.3.1/../../../../arm-none-eabi/lib/thumb/v7e-m/fpv4-sp/hard\libc.a(lib_a-strncpy.o)
                0x0800aa60                strncpy
 .text.__ssprint_r
                0x0800aac4       0xf4 c:/ac6/systemworkbench/plugins/fr.ac6.mcu.externaltools.arm-none.win32_1.17.0.201812190825/tools/compiler/bin/../lib/gcc/arm-none-eabi/7.3.1/../../../../arm-none-eabi/lib/thumb/v7e-m/fpv4-sp/hard\libc.a(lib_a-svfiprintf.o)
                0x0800aac4                __ssprint_r
 .text._calloc_r
                0x0800abb8       0x68 c:/ac6/systemworkbench/plugins/fr.ac6.mcu.externaltools.arm-none.win32_1.17.0.201812190825/tools/compiler/bin/../lib/gcc/arm-none-eabi/7.3.1/../../../../arm-none-eabi/lib/thumb/v7e-m/fpv4-sp/hard\libc.a(lib_a-callocr.o)
                0x0800abb8                _calloc_r
 .text.__ascii_mbtowc
                0x0800ac20       0x2c c:/ac6/systemworkbench/plugins/fr.ac6.mcu.externaltools.arm-none.win32_1.17.0.201812190825/tools/compiler/bin/../lib/gcc/arm-none-eabi/7.3.1/../../../../arm-none-eabi/lib/thumb/v7e-m/fpv4-sp/hard\libc.a(lib_a-mbtowc_r.o)
                0x0800ac20                __ascii_mbtowc
 .text.memmove  0x0800ac4c       0xc8 c:/ac6/systemworkbench/plugins/fr.ac6.mcu.externaltools.arm-none.win32_1.17.0.201812190825/tools/compiler/bin/../lib/gcc/arm-none-eabi/7.3.1/../../../../arm-none-eabi/lib/thumb/v7e-m/fpv4-sp/hard\libc.a(lib_a-memmove.o)
                0x0800ac4c                memmove
 .text._realloc_r
                0x0800ad14      0x35c c:/ac6/systemworkbench/plugins/fr.ac6.mcu.externaltools.arm-none.win32_1.17.0.201812190825/tools/compiler/bin/../lib/gcc/arm-none-eabi/7.3.1/../../../../arm-none-eabi/lib/thumb/v7e-m/fpv4-sp/hard\libc.a(lib_a-reallocr.o)
                0x0800ad14                _realloc_r
 .text.__ascii_wctomb
                0x0800b070       0x1c c:/ac6/systemworkbench/plugins/fr.ac6.mcu.externaltools.arm-none.win32_1.17.0.201812190825/tools/compiler/bin/../lib/gcc/arm-none-eabi/7.3.1/../../../../arm-none-eabi/lib/thumb/v7e-m/fpv4-sp/hard\libc.a(lib_a-wctomb_r.o)
                0x0800b070                __ascii_wctomb
 *(.glue_7)
 .glue_7        0x0800b08c        0x0 linker stubs
 *(.glue_7t)
 .glue_7t       0x0800b08c        0x0 linker stubs
 *(.eh_frame)
 .eh_frame      0x0800b08c        0x0 c:/ac6/systemworkbench/plugins/fr.ac6.mcu.externaltools.arm-none.win32_1.17.0.201812190825/tools/compiler/bin/../lib/gcc/arm-none-eabi/7.3.1/thumb/v7e-m/fpv4-sp/hard/crtbegin.o
 *(.init)
 .init          0x0800b08c        0x4 c:/ac6/systemworkbench/plugins/fr.ac6.mcu.externaltools.arm-none.win32_1.17.0.201812190825/tools/compiler/bin/../lib/gcc/arm-none-eabi/7.3.1/thumb/v7e-m/fpv4-sp/hard/crti.o
                0x0800b08c                _init
 .init          0x0800b090        0x8 c:/ac6/systemworkbench/plugins/fr.ac6.mcu.externaltools.arm-none.win32_1.17.0.201812190825/tools/compiler/bin/../lib/gcc/arm-none-eabi/7.3.1/thumb/v7e-m/fpv4-sp/hard/crtn.o
 *(.fini)
 .fini          0x0800b098        0x4 c:/ac6/systemworkbench/plugins/fr.ac6.mcu.externaltools.arm-none.win32_1.17.0.201812190825/tools/compiler/bin/../lib/gcc/arm-none-eabi/7.3.1/thumb/v7e-m/fpv4-sp/hard/crti.o
                0x0800b098                _fini
 .fini          0x0800b09c        0x8 c:/ac6/systemworkbench/plugins/fr.ac6.mcu.externaltools.arm-none.win32_1.17.0.201812190825/tools/compiler/bin/../lib/gcc/arm-none-eabi/7.3.1/thumb/v7e-m/fpv4-sp/hard/crtn.o
                0x0800b0a4                . = ALIGN (0x4)
                0x0800b0a4                _etext = .

.vfp11_veneer   0x0800b0a4        0x0
 .vfp11_veneer  0x0800b0a4        0x0 linker stubs

.v4_bx          0x0800b0a4        0x0
 .v4_bx         0x0800b0a4        0x0 linker stubs

.iplt           0x0800b0a4        0x0
 .iplt          0x0800b0a4        0x0 c:/ac6/systemworkbench/plugins/fr.ac6.mcu.externaltools.arm-none.win32_1.17.0.201812190825/tools/compiler/bin/../lib/gcc/arm-none-eabi/7.3.1/thumb/v7e-m/fpv4-sp/hard/crtbegin.o

.rodata         0x0800b0a8      0x3e8
                0x0800b0a8                . = ALIGN (0x4)
 *(.rodata)
 .rodata        0x0800b0a8        0x5 ThirdParty/FreeRTOS/org/Source/tasks.o
 *fill*         0x0800b0ad        0x3 
 .rodata        0x0800b0b0        0xd ThirdParty/FreeRTOS/org/Source/timers.o
 *fill*         0x0800b0bd        0x3 
 .rodata        0x0800b0c0       0x45 ThirdParty/Segger/Config/SEGGER_SYSVIEW_Config_FreeRTOS.o
 *fill*         0x0800b105        0x3 
 .rodata        0x0800b108       0x60 ThirdParty/Segger/OS/SEGGER_SYSVIEW_FreeRTOS.o
                0x0800b160                SYSVIEW_X_OS_TraceAPI
 .rodata        0x0800b168       0x17 ThirdParty/Segger/Segger/SEGGER_RTT.o
 *fill*         0x0800b17f        0x1 
 .rodata        0x0800b180       0x24 ThirdParty/Segger/Segger/SEGGER_SYSVIEW.o
 .rodata        0x0800b1a4       0x20 src/AppCommands.o
                0x0800b1a4                ExecFunctionTable
 .rodata        0x0800b1c4       0x10 src/HostTask.o
 .rodata        0x0800b1d4       0x14 src/MotorControl.o
                0x0800b1d4                bMotorState
 .rodata        0x0800b1e8       0x19 src/main.o
 *(.rodata*)
 *fill*         0x0800b201        0x3 
 .rodata._global_impure_ptr
                0x0800b204        0x4 c:/ac6/systemworkbench/plugins/fr.ac6.mcu.externaltools.arm-none.win32_1.17.0.201812190825/tools/compiler/bin/../lib/gcc/arm-none-eabi/7.3.1/../../../../arm-none-eabi/lib/thumb/v7e-m/fpv4-sp/hard\libc.a(lib_a-impure.o)
                0x0800b204                _global_impure_ptr
 .rodata._svfprintf_r.str1.4
                0x0800b208       0x42 c:/ac6/systemworkbench/plugins/fr.ac6.mcu.externaltools.arm-none.win32_1.17.0.201812190825/tools/compiler/bin/../lib/gcc/arm-none-eabi/7.3.1/../../../../arm-none-eabi/lib/thumb/v7e-m/fpv4-sp/hard\libc.a(lib_a-svfprintf.o)
 *fill*         0x0800b24a        0x2 
 .rodata.blanks.8590
                0x0800b24c       0x10 c:/ac6/systemworkbench/plugins/fr.ac6.mcu.externaltools.arm-none.win32_1.17.0.201812190825/tools/compiler/bin/../lib/gcc/arm-none-eabi/7.3.1/../../../../arm-none-eabi/lib/thumb/v7e-m/fpv4-sp/hard\libc.a(lib_a-svfprintf.o)
 .rodata.zeroes.8591
                0x0800b25c       0x10 c:/ac6/systemworkbench/plugins/fr.ac6.mcu.externaltools.arm-none.win32_1.17.0.201812190825/tools/compiler/bin/../lib/gcc/arm-none-eabi/7.3.1/../../../../arm-none-eabi/lib/thumb/v7e-m/fpv4-sp/hard\libc.a(lib_a-svfprintf.o)
 .rodata._dtoa_r.str1.4
                0x0800b26c       0x10 c:/ac6/systemworkbench/plugins/fr.ac6.mcu.externaltools.arm-none.win32_1.17.0.201812190825/tools/compiler/bin/../lib/gcc/arm-none-eabi/7.3.1/../../../../arm-none-eabi/lib/thumb/v7e-m/fpv4-sp/hard\libc.a(lib_a-dtoa.o)
                                 0x12 (size before relaxing)
 *fill*         0x0800b27c        0x4 
 .rodata.__mprec_bigtens
                0x0800b280       0x28 c:/ac6/systemworkbench/plugins/fr.ac6.mcu.externaltools.arm-none.win32_1.17.0.201812190825/tools/compiler/bin/../lib/gcc/arm-none-eabi/7.3.1/../../../../arm-none-eabi/lib/thumb/v7e-m/fpv4-sp/hard\libc.a(lib_a-mprec.o)
                0x0800b280                __mprec_bigtens
 .rodata.__mprec_tens
                0x0800b2a8       0xc8 c:/ac6/systemworkbench/plugins/fr.ac6.mcu.externaltools.arm-none.win32_1.17.0.201812190825/tools/compiler/bin/../lib/gcc/arm-none-eabi/7.3.1/../../../../arm-none-eabi/lib/thumb/v7e-m/fpv4-sp/hard\libc.a(lib_a-mprec.o)
                0x0800b2a8                __mprec_tens
 .rodata.p05.7367
                0x0800b370        0xc c:/ac6/systemworkbench/plugins/fr.ac6.mcu.externaltools.arm-none.win32_1.17.0.201812190825/tools/compiler/bin/../lib/gcc/arm-none-eabi/7.3.1/../../../../arm-none-eabi/lib/thumb/v7e-m/fpv4-sp/hard\libc.a(lib_a-mprec.o)
 .rodata._setlocale_r.str1.4
                0x0800b37c        0xa c:/ac6/systemworkbench/plugins/fr.ac6.mcu.externaltools.arm-none.win32_1.17.0.201812190825/tools/compiler/bin/../lib/gcc/arm-none-eabi/7.3.1/../../../../arm-none-eabi/lib/thumb/v7e-m/fpv4-sp/hard\libc.a(lib_a-locale.o)
                                  0xd (size before relaxing)
 *fill*         0x0800b386        0x2 
 .rodata.str1.4
                0x0800b388        0x4 c:/ac6/systemworkbench/plugins/fr.ac6.mcu.externaltools.arm-none.win32_1.17.0.201812190825/tools/compiler/bin/../lib/gcc/arm-none-eabi/7.3.1/../../../../arm-none-eabi/lib/thumb/v7e-m/fpv4-sp/hard\libc.a(lib_a-locale.o)
                                  0x2 (size before relaxing)
 .rodata._ctype_
                0x0800b38c      0x101 c:/ac6/systemworkbench/plugins/fr.ac6.mcu.externaltools.arm-none.win32_1.17.0.201812190825/tools/compiler/bin/../lib/gcc/arm-none-eabi/7.3.1/../../../../arm-none-eabi/lib/thumb/v7e-m/fpv4-sp/hard\libc.a(lib_a-ctype_.o)
                0x0800b38c                _ctype_
                0x0800b490                . = ALIGN (0x4)
 *fill*         0x0800b48d        0x3 

.ARM.extab      0x0800b490        0x0
                0x0800b490                . = ALIGN (0x4)
 *(.ARM.extab* .gnu.linkonce.armextab.*)
                0x0800b490                . = ALIGN (0x4)

.ARM            0x0800b490        0x8
                0x0800b490                . = ALIGN (0x4)
                0x0800b490                __exidx_start = .
 *(.ARM.exidx*)
 .ARM.exidx     0x0800b490        0x8 c:/ac6/systemworkbench/plugins/fr.ac6.mcu.externaltools.arm-none.win32_1.17.0.201812190825/tools/compiler/bin/../lib/gcc/arm-none-eabi/7.3.1/thumb/v7e-m/fpv4-sp/hard\libgcc.a(_udivmoddi4.o)
                0x0800b498                __exidx_end = .
                0x0800b498                . = ALIGN (0x4)

.rel.dyn        0x0800b498        0x0
 .rel.iplt      0x0800b498        0x0 c:/ac6/systemworkbench/plugins/fr.ac6.mcu.externaltools.arm-none.win32_1.17.0.201812190825/tools/compiler/bin/../lib/gcc/arm-none-eabi/7.3.1/thumb/v7e-m/fpv4-sp/hard/crtbegin.o

.preinit_array  0x0800b498        0x0
                0x0800b498                . = ALIGN (0x4)
                0x0800b498                PROVIDE (__preinit_array_start = .)
 *(.preinit_array*)
                0x0800b498                PROVIDE (__preinit_array_end = .)
                0x0800b498                . = ALIGN (0x4)

.init_array     0x0800b498        0x8
                0x0800b498                . = ALIGN (0x4)
                0x0800b498                PROVIDE (__init_array_start = .)
 *(SORT_BY_NAME(.init_array.*))
 .init_array.00000
                0x0800b498        0x4 c:/ac6/systemworkbench/plugins/fr.ac6.mcu.externaltools.arm-none.win32_1.17.0.201812190825/tools/compiler/bin/../lib/gcc/arm-none-eabi/7.3.1/../../../../arm-none-eabi/lib/thumb/v7e-m/fpv4-sp/hard\libc.a(lib_a-__call_atexit.o)
 *(.init_array*)
 .init_array    0x0800b49c        0x4 c:/ac6/systemworkbench/plugins/fr.ac6.mcu.externaltools.arm-none.win32_1.17.0.201812190825/tools/compiler/bin/../lib/gcc/arm-none-eabi/7.3.1/thumb/v7e-m/fpv4-sp/hard/crtbegin.o
                0x0800b4a0                PROVIDE (__init_array_end = .)
                0x0800b4a0                . = ALIGN (0x4)

.fini_array     0x0800b4a0        0x4
                0x0800b4a0                . = ALIGN (0x4)
                0x0800b4a0                PROVIDE (__fini_array_start = .)
 *(SORT_BY_NAME(.fini_array.*))
 *(.fini_array*)
 .fini_array    0x0800b4a0        0x4 c:/ac6/systemworkbench/plugins/fr.ac6.mcu.externaltools.arm-none.win32_1.17.0.201812190825/tools/compiler/bin/../lib/gcc/arm-none-eabi/7.3.1/thumb/v7e-m/fpv4-sp/hard/crtbegin.o
                0x0800b4a4                PROVIDE (__fini_array_end = .)
                0x0800b4a4                . = ALIGN (0x4)
                0x0800b4a4                _sidata = LOADADDR (.data)

.data           0x20000000      0xa44 load address 0x0800b4a4
                0x20000000                . = ALIGN (0x4)
                0x20000000                _sdata = .
 *(.data)
 .data          0x20000000       0x10 StdPeriph_Driver/src/stm32f4xx_rcc.o
 .data          0x20000010        0x4 ThirdParty/FreeRTOS/org/Source/portable/GCC/ARM_CM4F/port.o
 .data          0x20000014       0x40 src/HostTask.o
                0x20000014                HostCommandTable
 .data          0x20000054       0x28 src/asic.o
                0x20000054                sFLASH
                0x20000058                sPWR
                0x2000005c                sTIM2
                0x20000060                sTIM3
                0x20000064                sTIM4
                0x20000068                sTIM5
                0x2000006c                sGPIOA
                0x20000070                sGPIOB
                0x20000074                sGPIOC
                0x20000078                sRCC
 .data          0x2000007c       0x14 src/system_stm32f4xx.o
                0x2000007c                SystemCoreClock
                0x20000080                AHBPrescTable
 *(.data*)
 .data._impure_ptr
                0x20000090        0x4 c:/ac6/systemworkbench/plugins/fr.ac6.mcu.externaltools.arm-none.win32_1.17.0.201812190825/tools/compiler/bin/../lib/gcc/arm-none-eabi/7.3.1/../../../../arm-none-eabi/lib/thumb/v7e-m/fpv4-sp/hard\libc.a(lib_a-impure.o)
                0x20000090                _impure_ptr
 *fill*         0x20000094        0x4 
 .data.impure_data
                0x20000098      0x428 c:/ac6/systemworkbench/plugins/fr.ac6.mcu.externaltools.arm-none.win32_1.17.0.201812190825/tools/compiler/bin/../lib/gcc/arm-none-eabi/7.3.1/../../../../arm-none-eabi/lib/thumb/v7e-m/fpv4-sp/hard\libc.a(lib_a-impure.o)
 .data.__atexit_recursive_mutex
                0x200004c0        0x4 c:/ac6/systemworkbench/plugins/fr.ac6.mcu.externaltools.arm-none.win32_1.17.0.201812190825/tools/compiler/bin/../lib/gcc/arm-none-eabi/7.3.1/../../../../arm-none-eabi/lib/thumb/v7e-m/fpv4-sp/hard\libc.a(lib_a-__call_atexit.o)
                0x200004c0                __atexit_recursive_mutex
 .data.__heap_limit
                0x200004c4        0x4 c:/ac6/systemworkbench/plugins/fr.ac6.mcu.externaltools.arm-none.win32_1.17.0.201812190825/tools/compiler/bin/../lib/gcc/arm-none-eabi/7.3.1/../../../../arm-none-eabi/lib/thumb/v7e-m/fpv4-sp/hard\librdimon.a(rdimon-syscalls.o)
                0x200004c4                __heap_limit
 .data.__malloc_av_
                0x200004c8      0x408 c:/ac6/systemworkbench/plugins/fr.ac6.mcu.externaltools.arm-none.win32_1.17.0.201812190825/tools/compiler/bin/../lib/gcc/arm-none-eabi/7.3.1/../../../../arm-none-eabi/lib/thumb/v7e-m/fpv4-sp/hard\libc.a(lib_a-mallocr.o)
                0x200004c8                __malloc_av_
 .data.__malloc_sbrk_base
                0x200008d0        0x4 c:/ac6/systemworkbench/plugins/fr.ac6.mcu.externaltools.arm-none.win32_1.17.0.201812190825/tools/compiler/bin/../lib/gcc/arm-none-eabi/7.3.1/../../../../arm-none-eabi/lib/thumb/v7e-m/fpv4-sp/hard\libc.a(lib_a-mallocr.o)
                0x200008d0                __malloc_sbrk_base
 .data.__malloc_trim_threshold
                0x200008d4        0x4 c:/ac6/systemworkbench/plugins/fr.ac6.mcu.externaltools.arm-none.win32_1.17.0.201812190825/tools/compiler/bin/../lib/gcc/arm-none-eabi/7.3.1/../../../../arm-none-eabi/lib/thumb/v7e-m/fpv4-sp/hard\libc.a(lib_a-mallocr.o)
                0x200008d4                __malloc_trim_threshold
 .data.__global_locale
                0x200008d8      0x16c c:/ac6/systemworkbench/plugins/fr.ac6.mcu.externaltools.arm-none.win32_1.17.0.201812190825/tools/compiler/bin/../lib/gcc/arm-none-eabi/7.3.1/../../../../arm-none-eabi/lib/thumb/v7e-m/fpv4-sp/hard\libc.a(lib_a-locale.o)
                0x200008d8                __global_locale
                0x20000a44                . = ALIGN (0x4)
                0x20000a44                _edata = .

.igot.plt       0x20000a44        0x0 load address 0x0800bee8
 .igot.plt      0x20000a44        0x0 c:/ac6/systemworkbench/plugins/fr.ac6.mcu.externaltools.arm-none.win32_1.17.0.201812190825/tools/compiler/bin/../lib/gcc/arm-none-eabi/7.3.1/thumb/v7e-m/fpv4-sp/hard/crtbegin.o
                0x20000a44                . = ALIGN (0x4)

.bss            0x20000a44    0x12da4 load address 0x0800bee8
                0x20000a44                _sbss = .
                0x20000a44                __bss_start__ = _sbss
 *(.bss)
 .bss           0x20000a44       0x1c c:/ac6/systemworkbench/plugins/fr.ac6.mcu.externaltools.arm-none.win32_1.17.0.201812190825/tools/compiler/bin/../lib/gcc/arm-none-eabi/7.3.1/thumb/v7e-m/fpv4-sp/hard/crtbegin.o
 .bss           0x20000a60      0x104 ThirdParty/FreeRTOS/org/Source/tasks.o
                0x20000a60                pxCurrentTCB
 .bss           0x20000b64       0x3c ThirdParty/FreeRTOS/org/Source/timers.o
 .bss           0x20000ba0        0x8 ThirdParty/FreeRTOS/org/Source/portable/GCC/ARM_CM4F/port.o
 .bss           0x20000ba8    0x10420 ThirdParty/FreeRTOS/org/Source/portable/MemMang/heap_4.o
 .bss           0x20010fc8       0xa4 ThirdParty/Segger/OS/SEGGER_SYSVIEW_FreeRTOS.o
 .bss           0x2001106c      0x411 ThirdParty/Segger/Segger/SEGGER_RTT.o
 *fill*         0x2001147d        0x3 
 .bss           0x20011480     0x211b ThirdParty/Segger/Segger/SEGGER_SYSVIEW.o
 *fill*         0x2001359b        0x1 
 .bss           0x2001359c        0xc src/HostTask.o
 .bss           0x200135a8        0x8 src/main.o
                0x200135a8                xTaskHandler
 *(.bss*)
 .bss.heap_end.7535
                0x200135b0        0x4 c:/ac6/systemworkbench/plugins/fr.ac6.mcu.externaltools.arm-none.win32_1.17.0.201812190825/tools/compiler/bin/../lib/gcc/arm-none-eabi/7.3.1/../../../../arm-none-eabi/lib/thumb/v7e-m/fpv4-sp/hard\librdimon.a(rdimon-syscalls.o)
 .bss.__malloc_current_mallinfo
                0x200135b4       0x28 c:/ac6/systemworkbench/plugins/fr.ac6.mcu.externaltools.arm-none.win32_1.17.0.201812190825/tools/compiler/bin/../lib/gcc/arm-none-eabi/7.3.1/../../../../arm-none-eabi/lib/thumb/v7e-m/fpv4-sp/hard\libc.a(lib_a-mallocr.o)
                0x200135b4                __malloc_current_mallinfo
 .bss.__malloc_max_sbrked_mem
                0x200135dc        0x4 c:/ac6/systemworkbench/plugins/fr.ac6.mcu.externaltools.arm-none.win32_1.17.0.201812190825/tools/compiler/bin/../lib/gcc/arm-none-eabi/7.3.1/../../../../arm-none-eabi/lib/thumb/v7e-m/fpv4-sp/hard\libc.a(lib_a-mallocr.o)
                0x200135dc                __malloc_max_sbrked_mem
 .bss.__malloc_max_total_mem
                0x200135e0        0x4 c:/ac6/systemworkbench/plugins/fr.ac6.mcu.externaltools.arm-none.win32_1.17.0.201812190825/tools/compiler/bin/../lib/gcc/arm-none-eabi/7.3.1/../../../../arm-none-eabi/lib/thumb/v7e-m/fpv4-sp/hard\libc.a(lib_a-mallocr.o)
                0x200135e0                __malloc_max_total_mem
 .bss.__malloc_top_pad
                0x200135e4        0x4 c:/ac6/systemworkbench/plugins/fr.ac6.mcu.externaltools.arm-none.win32_1.17.0.201812190825/tools/compiler/bin/../lib/gcc/arm-none-eabi/7.3.1/../../../../arm-none-eabi/lib/thumb/v7e-m/fpv4-sp/hard\libc.a(lib_a-mallocr.o)
                0x200135e4                __malloc_top_pad
 *(COMMON)
 COMMON         0x200135e8       0x21 c:/ac6/systemworkbench/plugins/fr.ac6.mcu.externaltools.arm-none.win32_1.17.0.201812190825/tools/compiler/bin/../lib/gcc/arm-none-eabi/7.3.1/../../../../arm-none-eabi/lib/thumb/v7e-m/fpv4-sp/hard\libc.a(lib_a-lock.o)
                0x200135e8                __lock___atexit_recursive_mutex
                0x200135ec                __lock___arc4random_mutex
                0x200135f0                __lock___env_recursive_mutex
                0x200135f4                __lock___sinit_recursive_mutex
                0x200135f8                __lock___malloc_recursive_mutex
                0x200135fc                __lock___at_quick_exit_mutex
                0x20013600                __lock___dd_hash_mutex
                0x20013604                __lock___tz_mutex
                0x20013608                __lock___sfp_recursive_mutex
 *fill*         0x20013609        0x3 
 COMMON         0x2001360c       0x40 ThirdParty/FreeRTOS/org/Source/queue.o
                0x2001360c                xQueueRegistry
 COMMON         0x2001364c       0xa8 ThirdParty/Segger/Segger/SEGGER_RTT.o
                0x2001364c                _SEGGER_RTT
 COMMON         0x200136f4        0x1 src/distanceMeasure.o
                0x200136f4                objDistance
 *fill*         0x200136f5        0x3 
 COMMON         0x200136f8       0xe4 src/haL_uart.o
                0x200136f8                UartReceiver
                0x20013708                UartTransmitter
                0x20013714                buf
 COMMON         0x200137dc        0x8 src/main.o
                0x200137dc                xTaskQueue
                0x200137e0                xEventFlag
 COMMON         0x200137e4        0x4 c:/ac6/systemworkbench/plugins/fr.ac6.mcu.externaltools.arm-none.win32_1.17.0.201812190825/tools/compiler/bin/../lib/gcc/arm-none-eabi/7.3.1/../../../../arm-none-eabi/lib/thumb/v7e-m/fpv4-sp/hard\libc.a(lib_a-reent.o)
                0x200137e4                errno
                0x200137e8                . = ALIGN (0x4)
                0x200137e8                _ebss = .
                0x200137e8                __bss_end__ = _ebss

._user_heap_stack
                0x200137e8      0x400 load address 0x0800bee8
                0x200137e8                . = ALIGN (0x8)
                0x200137e8                PROVIDE (end = .)
                [!provide]                PROVIDE (_end = .)
                0x200137e8                . = (. + _Min_Heap_Size)
                0x20013be8                . = (. + _Min_Stack_Size)
 *fill*         0x200137e8      0x400 
                0x20013be8                . = ALIGN (0x8)

/DISCARD/
 libc.a(*)
 libm.a(*)
 libgcc.a(*)

.ARM.attributes
                0x00000000       0x30
 *(.ARM.attributes)
 .ARM.attributes
                0x00000000       0x22 c:/ac6/systemworkbench/plugins/fr.ac6.mcu.externaltools.arm-none.win32_1.17.0.201812190825/tools/compiler/bin/../lib/gcc/arm-none-eabi/7.3.1/thumb/v7e-m/fpv4-sp/hard/crti.o
 .ARM.attributes
                0x00000022       0x34 c:/ac6/systemworkbench/plugins/fr.ac6.mcu.externaltools.arm-none.win32_1.17.0.201812190825/tools/compiler/bin/../lib/gcc/arm-none-eabi/7.3.1/thumb/v7e-m/fpv4-sp/hard/crtbegin.o
 .ARM.attributes
                0x00000056       0x34 c:/ac6/systemworkbench/plugins/fr.ac6.mcu.externaltools.arm-none.win32_1.17.0.201812190825/tools/compiler/bin/../lib/gcc/arm-none-eabi/7.3.1/../../../../arm-none-eabi/lib/thumb/v7e-m/fpv4-sp/hard\libc.a(lib_a-impure.o)
 .ARM.attributes
                0x0000008a       0x34 c:/ac6/systemworkbench/plugins/fr.ac6.mcu.externaltools.arm-none.win32_1.17.0.201812190825/tools/compiler/bin/../lib/gcc/arm-none-eabi/7.3.1/../../../../arm-none-eabi/lib/thumb/v7e-m/fpv4-sp/hard\libc.a(lib_a-init.o)
 .ARM.attributes
                0x000000be       0x34 c:/ac6/systemworkbench/plugins/fr.ac6.mcu.externaltools.arm-none.win32_1.17.0.201812190825/tools/compiler/bin/../lib/gcc/arm-none-eabi/7.3.1/../../../../arm-none-eabi/lib/thumb/v7e-m/fpv4-sp/hard\libc.a(lib_a-memset.o)
 .ARM.attributes
                0x000000f2       0x34 c:/ac6/systemworkbench/plugins/fr.ac6.mcu.externaltools.arm-none.win32_1.17.0.201812190825/tools/compiler/bin/../lib/gcc/arm-none-eabi/7.3.1/../../../../arm-none-eabi/lib/thumb/v7e-m/fpv4-sp/hard\libc.a(lib_a-__call_atexit.o)
 .ARM.attributes
                0x00000126       0x34 c:/ac6/systemworkbench/plugins/fr.ac6.mcu.externaltools.arm-none.win32_1.17.0.201812190825/tools/compiler/bin/../lib/gcc/arm-none-eabi/7.3.1/../../../../arm-none-eabi/lib/thumb/v7e-m/fpv4-sp/hard\libc.a(lib_a-atexit.o)
 .ARM.attributes
                0x0000015a       0x34 c:/ac6/systemworkbench/plugins/fr.ac6.mcu.externaltools.arm-none.win32_1.17.0.201812190825/tools/compiler/bin/../lib/gcc/arm-none-eabi/7.3.1/../../../../arm-none-eabi/lib/thumb/v7e-m/fpv4-sp/hard\libc.a(lib_a-fini.o)
 .ARM.attributes
                0x0000018e       0x34 c:/ac6/systemworkbench/plugins/fr.ac6.mcu.externaltools.arm-none.win32_1.17.0.201812190825/tools/compiler/bin/../lib/gcc/arm-none-eabi/7.3.1/../../../../arm-none-eabi/lib/thumb/v7e-m/fpv4-sp/hard\libc.a(lib_a-lock.o)
 .ARM.attributes
                0x000001c2       0x34 c:/ac6/systemworkbench/plugins/fr.ac6.mcu.externaltools.arm-none.win32_1.17.0.201812190825/tools/compiler/bin/../lib/gcc/arm-none-eabi/7.3.1/../../../../arm-none-eabi/lib/thumb/v7e-m/fpv4-sp/hard\libc.a(lib_a-__atexit.o)
 .ARM.attributes
                0x000001f6       0x34 c:/ac6/systemworkbench/plugins/fr.ac6.mcu.externaltools.arm-none.win32_1.17.0.201812190825/tools/compiler/bin/../lib/gcc/arm-none-eabi/7.3.1/../../../../arm-none-eabi/lib/thumb/v7e-m/fpv4-sp/hard\librdimon.a(rdimon-syscalls.o)
 .ARM.attributes
                0x0000022a       0x39 StdPeriph_Driver/src/stm32f4xx_exti.o
 .ARM.attributes
                0x00000263       0x39 StdPeriph_Driver/src/stm32f4xx_gpio.o
 .ARM.attributes
                0x0000029c       0x39 StdPeriph_Driver/src/stm32f4xx_rcc.o
 .ARM.attributes
                0x000002d5       0x39 StdPeriph_Driver/src/stm32f4xx_syscfg.o
 .ARM.attributes
                0x0000030e       0x39 StdPeriph_Driver/src/stm32f4xx_usart.o
 .ARM.attributes
                0x00000347       0x39 ThirdParty/FreeRTOS/org/Source/event_groups.o
 .ARM.attributes
                0x00000380       0x39 ThirdParty/FreeRTOS/org/Source/list.o
 .ARM.attributes
                0x000003b9       0x39 ThirdParty/FreeRTOS/org/Source/queue.o
 .ARM.attributes
                0x000003f2       0x39 ThirdParty/FreeRTOS/org/Source/tasks.o
 .ARM.attributes
                0x0000042b       0x39 ThirdParty/FreeRTOS/org/Source/timers.o
 .ARM.attributes
                0x00000464       0x39 ThirdParty/FreeRTOS/org/Source/portable/GCC/ARM_CM4F/port.o
 .ARM.attributes
                0x0000049d       0x39 ThirdParty/FreeRTOS/org/Source/portable/MemMang/heap_4.o
 .ARM.attributes
                0x000004d6       0x39 ThirdParty/Segger/Config/SEGGER_SYSVIEW_Config_FreeRTOS.o
 .ARM.attributes
                0x0000050f       0x39 ThirdParty/Segger/OS/SEGGER_SYSVIEW_FreeRTOS.o
 .ARM.attributes
                0x00000548       0x39 ThirdParty/Segger/Segger/SEGGER_RTT.o
 .ARM.attributes
                0x00000581       0x25 ThirdParty/Segger/Segger/SEGGER_RTT_ASM_ARMv7M.o
 .ARM.attributes
                0x000005a6       0x39 ThirdParty/Segger/Segger/SEGGER_SYSVIEW.o
 .ARM.attributes
                0x000005df       0x39 src/AppCommands.o
 .ARM.attributes
                0x00000618       0x39 src/HostTask.o
 .ARM.attributes
                0x00000651       0x39 src/Interrupt_Handlers.o
 .ARM.attributes
                0x0000068a       0x39 src/MotorControl.o
 .ARM.attributes
                0x000006c3       0x39 src/UartAPI.o
 .ARM.attributes
                0x000006fc       0x39 src/asic.o
 .ARM.attributes
                0x00000735       0x39 src/distanceMeasure.o
 .ARM.attributes
                0x0000076e       0x39 src/haL_uart.o
 .ARM.attributes
                0x000007a7       0x39 src/hal_gpio.o
 .ARM.attributes
                0x000007e0       0x39 src/hal_interrupt.o
 .ARM.attributes
                0x00000819       0x39 src/hal_timer.o
 .ARM.attributes
                0x00000852       0x39 src/main.o
 .ARM.attributes
                0x0000088b       0x39 src/system_stm32f4xx.o
 .ARM.attributes
                0x000008c4       0x21 startup/startup_stm32.o
 .ARM.attributes
                0x000008e5       0x34 c:/ac6/systemworkbench/plugins/fr.ac6.mcu.externaltools.arm-none.win32_1.17.0.201812190825/tools/compiler/bin/../lib/gcc/arm-none-eabi/7.3.1/../../../../arm-none-eabi/lib/thumb/v7e-m/fpv4-sp/hard\libc.a(lib_a-errno.o)
 .ARM.attributes
                0x00000919       0x34 c:/ac6/systemworkbench/plugins/fr.ac6.mcu.externaltools.arm-none.win32_1.17.0.201812190825/tools/compiler/bin/../lib/gcc/arm-none-eabi/7.3.1/../../../../arm-none-eabi/lib/thumb/v7e-m/fpv4-sp/hard\libc.a(lib_a-mallocr.o)
 .ARM.attributes
                0x0000094d       0x34 c:/ac6/systemworkbench/plugins/fr.ac6.mcu.externaltools.arm-none.win32_1.17.0.201812190825/tools/compiler/bin/../lib/gcc/arm-none-eabi/7.3.1/../../../../arm-none-eabi/lib/thumb/v7e-m/fpv4-sp/hard\libc.a(lib_a-memcmp.o)
 .ARM.attributes
                0x00000981       0x20 c:/ac6/systemworkbench/plugins/fr.ac6.mcu.externaltools.arm-none.win32_1.17.0.201812190825/tools/compiler/bin/../lib/gcc/arm-none-eabi/7.3.1/../../../../arm-none-eabi/lib/thumb/v7e-m/fpv4-sp/hard\libc.a(lib_a-memcpy.o)
 .ARM.attributes
                0x000009a1       0x34 c:/ac6/systemworkbench/plugins/fr.ac6.mcu.externaltools.arm-none.win32_1.17.0.201812190825/tools/compiler/bin/../lib/gcc/arm-none-eabi/7.3.1/../../../../arm-none-eabi/lib/thumb/v7e-m/fpv4-sp/hard\libc.a(lib_a-mlock.o)
 .ARM.attributes
                0x000009d5       0x34 c:/ac6/systemworkbench/plugins/fr.ac6.mcu.externaltools.arm-none.win32_1.17.0.201812190825/tools/compiler/bin/../lib/gcc/arm-none-eabi/7.3.1/../../../../arm-none-eabi/lib/thumb/v7e-m/fpv4-sp/hard\libc.a(lib_a-sbrkr.o)
 .ARM.attributes
                0x00000a09       0x34 c:/ac6/systemworkbench/plugins/fr.ac6.mcu.externaltools.arm-none.win32_1.17.0.201812190825/tools/compiler/bin/../lib/gcc/arm-none-eabi/7.3.1/../../../../arm-none-eabi/lib/thumb/v7e-m/fpv4-sp/hard\libc.a(lib_a-sprintf.o)
 .ARM.attributes
                0x00000a3d       0x20 c:/ac6/systemworkbench/plugins/fr.ac6.mcu.externaltools.arm-none.win32_1.17.0.201812190825/tools/compiler/bin/../lib/gcc/arm-none-eabi/7.3.1/../../../../arm-none-eabi/lib/thumb/v7e-m/fpv4-sp/hard\libc.a(lib_a-strlen.o)
 .ARM.attributes
                0x00000a5d       0x34 c:/ac6/systemworkbench/plugins/fr.ac6.mcu.externaltools.arm-none.win32_1.17.0.201812190825/tools/compiler/bin/../lib/gcc/arm-none-eabi/7.3.1/../../../../arm-none-eabi/lib/thumb/v7e-m/fpv4-sp/hard\libc.a(lib_a-svfprintf.o)
 .ARM.attributes
                0x00000a91       0x34 c:/ac6/systemworkbench/plugins/fr.ac6.mcu.externaltools.arm-none.win32_1.17.0.201812190825/tools/compiler/bin/../lib/gcc/arm-none-eabi/7.3.1/../../../../arm-none-eabi/lib/thumb/v7e-m/fpv4-sp/hard\libc.a(lib_a-dtoa.o)
 .ARM.attributes
                0x00000ac5       0x34 c:/ac6/systemworkbench/plugins/fr.ac6.mcu.externaltools.arm-none.win32_1.17.0.201812190825/tools/compiler/bin/../lib/gcc/arm-none-eabi/7.3.1/../../../../arm-none-eabi/lib/thumb/v7e-m/fpv4-sp/hard\libc.a(lib_a-freer.o)
 .ARM.attributes
                0x00000af9       0x34 c:/ac6/systemworkbench/plugins/fr.ac6.mcu.externaltools.arm-none.win32_1.17.0.201812190825/tools/compiler/bin/../lib/gcc/arm-none-eabi/7.3.1/../../../../arm-none-eabi/lib/thumb/v7e-m/fpv4-sp/hard\libc.a(lib_a-localeconv.o)
 .ARM.attributes
                0x00000b2d       0x20 c:/ac6/systemworkbench/plugins/fr.ac6.mcu.externaltools.arm-none.win32_1.17.0.201812190825/tools/compiler/bin/../lib/gcc/arm-none-eabi/7.3.1/../../../../arm-none-eabi/lib/thumb/v7e-m/fpv4-sp/hard\libc.a(lib_a-memchr.o)
 .ARM.attributes
                0x00000b4d       0x34 c:/ac6/systemworkbench/plugins/fr.ac6.mcu.externaltools.arm-none.win32_1.17.0.201812190825/tools/compiler/bin/../lib/gcc/arm-none-eabi/7.3.1/../../../../arm-none-eabi/lib/thumb/v7e-m/fpv4-sp/hard\libc.a(lib_a-mprec.o)
 .ARM.attributes
                0x00000b81       0x34 c:/ac6/systemworkbench/plugins/fr.ac6.mcu.externaltools.arm-none.win32_1.17.0.201812190825/tools/compiler/bin/../lib/gcc/arm-none-eabi/7.3.1/../../../../arm-none-eabi/lib/thumb/v7e-m/fpv4-sp/hard\libc.a(lib_a-reent.o)
 .ARM.attributes
                0x00000bb5       0x34 c:/ac6/systemworkbench/plugins/fr.ac6.mcu.externaltools.arm-none.win32_1.17.0.201812190825/tools/compiler/bin/../lib/gcc/arm-none-eabi/7.3.1/../../../../arm-none-eabi/lib/thumb/v7e-m/fpv4-sp/hard\libc.a(lib_a-s_frexp.o)
 .ARM.attributes
                0x00000be9       0x34 c:/ac6/systemworkbench/plugins/fr.ac6.mcu.externaltools.arm-none.win32_1.17.0.201812190825/tools/compiler/bin/../lib/gcc/arm-none-eabi/7.3.1/../../../../arm-none-eabi/lib/thumb/v7e-m/fpv4-sp/hard\libc.a(lib_a-strncpy.o)
 .ARM.attributes
                0x00000c1d       0x34 c:/ac6/systemworkbench/plugins/fr.ac6.mcu.externaltools.arm-none.win32_1.17.0.201812190825/tools/compiler/bin/../lib/gcc/arm-none-eabi/7.3.1/../../../../arm-none-eabi/lib/thumb/v7e-m/fpv4-sp/hard\libc.a(lib_a-svfiprintf.o)
 .ARM.attributes
                0x00000c51       0x34 c:/ac6/systemworkbench/plugins/fr.ac6.mcu.externaltools.arm-none.win32_1.17.0.201812190825/tools/compiler/bin/../lib/gcc/arm-none-eabi/7.3.1/../../../../arm-none-eabi/lib/thumb/v7e-m/fpv4-sp/hard\libc.a(lib_a-callocr.o)
 .ARM.attributes
                0x00000c85       0x34 c:/ac6/systemworkbench/plugins/fr.ac6.mcu.externaltools.arm-none.win32_1.17.0.201812190825/tools/compiler/bin/../lib/gcc/arm-none-eabi/7.3.1/../../../../arm-none-eabi/lib/thumb/v7e-m/fpv4-sp/hard\libc.a(lib_a-locale.o)
 .ARM.attributes
                0x00000cb9       0x34 c:/ac6/systemworkbench/plugins/fr.ac6.mcu.externaltools.arm-none.win32_1.17.0.201812190825/tools/compiler/bin/../lib/gcc/arm-none-eabi/7.3.1/../../../../arm-none-eabi/lib/thumb/v7e-m/fpv4-sp/hard\libc.a(lib_a-mbtowc_r.o)
 .ARM.attributes
                0x00000ced       0x34 c:/ac6/systemworkbench/plugins/fr.ac6.mcu.externaltools.arm-none.win32_1.17.0.201812190825/tools/compiler/bin/../lib/gcc/arm-none-eabi/7.3.1/../../../../arm-none-eabi/lib/thumb/v7e-m/fpv4-sp/hard\libc.a(lib_a-memmove.o)
 .ARM.attributes
                0x00000d21       0x34 c:/ac6/systemworkbench/plugins/fr.ac6.mcu.externaltools.arm-none.win32_1.17.0.201812190825/tools/compiler/bin/../lib/gcc/arm-none-eabi/7.3.1/../../../../arm-none-eabi/lib/thumb/v7e-m/fpv4-sp/hard\libc.a(lib_a-reallocr.o)
 .ARM.attributes
                0x00000d55       0x34 c:/ac6/systemworkbench/plugins/fr.ac6.mcu.externaltools.arm-none.win32_1.17.0.201812190825/tools/compiler/bin/../lib/gcc/arm-none-eabi/7.3.1/../../../../arm-none-eabi/lib/thumb/v7e-m/fpv4-sp/hard\libc.a(lib_a-wctomb_r.o)
 .ARM.attributes
                0x00000d89       0x34 c:/ac6/systemworkbench/plugins/fr.ac6.mcu.externaltools.arm-none.win32_1.17.0.201812190825/tools/compiler/bin/../lib/gcc/arm-none-eabi/7.3.1/../../../../arm-none-eabi/lib/thumb/v7e-m/fpv4-sp/hard\libc.a(lib_a-ctype_.o)
 .ARM.attributes
                0x00000dbd       0x22 c:/ac6/systemworkbench/plugins/fr.ac6.mcu.externaltools.arm-none.win32_1.17.0.201812190825/tools/compiler/bin/../lib/gcc/arm-none-eabi/7.3.1/thumb/v7e-m/fpv4-sp/hard\libgcc.a(_arm_addsubdf3.o)
 .ARM.attributes
                0x00000ddf       0x22 c:/ac6/systemworkbench/plugins/fr.ac6.mcu.externaltools.arm-none.win32_1.17.0.201812190825/tools/compiler/bin/../lib/gcc/arm-none-eabi/7.3.1/thumb/v7e-m/fpv4-sp/hard\libgcc.a(_arm_muldivdf3.o)
 .ARM.attributes
                0x00000e01       0x22 c:/ac6/systemworkbench/plugins/fr.ac6.mcu.externaltools.arm-none.win32_1.17.0.201812190825/tools/compiler/bin/../lib/gcc/arm-none-eabi/7.3.1/thumb/v7e-m/fpv4-sp/hard\libgcc.a(_arm_cmpdf2.o)
 .ARM.attributes
                0x00000e23       0x22 c:/ac6/systemworkbench/plugins/fr.ac6.mcu.externaltools.arm-none.win32_1.17.0.201812190825/tools/compiler/bin/../lib/gcc/arm-none-eabi/7.3.1/thumb/v7e-m/fpv4-sp/hard\libgcc.a(_arm_unorddf2.o)
 .ARM.attributes
                0x00000e45       0x22 c:/ac6/systemworkbench/plugins/fr.ac6.mcu.externaltools.arm-none.win32_1.17.0.201812190825/tools/compiler/bin/../lib/gcc/arm-none-eabi/7.3.1/thumb/v7e-m/fpv4-sp/hard\libgcc.a(_arm_fixdfsi.o)
 .ARM.attributes
                0x00000e67       0x22 c:/ac6/systemworkbench/plugins/fr.ac6.mcu.externaltools.arm-none.win32_1.17.0.201812190825/tools/compiler/bin/../lib/gcc/arm-none-eabi/7.3.1/thumb/v7e-m/fpv4-sp/hard\libgcc.a(_aeabi_uldivmod.o)
 .ARM.attributes
                0x00000e89       0x34 c:/ac6/systemworkbench/plugins/fr.ac6.mcu.externaltools.arm-none.win32_1.17.0.201812190825/tools/compiler/bin/../lib/gcc/arm-none-eabi/7.3.1/thumb/v7e-m/fpv4-sp/hard\libgcc.a(_udivmoddi4.o)
 .ARM.attributes
                0x00000ebd       0x22 c:/ac6/systemworkbench/plugins/fr.ac6.mcu.externaltools.arm-none.win32_1.17.0.201812190825/tools/compiler/bin/../lib/gcc/arm-none-eabi/7.3.1/thumb/v7e-m/fpv4-sp/hard\libgcc.a(_dvmd_tls.o)
 .ARM.attributes
                0x00000edf       0x22 c:/ac6/systemworkbench/plugins/fr.ac6.mcu.externaltools.arm-none.win32_1.17.0.201812190825/tools/compiler/bin/../lib/gcc/arm-none-eabi/7.3.1/thumb/v7e-m/fpv4-sp/hard/crtn.o
OUTPUT(STM32FreeRTOS.elf elf32-littlearm)

.debug_frame    0x00000000     0x511c
 .debug_frame   0x00000000       0x2c c:/ac6/systemworkbench/plugins/fr.ac6.mcu.externaltools.arm-none.win32_1.17.0.201812190825/tools/compiler/bin/../lib/gcc/arm-none-eabi/7.3.1/../../../../arm-none-eabi/lib/thumb/v7e-m/fpv4-sp/hard\libc.a(lib_a-init.o)
 .debug_frame   0x0000002c       0x38 c:/ac6/systemworkbench/plugins/fr.ac6.mcu.externaltools.arm-none.win32_1.17.0.201812190825/tools/compiler/bin/../lib/gcc/arm-none-eabi/7.3.1/../../../../arm-none-eabi/lib/thumb/v7e-m/fpv4-sp/hard\libc.a(lib_a-memset.o)
 .debug_frame   0x00000064       0x5c c:/ac6/systemworkbench/plugins/fr.ac6.mcu.externaltools.arm-none.win32_1.17.0.201812190825/tools/compiler/bin/../lib/gcc/arm-none-eabi/7.3.1/../../../../arm-none-eabi/lib/thumb/v7e-m/fpv4-sp/hard\libc.a(lib_a-__call_atexit.o)
 .debug_frame   0x000000c0       0x20 c:/ac6/systemworkbench/plugins/fr.ac6.mcu.externaltools.arm-none.win32_1.17.0.201812190825/tools/compiler/bin/../lib/gcc/arm-none-eabi/7.3.1/../../../../arm-none-eabi/lib/thumb/v7e-m/fpv4-sp/hard\libc.a(lib_a-atexit.o)
 .debug_frame   0x000000e0       0x34 c:/ac6/systemworkbench/plugins/fr.ac6.mcu.externaltools.arm-none.win32_1.17.0.201812190825/tools/compiler/bin/../lib/gcc/arm-none-eabi/7.3.1/../../../../arm-none-eabi/lib/thumb/v7e-m/fpv4-sp/hard\libc.a(lib_a-fini.o)
 .debug_frame   0x00000114       0xb0 c:/ac6/systemworkbench/plugins/fr.ac6.mcu.externaltools.arm-none.win32_1.17.0.201812190825/tools/compiler/bin/../lib/gcc/arm-none-eabi/7.3.1/../../../../arm-none-eabi/lib/thumb/v7e-m/fpv4-sp/hard\libc.a(lib_a-lock.o)